12-01 09:36:32.738  2183 10467 E AppOpService: 	at com.android.role.controller.model.Permissions.grantPermissionAndAppOpAsUser(Permissions.java:373)
12-01 09:36:32.738  2183 10467 E AppOpService: 	at com.android.role.controller.model.Permissions.grantSingleAsUser(Permissions.java:247)
12-01 09:36:32.738  2183 10467 E AppOpService: 	at com.android.role.controller.model.Permissions.grantAsUser(Permissions.java:205)
12-01 09:36:32.738  2183 10467 E AppOpService: 	at com.android.role.controller.model.Role.grantAsUser(Role.java:867)
12-01 09:36:32.738  2183 10467 E AppOpService: 	at com.android.role.controller.service.RoleControllerServiceImpl.addRoleHolderInternal(RoleControllerServiceImpl.java:376)
12-01 09:36:32.738  2183 10467 E AppOpService: 	at com.android.role.controller.service.RoleControllerServiceImpl.onGrantDefaultRoles(RoleControllerServiceImpl.java:163)
12-01 09:36:32.738  2183 10467 E AppOpService: 	at com.android.role.LocalRoleController.lambda$grantDefaultRoles$1(LocalRoleController.java:56)
12-01 09:36:32.738  2183 10467 E AppOpService: 	at com.android.role.LocalRoleController.$r8$lambda$ye-flP7Mf14AbTzwSmiTgndT6Cg(LocalRoleController.java:0)
12-01 09:36:32.738  2183 10467 E AppOpService: 	at com.android.role.LocalRoleController$$ExternalSyntheticLambda1.run(R8$$SyntheticClass:0)
12-01 09:36:32.738  2183 10467 E AppOpService: 	at android.os.Handler.handleCallback(Handler.java:995)
12-01 09:36:32.738  2183 10467 E AppOpService: 	at android.os.Handler.dispatchMessage(Handler.java:103)
12-01 09:36:32.738  2183 10467 E AppOpService: 	at android.os.Looper.loopOnce(Looper.java:273)
12-01 09:36:32.738  2183 10467 E AppOpService: 	at android.os.Looper.loop(Looper.java:363)
12-01 09:36:32.738  2183 10467 E AppOpService: 	at android.os.HandlerThread.run(HandlerThread.java:85)
12-01 09:36:32.857 23605 23605 E ActivityThread: Failed to find provider info for issuetracker_provider
12-01 09:36:33.977  2183  6433 E WindowManager: win=Window{65bc7b u0 com.sec.android.app.launcher/com.sec.android.app.launcher.activities.LauncherActivity} destroySurfaces: appStopped=true cleanupOnResume=false win.mWindowRemovalAllowed=false win.mRemoveOnExit=false win.mViewVisibility=8 caller=com.android.server.wm.ActivityRecord.destroySurfaces:25 com.android.server.wm.ActivityRecord.activityStopped:192 com.android.server.wm.ActivityClientController.activityStopped:97 android.app.IActivityClientController$Stub.onTransact:740 com.android.server.wm.ActivityClientController.onTransact:1 android.os.Binder.execTransactInternal:1462 android.os.Binder.execTransact:1401 
12-01 09:36:36.627  2183  5890 E TaskPersister: File error accessing recents directory (directory doesn't exist?).
12-01 09:36:44.041  2183  6080 E AppOps  : Bad call made by uid 1000. Package "com.google.android.apps.photos" does not belong to uid 1000.
12-01 09:36:46.489  2183  2787 E NotificationService: isPkgBlocked = true
12-01 09:36:46.489  2183  2787 E NotificationService: isRecordBlocked = false
12-01 09:36:46.490  2183  2787 E NotificationService: Suppressing notification from package com.healingbeat.app by user request.
12-01 09:36:50.733  2183  2667 E Watchdog: !@Sync: 34 heap(MB): 150 / 156 FD: 1199 [2025-12-01 09:36:50.733]
12-01 09:36:55.466  2183  5890 E TaskPersister: File error accessing recents directory (directory doesn't exist?).
--------- beginning of crash
12-01 09:36:56.618 23811 23811 E AndroidRuntime: FATAL EXCEPTION: main
12-01 09:36:56.618 23811 23811 E AndroidRuntime: Process: com.healingbeat.app, PID: 23811
12-01 09:36:56.618 23811 23811 E AndroidRuntime: java.lang.NullPointerException: null cannot be cast to non-null type expo.modules.devlauncher.DevLauncherController
12-01 09:36:56.618 23811 23811 E AndroidRuntime: 	at expo.modules.devlauncher.compose.models.ErrorViewModel.onAction(ErrorViewModel.kt:62)
12-01 09:36:56.618 23811 23811 E AndroidRuntime: 	at expo.modules.devlauncher.launcher.errors.DevLauncherErrorActivity$onCreate$2$1$1.invoke(DevLauncherErrorActivity.kt:44)
12-01 09:36:56.618 23811 23811 E AndroidRuntime: 	at expo.modules.devlauncher.launcher.errors.DevLauncherErrorActivity$onCreate$2$1$1.invoke(DevLauncherErrorActivity.kt:44)
12-01 09:36:56.618 23811 23811 E AndroidRuntime: 	at expo.modules.devlauncher.compose.screens.ErrorScreenKt.ErrorScreen$lambda$8$lambda$7$lambda$4$lambda$3(ErrorScreen.kt:68)
12-01 09:36:56.618 23811 23811 E AndroidRuntime: 	at expo.modules.devlauncher.compose.screens.ErrorScreenKt.$r8$lambda$8C7evjQMrikGDevLXg1JiogMqUM(Unknown Source:0)
12-01 09:36:56.618 23811 23811 E AndroidRuntime: 	at expo.modules.devlauncher.compose.screens.ErrorScreenKt$$ExternalSyntheticLambda1.invoke(D8$$SyntheticClass:0)
12-01 09:36:56.618 23811 23811 E AndroidRuntime: 	at androidx.compose.foundation.ClickableNode.onPointerEvent-H0pRuoY(Clickable.kt:1009)
12-01 09:36:56.618 23811 23811 E AndroidRuntime: 	at androidx.compose.ui.input.pointer.Node.dispatchMainEventPass(HitPathTracker.kt:436)
12-01 09:36:56.618 23811 23811 E AndroidRuntime: 	at androidx.compose.ui.input.pointer.NodeParent.dispatchMainEventPass(HitPathTracker.kt:275)
12-01 09:36:56.618 23811 23811 E AndroidRuntime: 	at androidx.compose.ui.input.pointer.HitPathTracker.dispatchChanges(HitPathTracker.kt:171)
12-01 09:36:56.618 23811 23811 E AndroidRuntime: 	at androidx.compose.ui.input.pointer.PointerInputEventProcessor.process-BIzXfog(PointerInputEventProcessor.kt:118)
12-01 09:36:56.618 23811 23811 E AndroidRuntime: 	at androidx.compose.ui.platform.AndroidComposeView.sendMotionEvent-8iAsVTc(AndroidComposeView.android.kt:2428)
12-01 09:36:56.618 23811 23811 E AndroidRuntime: 	at androidx.compose.ui.platform.AndroidComposeView.handleMotionEvent-8iAsVTc(AndroidComposeView.android.kt:2378)
12-01 09:36:56.618 23811 23811 E AndroidRuntime: 	at androidx.compose.ui.platform.AndroidComposeView.dispatchTouchEvent(AndroidComposeView.android.kt:2249)
12-01 09:36:56.618 23811 23811 E AndroidRuntime: 	at android.view.ViewGroup.dispatchTransformedTouchEvent(ViewGroup.java:3371)
12-01 09:36:56.618 23811 23811 E AndroidRuntime: 	at android.view.ViewGroup.dispatchTouchEvent(ViewGroup.java:3047)
12-01 09:36:56.618 23811 23811 E AndroidRuntime: 	at android.view.ViewGroup.dispatchTransformedTouchEvent(ViewGroup.java:3371)
12-01 09:36:56.618 23811 23811 E AndroidRuntime: 	at android.view.ViewGroup.dispatchTouchEvent(ViewGroup.java:3047)
12-01 09:36:56.618 23811 23811 E AndroidRuntime: 	at android.view.ViewGroup.dispatchTransformedTouchEvent(ViewGroup.java:3371)
--
12-01 09:36:56.618 23811 23811 E AndroidRuntime: 	at android.view.ViewRootImpl$InputStage.forward(ViewRootImpl.java:8924)
12-01 09:36:56.618 23811 23811 E AndroidRuntime: 	at android.view.ViewRootImpl$InputStage.apply(ViewRootImpl.java:8932)
12-01 09:36:56.618 23811 23811 E AndroidRuntime: 	at android.view.ViewRootImpl$InputStage.deliver(ViewRootImpl.java:8905)
12-01 09:36:56.618 23811 23811 E AndroidRuntime: 	at android.view.ViewRootImpl.deliverInputEvent(ViewRootImpl.java:12785)
12-01 09:36:56.618 23811 23811 E AndroidRuntime: 	at android.view.ViewRootImpl.doProcessInputEvents(ViewRootImpl.java:12673)
12-01 09:36:56.618 23811 23811 E AndroidRuntime: 	at android.view.ViewRootImpl.enqueueInputEvent(ViewRootImpl.java:12628)
12-01 09:36:56.618 23811 23811 E AndroidRuntime: 	at android.view.ViewRootImpl.processRawInputEvent(ViewRootImpl.java:13165)
12-01 09:36:56.618 23811 23811 E AndroidRuntime: 	at android.view.ViewRootImpl$WindowInputEventReceiver.onInputEvent(ViewRootImpl.java:12915)
12-01 09:36:56.618 23811 23811 E AndroidRuntime: 	at android.view.InputEventReceiver.dispatchInputEvent(InputEventReceiver.java:392)
12-01 09:36:56.618 23811 23811 E AndroidRuntime: 	at android.os.MessageQueue.nativePollOnce(Native Method)
12-01 09:36:56.618 23811 23811 E AndroidRuntime: 	at android.os.MessageQueue.nextLegacy(MessageQueue.java:950)
12-01 09:36:56.618 23811 23811 E AndroidRuntime: 	at android.os.MessageQueue.next(MessageQueue.java:1062)
12-01 09:36:56.618 23811 23811 E AndroidRuntime: 	at android.os.Looper.loopOnce(Looper.java:221)
12-01 09:36:56.618 23811 23811 E AndroidRuntime: 	at android.os.Looper.loop(Looper.java:363)
12-01 09:36:56.618 23811 23811 E AndroidRuntime: 	at android.app.ActivityThread.main(ActivityThread.java:10060)
12-01 09:36:56.618 23811 23811 E AndroidRuntime: 	at java.lang.reflect.Method.invoke(Native Method)
12-01 09:36:56.618 23811 23811 E AndroidRuntime: 	at com.android.internal.os.RuntimeInit$MethodAndArgsCaller.run(RuntimeInit.java:632)
12-01 09:36:56.618 23811 23811 E AndroidRuntime: 	at com.android.internal.os.ZygoteInit.main(ZygoteInit.java:975)
12-01 09:37:06.754  2183 24344 E WindowManagerServiceExt: dumpCriticalInfo failed FileNotFoundException, java.io.FileNotFoundException: /data/system/wmlogs.txt: open failed: ENOENT (No such file or directory)
12-01 09:37:07.645  2183  2806 E OomConnection: failed waiting for OOM events: java.lang.RuntimeException: listener failed waiting for OOM event
12-01 09:37:09.196  2183 24344 E ActivityManager: ANR in com.healingbeat.app (com.healingbeat.app/expo.modules.devlauncher.launcher.errors.DevLauncherErrorActivity)
12-01 09:37:09.196  2183 24344 E ActivityManager: PID: 23811
12-01 09:37:09.196  2183 24344 E ActivityManager: Reason: Input dispatching timed out (9b3e7ab com.healingbeat.app/expo.modules.devlauncher.launcher.errors.DevLauncherErrorActivity is not responding. Waited 10000ms for MotionEvent).
12-01 09:37:09.196  2183 24344 E ActivityManager: Parent: com.healingbeat.app/expo.modules.devlauncher.launcher.errors.DevLauncherErrorActivity
12-01 09:37:09.196  2183 24344 E ActivityManager: ErrorId: f84bd77b-10a2-4571-b73b-5ef0c7ef061a
12-01 09:37:09.196  2183 24344 E ActivityManager: Frozen: s[false] g[false]
12-01 09:37:09.196  2183 24344 E ActivityManager: Load: 1.26 / 1.02 / 1.59
12-01 09:37:09.196  2183 24344 E ActivityManager: ------ Current CPU Core Info ------
12-01 09:37:09.196  2183 24344 E ActivityManager: - offline : 
12-01 09:37:09.196  2183 24344 E ActivityManager: - online : 0-7
12-01 09:37:09.196  2183 24344 E ActivityManager: - AP Temp = 289
12-01 09:37:09.196  2183 24344 E ActivityManager:                              0           1           2           3           4           5           6           7
12-01 09:37:09.196  2183 24344 E ActivityManager: ------------------------------------------------------------------------------------------------------------------
12-01 09:37:09.196  2183 24344 E ActivityManager: scaling_cur_freq       2016000     2016000     2016000     1651200     1651200     1651200     1651200      864000
12-01 09:37:09.196  2183 24344 E ActivityManager: scaling_governor          walt        walt        walt        walt        walt        walt        walt        walt
12-01 09:37:09.196  2183 24344 E ActivityManager: scaling_max_freq       2016000     2016000     2016000     2803200     2803200     2803200     2803200     3360000
12-01 09:37:09.196  2183 24344 E ActivityManager: ------------------------------------------------------------------------------------------------------------------
12-01 09:37:09.196  2183 24344 E ActivityManager: ----- Output from /proc/pressure/memory -----
12-01 09:37:09.196  2183 24344 E ActivityManager: some avg10=0.07 avg60=0.35 avg300=0.23 total=11702797
12-01 09:37:09.196  2183 24344 E ActivityManager: full avg10=0.05 avg60=0.27 avg300=0.14 total=7034854
12-01 09:37:09.196  2183 24344 E ActivityManager: ----- End output from /proc/pressure/memory -----
12-01 09:37:09.196  2183 24344 E ActivityManager: ----- Output from /proc/pressure/cpu -----
12-01 09:37:09.196  2183 24344 E ActivityManager: some avg10=3.81 avg60=4.23 avg300=3.33 total=75550266
12-01 09:37:09.196  2183 24344 E ActivityManager: full avg10=0.00 avg60=0.00 avg300=0.00 total=0
--
12-01 09:37:09.196  2183 24344 E ActivityManager:     35% 24345/AnrAuxiliaryTas: 9.5% user + 25% kernel
12-01 09:37:09.196  2183 24344 E ActivityManager:     3.1% 2543/android.io: 3.1% user + 0% kernel
12-01 09:37:09.196  2183 24344 E ActivityManager:     3.1% 3850/ConnectivityThr: 3.1% user + 0% kernel
12-01 09:37:09.196  2183 24344 E ActivityManager:     3.1% 3904/SemWifiOptimize: 0% user + 3.1% kernel
12-01 09:37:09.196  2183 24344 E ActivityManager:     3.1% 4014/binder:2183_6: 3.1% user + 0% kernel
12-01 09:37:09.196  2183 24344 E ActivityManager:     3.1% 4183/SLocationServic: 3.1% user + 0% kernel
12-01 09:37:09.196  2183 24344 E ActivityManager:     3.1% 5201/IpmMainHandler: 3.1% user + 0% kernel
12-01 09:37:09.196  2183 24344 E ActivityManager:     3.1% 5380/WifiProfileShar: 3.1% user + 0% kernel
12-01 09:37:09.196  2183 24344 E ActivityManager:   5.8% 257/kworker/u17:1-ufs_clk_gating_0: 0% user + 5.8% kernel
12-01 09:37:09.196  2183 24344 E ActivityManager:   6.4% 2233/cnss_diag: 0% user + 6.4% kernel
12-01 09:37:09.196  2183 24344 E ActivityManager:   2.8% 55/rcuog/4: 0% user + 2.8% kernel
12-01 09:37:09.196  2183 24344 E ActivityManager:   2.8% 80/rcuop/7: 0% user + 2.8% kernel
12-01 09:37:09.196  2183 24344 E ActivityManager:   3.1% 1710/android.hardware.wifi@1.0-service: 3.1% user + 0% kernel / faults: 3 minor
12-01 09:37:09.196  2183 24344 E ActivityManager:     3.1% 5127/wifi@1.0-servic: 3.1% user + 0% kernel
12-01 09:37:09.196  2183 24344 E ActivityManager:   3.5% 5787/com.google.android.providers.media.module: 0% user + 3.5% kernel / faults: 278 minor 70 major
12-01 09:37:09.196  2183 24344 E ActivityManager:     3.5% 5792/Signal Catcher: 0% user + 3.5% kernel
12-01 09:37:09.196  2183 24344 E ActivityManager:   4.1% 23483/kworker/u16:4-blk_sec_common: 0% user + 4.1% kernel
12-01 09:37:09.196  2183 24344 E ActivityManager:   4.3% 24321/kworker/u17:3-hal_register_write_wq: 0% user + 4.3% kernel
12-01 09:37:09.196  2183 24344 E ActivityManager: 25% TOTAL: 8% user + 13% kernel + 2.1% iowait + 1% irq + 0.3% softirq
12-01 09:37:13.534 24519 24519 E AndroidRuntime: FATAL EXCEPTION: main
12-01 09:37:13.534 24519 24519 E AndroidRuntime: Process: com.healingbeat.app, PID: 24519
12-01 09:37:13.534 24519 24519 E AndroidRuntime: java.lang.RuntimeException: Unable to start service com.doublesymmetry.trackplayer.service.MusicService@e78ad3a with null: android.app.ForegroundServiceStartNotAllowedException: Service.startForeground() not allowed due to mAllowStartForeground false: service com.healingbeat.app/com.doublesymmetry.trackplayer.service.MusicService
12-01 09:37:13.534 24519 24519 E AndroidRuntime: 	at android.app.ActivityThread.handleServiceArgs(ActivityThread.java:6105)
12-01 09:37:13.534 24519 24519 E AndroidRuntime: 	at android.app.ActivityThread.-$$Nest$mhandleServiceArgs(Unknown Source:0)
12-01 09:37:13.534 24519 24519 E AndroidRuntime: 	at android.app.ActivityThread$H.handleMessage(ActivityThread.java:2974)
12-01 09:37:13.534 24519 24519 E AndroidRuntime: 	at android.os.Handler.dispatchMessage(Handler.java:110)
12-01 09:37:13.534 24519 24519 E AndroidRuntime: 	at android.os.Looper.loopOnce(Looper.java:273)
12-01 09:37:13.534 24519 24519 E AndroidRuntime: 	at android.os.Looper.loop(Looper.java:363)
12-01 09:37:13.534 24519 24519 E AndroidRuntime: 	at android.app.ActivityThread.main(ActivityThread.java:10060)
12-01 09:37:13.534 24519 24519 E AndroidRuntime: 	at java.lang.reflect.Method.invoke(Native Method)
12-01 09:37:13.534 24519 24519 E AndroidRuntime: 	at com.android.internal.os.RuntimeInit$MethodAndArgsCaller.run(RuntimeInit.java:632)
12-01 09:37:13.534 24519 24519 E AndroidRuntime: 	at com.android.internal.os.ZygoteInit.main(ZygoteInit.java:975)
12-01 09:37:13.534 24519 24519 E AndroidRuntime: Caused by: android.app.ForegroundServiceStartNotAllowedException: Service.startForeground() not allowed due to mAllowStartForeground false: service com.healingbeat.app/com.doublesymmetry.trackplayer.service.MusicService
12-01 09:37:13.534 24519 24519 E AndroidRuntime: 	at android.app.ForegroundServiceStartNotAllowedException$1.createFromParcel(ForegroundServiceStartNotAllowedException.java:54)
12-01 09:37:13.534 24519 24519 E AndroidRuntime: 	at android.app.ForegroundServiceStartNotAllowedException$1.createFromParcel(ForegroundServiceStartNotAllowedException.java:50)
12-01 09:37:13.534 24519 24519 E AndroidRuntime: 	at android.os.Parcel.readParcelableInternal(Parcel.java:5229)
12-01 09:37:13.534 24519 24519 E AndroidRuntime: 	at android.os.Parcel.readParcelable(Parcel.java:5211)
12-01 09:37:13.534 24519 24519 E AndroidRuntime: 	at android.os.Parcel.createExceptionOrNull(Parcel.java:3349)
12-01 09:37:13.534 24519 24519 E AndroidRuntime: 	at android.os.Parcel.createException(Parcel.java:3338)
12-01 09:37:13.534 24519 24519 E AndroidRuntime: 	at android.os.Parcel.readException(Parcel.java:3321)
12-01 09:37:13.534 24519 24519 E AndroidRuntime: 	at android.os.Parcel.readException(Parcel.java:3263)
12-01 09:37:13.534 24519 24519 E AndroidRuntime: 	at android.app.IActivityManager$Stub$Proxy.setServiceForeground(IActivityManager.java:7526)
12-01 09:37:13.534 24519 24519 E AndroidRuntime: 	at android.app.Service.startForeground(Service.java:776)
12-01 09:37:13.534 24519 24519 E AndroidRuntime: 	at com.doublesymmetry.trackplayer.service.MusicService.startAndStopEmptyNotificationToAvoidANR(MusicService.kt:123)
12-01 09:37:13.534 24519 24519 E AndroidRuntime: 	at com.doublesymmetry.trackplayer.service.MusicService.onStartCommand(MusicService.kt:98)
12-01 09:37:13.534 24519 24519 E AndroidRuntime: 	at android.app.ActivityThread.handleServiceArgs(ActivityThread.java:6087)
12-01 09:37:13.534 24519 24519 E AndroidRuntime: 	... 9 more
12-01 09:37:13.603  2183  6432 E ActivityTaskManager: Background activity launch blocked! goo.gle/android-bal [callingPackage: com.healingbeat.app; callingPackageTargetSdk: 35; callingUid: 10373; callingPid: 24519; appSwitchState: 2; callingUidHasVisibleActivity: false; callingUidHasNonAppVisibleWindow: false; callingUidProcState: SERVICE; isCallingUidPersistentSystemProcess: false; allowBalExemptionForSystemProcess: false; intent: Intent { flg=0x10018000 xflg=0x4 cmp=com.healingbeat.app/expo.modules.devlauncher.launcher.errors.DevLauncherErrorActivity }; callerApp: ProcessRecord{de9b988 24519:com.healingbeat.app/u0a373}; inVisibleTask: false; balAllowedByPiCreator: BSP.ALLOW_BAL; resultIfPiCreatorAllowsBal: BAL_BLOCK; callerStartMode: MODE_BACKGROUND_ACTIVITY_START_SYSTEM_DEFINED; hasRealCaller: true; isCallForResult: false; isPendingIntent: false; autoOptInReason: notPendingIntent; realCallingPackage: com.healingbeat.app; realCallingPackageTargetSdk: 35; realCallingUid: 10373; realCallingPid: 24519; realCallingUidHasVisibleActivity: false; realCallingUidHasNonAppVisibleWindow: false; realCallingUidProcState: SERVICE; isRealCallingUidPersistentSystemProcess: false; originatingPendingIntent: null; realCallerApp: ProcessRecord{de9b988 24519:com.healingbeat.app/u0a373}; realInVisibleTask: false; balAllowedByPiSender: BSP.ALLOW_BAL; resultIfPiSenderAllowsBal: BAL_BLOCK; realCallerStartMode: MODE_BACKGROUND_ACTIVITY_START_SYSTEM_DEFINED; balRequireOptInByPendingIntentCreator: true; balDontBringExistingBackgroundTaskStackToFg: true]
12-01 09:37:13.607  2183  6432 E ActivityTaskManager: Abort background activity starts from 10373
12-01 09:37:16.602  2183  5890 E TaskPersister: File error accessing recents directory (directory doesn't exist?).
12-01 09:37:17.144  2183  2183 E AppOps  : Operation not started: uid=10373 pkg=com.healingbeat.app(null) op=WAKE_LOCK
12-01 09:37:19.136  2183  4028 E Pageboost: StopRecording Failed
12-01 09:37:19.140  2183  4028 E Pageboost: captureFinished fail
12-01 09:37:20.114  2183  5890 E TaskPersister: File error accessing recents directory (directory doesn't exist?).
12-01 09:37:20.743  2183  2667 E Watchdog: !@Sync: 35 heap(MB): 111 / 143 FD: 1165 [2025-12-01 09:37:20.743]
12-01 09:37:21.421  2183  5638 E BatteryStatsService: Invalid uid for waking network packet: -1
12-01 09:37:24.524  2183  6078 E BatteryStatsService: Invalid uid for waking network packet: -1
12-01 09:37:24.524  2183  6078 E BatteryStatsService: Invalid uid for waking network packet: -1
12-01 09:37:32.493  2183  6078 E BatteryStatsService: Invalid uid for waking network packet: -1
12-01 09:37:37.229  2183  6039 E BatteryStatsService: Invalid uid for waking network packet: -1
12-01 09:37:39.468  2183  6039 E BatteryStatsService: Invalid uid for waking network packet: -1
12-01 09:37:46.637  2183  3831 E BatteryStatsService: Invalid uid for waking network packet: -1
12-01 09:37:48.684  2183  3831 E BatteryStatsService: Invalid uid for waking network packet: -1
12-01 09:37:50.748  2183  2667 E Watchdog: !@Sync: 36 heap(MB): 119 / 143 FD: 1164 [2025-12-01 09:37:50.748]
12-01 09:37:50.887  2183  6080 E WindowManager: win=Window{65bc7b u0 com.sec.android.app.launcher/com.sec.android.app.launcher.activities.LauncherActivity} destroySurfaces: appStopped=true cleanupOnResume=false win.mWindowRemovalAllowed=false win.mRemoveOnExit=false win.mViewVisibility=8 caller=com.android.server.wm.ActivityRecord.destroySurfaces:25 com.android.server.wm.ActivityRecord.activityStopped:192 com.android.server.wm.ActivityClientController.activityStopped:97 android.app.IActivityClientController$Stub.onTransact:740 com.android.server.wm.ActivityClientController.onTransact:1 android.os.Binder.execTransactInternal:1462 android.os.Binder.execTransact:1401 
12-01 09:37:50.917  2183  4028 E Pageboost: record is ongoing. Abort for 24711
12-01 09:37:51.243  2183  6080 E BatteryStatsService: Invalid uid for waking network packet: -1
12-01 09:37:54.187  2183  5890 E TaskPersister: File error accessing recents directory (directory doesn't exist?).
12-01 09:37:56.141  2183  2787 E NotificationService: isPkgBlocked = true
12-01 09:37:56.141  2183  2787 E NotificationService: isRecordBlocked = false
12-01 09:37:56.141  2183  2787 E NotificationService: Suppressing notification from package com.healingbeat.app by user request.
12-01 09:37:56.156  2183  2787 E NotificationService: isPkgBlocked = true
12-01 09:37:56.156  2183  2787 E NotificationService: isRecordBlocked = false
12-01 09:37:56.156  2183  2787 E NotificationService: Suppressing notification from package com.healingbeat.app by user request.
12-01 09:37:56.158  2183  2787 E NotificationService: isPkgBlocked = true
12-01 09:37:56.158  2183  2787 E NotificationService: isRecordBlocked = false
12-01 09:37:56.158  2183  2787 E NotificationService: Suppressing notification from package com.healingbeat.app by user request.
12-01 09:37:59.602  2183  5890 E TaskPersister: File error accessing recents directory (directory doesn't exist?).
12-01 09:38:01.900  2183  3831 E BatteryStatsService: Invalid uid for waking network packet: -1
12-01 09:38:02.924  2183  5638 E BatteryStatsService: Invalid uid for waking network packet: -1
12-01 09:38:09.068  2183  3831 E BatteryStatsService: Invalid uid for waking network packet: -1
12-01 09:38:12.140  2183  5638 E BatteryStatsService: Invalid uid for waking network packet: -1
12-01 09:38:16.139  2183  3831 E BatteryStatsService: Invalid uid for waking network packet: -1
12-01 09:38:16.140  2183  3831 E BatteryStatsService: Invalid uid for waking network packet: -1
12-01 09:38:18.892  2183  3831 E BatteryStatsService: Invalid uid for waking network packet: -1
12-01 09:38:20.763  2183  2667 E Watchdog: !@Sync: 37 heap(MB): 137 / 143 FD: 1165 [2025-12-01 09:38:20.763]
12-01 09:38:23.917  2183  3831 E BatteryStatsService: Invalid uid for waking network packet: -1
12-01 09:38:32.109  2183  5638 E BatteryStatsService: Invalid uid for waking network packet: -1
12-01 09:38:41.072  1335 18490 E keystore2: system/security/keystore2/src/keystore2_main.rs:74 - !@ [SQLITE3] 30: open db: flags=33554438, :memory:
12-01 09:38:41.083  1093  1183 E SPL     : unknown cmd id [57005]
12-01 09:38:41.125  1093  1183 E SPL     : unknown cmd id [57005]
12-01 09:38:44.172  2183  6080 E BatteryStatsService: Invalid uid for waking network packet: -1
12-01 09:38:50.771  2183  2667 E Watchdog: !@Sync: 38 heap(MB): 97 / 142 FD: 1147 [2025-12-01 09:38:50.770]
12-01 09:39:00.110  4883  7254 E ActivityThread: Failed to find provider info for C4:77:64:24:21:EE
12-01 09:39:00.269  2183  6076 E BatteryStatsService: Invalid uid for waking network packet: -1
12-01 09:39:17.344  2183  4460 E AppOps  : Bad call made by uid 1000. Package "com.google.android.googlequicksearchbox" does not belong to uid 1000.
12-01 09:39:20.783  2183  2667 E Watchdog: !@Sync: 39 heap(MB): 103 / 142 FD: 1163 [2025-12-01 09:39:20.782]
--
12-01 09:43:51.500  2183  4460 E BatteryStatsService: Invalid uid for waking network packet: -1
12-01 09:43:56.620  2183  4460 E BatteryStatsService: Invalid uid for waking network packet: -1
12-01 09:44:20.998  2183  2667 E Watchdog: !@Sync: 49 heap(MB): 124 / 142 FD: 1167 [2025-12-01 09:44:20.997]
12-01 09:44:51.013  2183  2667 E Watchdog: !@Sync: 50 heap(MB): 127 / 142 FD: 1167 [2025-12-01 09:44:51.012]
12-01 09:45:02.444  2183  5638 E BatteryStatsService: Invalid uid for waking network packet: -1
12-01 09:45:04.396  2183  5638 E BatteryStatsService: Invalid uid for waking network packet: -1
12-01 09:45:21.028  2183  2667 E Watchdog: !@Sync: 51 heap(MB): 131 / 142 FD: 1169 [2025-12-01 09:45:21.027]
12-01 09:45:51.042  2183  2667 E Watchdog: !@Sync: 52 heap(MB): 136 / 142 FD: 1169 [2025-12-01 09:45:51.041]
12-01 09:45:54.668  2183  4014 E BatteryStatsService: Invalid uid for waking network packet: -1
12-01 09:46:01.644  2183  4014 E BatteryStatsService: Invalid uid for waking network packet: -1
12-01 09:46:07.692  2183  4014 E BatteryStatsService: Invalid uid for waking network packet: -1
12-01 09:46:21.056  2183  2667 E Watchdog: !@Sync: 53 heap(MB): 140 / 142 FD: 1171 [2025-12-01 09:46:21.056]
12-01 09:46:40.780  2183  5638 E BatteryStatsService: Invalid uid for waking network packet: -1
12-01 09:46:51.071  2183  2667 E Watchdog: !@Sync: 54 heap(MB): 100 / 142 FD: 1161 [2025-12-01 09:46:51.070]
12-01 09:47:14.764  2183  5638 E BatteryStatsService: Invalid uid for waking network packet: -1
12-01 09:47:17.709  2183  4014 E BatteryStatsService: Invalid uid for waking network packet: -1
12-01 09:47:21.082  2183  2667 E Watchdog: !@Sync: 55 heap(MB): 105 / 142 FD: 1163 [2025-12-01 09:47:21.082]
12-01 09:47:23.756  2183  5638 E BatteryStatsService: Invalid uid for waking network packet: -1
12-01 09:47:45.055  4883  7254 E ActivityThread: Failed to find provider info for C4:77:64:24:21:EE
12-01 09:47:51.096  2183  2667 E Watchdog: !@Sync: 56 heap(MB): 112 / 142 FD: 1163 [2025-12-01 09:47:51.095]
12-01 09:47:56.674  2183  4460 E WindowManager: win=Window{a53cfe5 u0 com.healingbeat.app/expo.modules.devlauncher.launcher.errors.DevLauncherErrorActivity} destroySurfaces: appStopped=true cleanupOnResume=false win.mWindowRemovalAllowed=false win.mRemoveOnExit=false win.mViewVisibility=8 caller=com.android.server.wm.ActivityRecord.destroySurfaces:25 com.android.server.wm.ActivityRecord.activityStopped:192 com.android.server.wm.ActivityClientController.activityStopped:97 android.app.IActivityClientController$Stub.onTransact:740 com.android.server.wm.ActivityClientController.onTransact:1 android.os.Binder.execTransactInternal:1462 android.os.Binder.execTransact:1401 
12-01 09:47:56.961  2183  4014 E WindowManager: win=Window{1efd564 u0 com.sec.android.app.launcher/com.samsung.app.honeyspace.edge.edgepanel.app.CocktailBarService} destroySurfaces: appStopped=true cleanupOnResume=false win.mWindowRemovalAllowed=false win.mRemoveOnExit=false win.mViewVisibility=8 caller=com.android.server.wm.WindowManagerService.tryStartExitingAnimation:134 com.android.server.wm.WindowManagerService.relayoutWindow:1138 com.android.server.wm.Session.relayout:27 android.view.IWindowSession$Stub.onTransact:829 com.android.server.wm.Session.onTransact:1 android.os.Binder.execTransactInternal:1457 android.os.Binder.execTransact:1401 
12-01 09:47:57.217  4883 25649 E LoadedApk: Exception : java.lang.NullPointerException: Attempt to invoke virtual method 'boolean android.os.Looper.isPerfLogEnable()' on a null object reference
12-01 09:47:57.259  4883 25883 E LoadedApk: Exception : java.lang.NullPointerException: Attempt to invoke virtual method 'boolean android.os.Looper.isPerfLogEnable()' on a null object reference
12-01 09:47:57.266  4883 25883 E LoadedApk: Exception : java.lang.NullPointerException: Attempt to invoke virtual method 'boolean android.os.Looper.isPerfLogEnable()' on a null object reference
12-01 09:48:21.109  2183  2667 E Watchdog: !@Sync: 57 heap(MB): 99 / 142 FD: 1144 [2025-12-01 09:48:21.108]
12-01 09:48:27.055  1093  1183 E SPL     : unknown cmd id [57005]
12-01 09:48:27.102  1093  1183 E SPL     : unknown cmd id [57005]
12-01 09:48:51.129  2183  2667 E Watchdog: !@Sync: 58 heap(MB): 101 / 142 FD: 1141 [2025-12-01 09:48:51.128]
12-01 09:49:21.145  2183  2667 E Watchdog: !@Sync: 59 heap(MB): 102 / 142 FD: 1141 [2025-12-01 09:49:21.144]
12-01 09:49:51.281  2183  2667 E Watchdog: !@Sync: 60 heap(MB): 103 / 142 native(MB): 93 FD: 1141 WaitTime: 0 ms GCcnt: 0 FullGC: 0 [2025-12-01 09:49:51.160]
12-01 09:50:21.292  2183  2667 E Watchdog: !@Sync: 61 heap(MB): 106 / 142 FD: 1141 [2025-12-01 09:50:21.292]
12-01 09:50:22.243  2183 21096 E DiscreteOpsXmlRegistry: Deleting file 1763944866031tl
12-01 09:50:51.301  2183  2667 E Watchdog: !@Sync: 62 heap(MB): 130 / 142 FD: 1142 [2025-12-01 09:50:51.300]
12-01 09:51:21.312  2183  2667 E Watchdog: !@Sync: 63 heap(MB): 93 / 140 FD: 1141 [2025-12-01 09:51:21.312]
12-01 09:51:51.320  2183  2667 E Watchdog: !@Sync: 64 heap(MB): 95 / 140 FD: 1141 [2025-12-01 09:51:51.320]
12-01 09:52:07.517  4883  7254 E ActivityThread: Failed to find provider info for C4:77:64:24:21:EE
12-01 09:52:21.343  2183  2667 E Watchdog: !@Sync: 65 heap(MB): 97 / 140 FD: 1141 [2025-12-01 09:52:21.342]
12-01 09:52:51.359  2183  2667 E Watchdog: !@Sync: 66 heap(MB): 99 / 140 FD: 1140 [2025-12-01 09:52:51.358]
12-01 09:53:21.371  2183  2667 E Watchdog: !@Sync: 67 heap(MB): 100 / 140 FD: 1140 [2025-12-01 09:53:21.370]
12-01 09:53:51.383  2183  2667 E Watchdog: !@Sync: 68 heap(MB): 101 / 140 FD: 1140 [2025-12-01 09:53:51.383]
--
12-01 11:12:38.980  1816  1830 E HeatmapThread: ECT Thread time in milliseconds: 1764555158
12-01 11:12:38.986  1816  1830 E HeatmapThread: !@ CAM New BSOH: 97
12-01 11:12:38.986  1816  1830 E HeatmapThread: !@ CAM is Working
12-01 11:12:39.979  1816  1830 E HeatmapThread: ECT Thread time in milliseconds: 1764555159
12-01 11:12:39.984  1816  1830 E HeatmapThread: !@ CAM New BSOH: 97
12-01 11:12:39.984  1816  1830 E HeatmapThread: !@ CAM is Working
12-01 11:12:40.980  1816  1830 E HeatmapThread: ECT Thread time in milliseconds: 1764555160
12-01 11:12:40.985  1816  1830 E HeatmapThread: !@ CAM New BSOH: 97
12-01 11:12:40.985  1816  1830 E HeatmapThread: !@ CAM is Working
12-01 11:12:41.979  1816  1830 E HeatmapThread: ECT Thread time in milliseconds: 1764555161
12-01 11:12:41.985  1816  1830 E HeatmapThread: !@ CAM New BSOH: 97
12-01 11:12:41.985  1816  1830 E HeatmapThread: !@ CAM is Working
12-01 11:12:42.979  1816  1830 E HeatmapThread: ECT Thread time in milliseconds: 1764555162
12-01 11:12:42.984  1816  1830 E HeatmapThread: !@ CAM New BSOH: 97
12-01 11:12:42.984  1816  1830 E HeatmapThread: !@ CAM is Working
12-01 11:12:43.980  1816  1830 E HeatmapThread: ECT Thread time in milliseconds: 1764555163
12-01 11:12:43.985  1816  1830 E HeatmapThread: !@ CAM New BSOH: 97
12-01 11:12:43.985  1816  1830 E HeatmapThread: !@ CAM is Working
12-01 11:12:44.139 24711 24711 E InputEventReceiver: Exception dispatching input event.
12-01 11:12:44.140 24711 24711 E AndroidRuntime: FATAL EXCEPTION: main
12-01 11:12:44.140 24711 24711 E AndroidRuntime: Process: com.healingbeat.app, PID: 24711
12-01 11:12:44.140 24711 24711 E AndroidRuntime: java.lang.NullPointerException: null cannot be cast to non-null type expo.modules.devlauncher.DevLauncherController
12-01 11:12:44.140 24711 24711 E AndroidRuntime: 	at expo.modules.devlauncher.compose.models.ErrorViewModel.onAction(ErrorViewModel.kt:62)
12-01 11:12:44.140 24711 24711 E AndroidRuntime: 	at expo.modules.devlauncher.launcher.errors.DevLauncherErrorActivity$onCreate$2$1$1.invoke(DevLauncherErrorActivity.kt:44)
12-01 11:12:44.140 24711 24711 E AndroidRuntime: 	at expo.modules.devlauncher.launcher.errors.DevLauncherErrorActivity$onCreate$2$1$1.invoke(DevLauncherErrorActivity.kt:44)
12-01 11:12:44.140 24711 24711 E AndroidRuntime: 	at expo.modules.devlauncher.compose.screens.ErrorScreenKt.ErrorScreen$lambda$8$lambda$7$lambda$6$lambda$5(ErrorScreen.kt:78)
12-01 11:12:44.140 24711 24711 E AndroidRuntime: 	at expo.modules.devlauncher.compose.screens.ErrorScreenKt.$r8$lambda$0Ac3-Fql9YVJTbu1c5aImRf76Uc(Unknown Source:0)
12-01 11:12:44.140 24711 24711 E AndroidRuntime: 	at expo.modules.devlauncher.compose.screens.ErrorScreenKt$$ExternalSyntheticLambda2.invoke(D8$$SyntheticClass:0)
12-01 11:12:44.140 24711 24711 E AndroidRuntime: 	at androidx.compose.foundation.ClickableNode.onPointerEvent-H0pRuoY(Clickable.kt:1009)
12-01 11:12:44.140 24711 24711 E AndroidRuntime: 	at androidx.compose.ui.input.pointer.Node.dispatchMainEventPass(HitPathTracker.kt:436)
12-01 11:12:44.140 24711 24711 E AndroidRuntime: 	at androidx.compose.ui.input.pointer.NodeParent.dispatchMainEventPass(HitPathTracker.kt:275)
12-01 11:12:44.140 24711 24711 E AndroidRuntime: 	at androidx.compose.ui.input.pointer.HitPathTracker.dispatchChanges(HitPathTracker.kt:171)
12-01 11:12:44.140 24711 24711 E AndroidRuntime: 	at androidx.compose.ui.input.pointer.PointerInputEventProcessor.process-BIzXfog(PointerInputEventProcessor.kt:118)
12-01 11:12:44.140 24711 24711 E AndroidRuntime: 	at androidx.compose.ui.platform.AndroidComposeView.sendMotionEvent-8iAsVTc(AndroidComposeView.android.kt:2428)
12-01 11:12:44.140 24711 24711 E AndroidRuntime: 	at androidx.compose.ui.platform.AndroidComposeView.handleMotionEvent-8iAsVTc(AndroidComposeView.android.kt:2378)
12-01 11:12:44.140 24711 24711 E AndroidRuntime: 	at androidx.compose.ui.platform.AndroidComposeView.dispatchTouchEvent(AndroidComposeView.android.kt:2249)
12-01 11:12:44.140 24711 24711 E AndroidRuntime: 	at android.view.ViewGroup.dispatchTransformedTouchEvent(ViewGroup.java:3371)
12-01 11:12:44.140 24711 24711 E AndroidRuntime: 	at android.view.ViewGroup.dispatchTouchEvent(ViewGroup.java:3047)
12-01 11:12:44.140 24711 24711 E AndroidRuntime: 	at android.view.ViewGroup.dispatchTransformedTouchEvent(ViewGroup.java:3371)
12-01 11:12:44.140 24711 24711 E AndroidRuntime: 	at android.view.ViewGroup.dispatchTouchEvent(ViewGroup.java:3047)
12-01 11:12:44.140 24711 24711 E AndroidRuntime: 	at android.view.ViewGroup.dispatchTransformedTouchEvent(ViewGroup.java:3371)
--
12-01 11:13:08.984  1816  1830 E HeatmapThread: !@ CAM New BSOH: 97
12-01 11:13:08.984  1816  1830 E HeatmapThread: !@ CAM is Working
12-01 11:13:09.979  1816  1830 E HeatmapThread: ECT Thread time in milliseconds: 1764555189
12-01 11:13:09.984  1816  1830 E HeatmapThread: !@ CAM New BSOH: 97
12-01 11:13:09.984  1816  1830 E HeatmapThread: !@ CAM is Working
12-01 11:13:10.277  5267  5267 E pageboostd: Received HALT command code 2
12-01 11:13:10.346  1820  1820 E SurfaceFlinger: alpha changed 1.000 -> 0.000 - Task=205#385
12-01 11:13:10.346  1820  1820 E SurfaceFlinger: alpha changed 0.000 -> 0.000 - Task=205#385
12-01 11:13:10.370  1820  1820 E SurfaceFlinger: alpha changed 0.000 -> 0.090 - Task=205#385
12-01 11:13:10.374  1820  5167 E NativeCustomFrequencyManager: [NativeCFMS] BpCustomFrequencyManager::acquire()
12-01 11:13:10.618  1018  1018 E DevLauncherController: Failed to hide splash screen
12-01 11:13:10.618  1018  1018 E DevLauncherController: java.lang.ClassNotFoundException: expo.modules.splashscreen.SplashScreenManager
12-01 11:13:10.618  1018  1018 E DevLauncherController: 	at java.lang.Class.classForName(Native Method)
12-01 11:13:10.618  1018  1018 E DevLauncherController: 	at java.lang.Class.forName(Class.java:597)
12-01 11:13:10.618  1018  1018 E DevLauncherController: 	at java.lang.Class.forName(Class.java:502)
12-01 11:13:10.618  1018  1018 E DevLauncherController: 	at expo.modules.devlauncher.DevLauncherController$Companion.initialize$expo_dev_launcher_debug(DevLauncherController.kt:428)
12-01 11:13:10.618  1018  1018 E DevLauncherController: 	at expo.modules.devlauncher.DevLauncherController$Companion.initialize(DevLauncherController.kt:474)
12-01 11:13:10.618  1018  1018 E DevLauncherController: 	at expo.modules.devlauncher.DevLauncherController$Companion.initialize$default(DevLauncherController.kt:472)
12-01 11:13:10.618  1018  1018 E DevLauncherController: 	at expo.modules.devlauncher.DevLauncherPackageDelegate$createApplicationLifecycleListeners$1.onCreate(DevLauncherPackageDelegate.kt:32)
12-01 11:13:10.618  1018  1018 E DevLauncherController: 	at expo.modules.ApplicationLifecycleDispatcher.onApplicationCreate(ApplicationLifecycleDispatcher.kt:20)
12-01 11:13:10.618  1018  1018 E DevLauncherController: 	at com.healingbeat.app.MainApplication.onCreate(MainApplication.kt:49)
12-01 11:13:10.618  1018  1018 E DevLauncherController: 	at android.app.Instrumentation.callApplicationOnCreate(Instrumentation.java:1384)
12-01 11:13:10.618  1018  1018 E DevLauncherController: 	at android.app.ActivityThread.handleBindApplication(ActivityThread.java:8750)
12-01 11:13:10.618  1018  1018 E DevLauncherController: 	at android.app.ActivityThread.-$$Nest$mhandleBindApplication(Unknown Source:0)
12-01 11:13:10.618  1018  1018 E DevLauncherController: 	at android.app.ActivityThread$H.handleMessage(ActivityThread.java:2873)
12-01 11:13:10.618  1018  1018 E DevLauncherController: 	at android.os.Handler.dispatchMessage(Handler.java:110)
12-01 11:13:10.618  1018  1018 E DevLauncherController: 	at android.os.Looper.loopOnce(Looper.java:273)
12-01 11:13:10.618  1018  1018 E DevLauncherController: 	at android.os.Looper.loop(Looper.java:363)
12-01 11:13:10.618  1018  1018 E DevLauncherController: 	at android.app.ActivityThread.main(ActivityThread.java:10060)
12-01 11:13:10.618  1018  1018 E DevLauncherController: 	at java.lang.reflect.Method.invoke(Native Method)
12-01 11:13:10.618  1018  1018 E DevLauncherController: 	at com.android.internal.os.RuntimeInit$MethodAndArgsCaller.run(RuntimeInit.java:632)
12-01 11:13:10.618  1018  1018 E DevLauncherController: 	at com.android.internal.os.ZygoteInit.main(ZygoteInit.java:975)
12-01 11:13:10.618  1018  1018 E DevLauncherController: Caused by: java.lang.ClassNotFoundException: Didn't find class "expo.modules.splashscreen.SplashScreenManager" on path: DexPathList[[zip file "/data/app/~~WDWwmrE-EqdgLbWiWUVOgA==/com.healingbeat.app-fZpaZReZkJ2Ajto2j4Xw6Q==/base.apk"],nativeLibraryDirectories=[/data/app/~~WDWwmrE-EqdgLbWiWUVOgA==/com.healingbeat.app-fZpaZReZkJ2Ajto2j4Xw6Q==/lib/arm64, /data/app/~~WDWwmrE-EqdgLbWiWUVOgA==/com.healingbeat.app-fZpaZReZkJ2Ajto2j4Xw6Q==/base.apk!/lib/arm64-v8a, /system/lib64, /system_ext/lib64]]
12-01 11:13:10.618  1018  1018 E DevLauncherController: 	at dalvik.system.BaseDexClassLoader.findClass(BaseDexClassLoader.java:259)
12-01 11:13:10.618  1018  1018 E DevLauncherController: 	at java.lang.ClassLoader.loadClass(ClassLoader.java:637)
12-01 11:13:10.618  1018  1018 E DevLauncherController: 	at java.lang.ClassLoader.loadClass(ClassLoader.java:573)
12-01 11:13:10.618  1018  1018 E DevLauncherController: 	... 20 more
12-01 11:13:10.640  1018  1018 E ashmem  : Pinning is deprecated since Android Q. Please use trim or other methods.
12-01 11:13:10.674  1674  1743 E minksocket: MinkIPC_QRTR_Service: client with node 1 port 45b3 went down
12-01 11:13:10.674  1674  1750 E minksocket: MinkIPC_QRTR_Service: client with node 1 port 45b3 went down
12-01 11:13:10.675  1674  1750 E minksocket: MinkIPC_QRTR_Service: client with node 1 port 45b4 went down
12-01 11:13:10.675  1674  1743 E minksocket: MinkIPC_QRTR_Service: client with node 1 port 45b4 went down
12-01 11:13:10.675  1674  1743 E minksocket: MinkIPC_QRTR_Service: client with node 1 port 45b5 went down
12-01 11:13:10.675  1674  1750 E minksocket: MinkIPC_QRTR_Service: client with node 1 port 45b5 went down
12-01 11:13:10.675  1674  1750 E minksocket: MinkIPC_QRTR_Service: client with node 1 port 45b6 went down
12-01 11:13:10.675  1674  1743 E minksocket: MinkIPC_QRTR_Service: client with node 1 port 45b6 went down
12-01 11:13:10.726  1018  1018 E BufferQueueProducer: Unable to open libpenguin.so: dlopen failed: library "libpenguin.so" not found.
12-01 11:13:10.726  1018  1018 E healingbeat.app: Unable to open libpenguin.so: dlopen failed: library "libpenguin.so" not found.
12-01 11:13:10.745  5267  5267 E pageboostd: Received HALT command code 2
12-01 11:13:10.746  2183  5638 E WindowManager: win=Window{65bc7b u0 com.sec.android.app.launcher/com.sec.android.app.launcher.activities.LauncherActivity} destroySurfaces: appStopped=true cleanupOnResume=false win.mWindowRemovalAllowed=false win.mRemoveOnExit=false win.mViewVisibility=8 caller=com.android.server.wm.ActivityRecord.destroySurfaces:25 com.android.server.wm.ActivityRecord.activityStopped:192 com.android.server.wm.ActivityClientController.activityStopped:97 android.app.IActivityClientController$Stub.onTransact:740 com.android.server.wm.ActivityClientController.onTransact:1 android.os.Binder.execTransactInternal:1462 android.os.Binder.execTransact:1401 
12-01 11:13:10.771  1820  1820 E SurfaceFlinger: alpha changed 1.000 -> 0.000 - Surface(name=eee0de InputMethod)/@0x1ab4678 - animation-leash of insets_animation#398
12-01 11:13:10.844  5267  5267 E pageboostd: Received HALT command code 2
12-01 11:13:10.871  1820  1820 E SurfaceFlinger: alpha changed 1.000 -> 0.000 - ActivityRecord{182043728 u0 com.healingbeat.app/.MainActivity t205}#399
12-01 11:13:10.871  1820  1820 E SurfaceFlinger: alpha changed 0.000 -> 1.000 - ActivityRecord{182043728 u0 com.healingbeat.app/.MainActivity t205}#399
12-01 11:13:10.918  5267  5267 E pageboostd: Received HALT command code 2
12-01 11:13:10.963  1820  1820 E SurfaceFlinger: alpha changed 1.000 -> 0.000 - Surface(name=eee0de InputMethod)/@0x1ab4678 - animation-leash of insets_animation#413
12-01 11:13:10.979  1816  1830 E HeatmapThread: ECT Thread time in milliseconds: 1764555190
12-01 11:13:10.982  1816  1830 E HeatmapThread: !@ CAM New BSOH: 97
12-01 11:13:10.982  1816  1830 E HeatmapThread: !@ CAM is Working
12-01 11:13:11.979  1816  1830 E HeatmapThread: ECT Thread time in milliseconds: 1764555191
12-01 11:13:11.983  1816  1830 E HeatmapThread: !@ CAM New BSOH: 97
12-01 11:13:11.983  1816  1830 E HeatmapThread: !@ CAM is Working
12-01 11:13:12.979  1816  1830 E HeatmapThread: ECT Thread time in milliseconds: 1764555192
12-01 11:13:12.983  1816  1830 E HeatmapThread: !@ CAM New BSOH: 97
12-01 11:13:12.983  1816  1830 E HeatmapThread: !@ CAM is Working
12-01 11:13:13.796  2183  5890 E TaskPersister: File error accessing recents directory (directory doesn't exist?).
12-01 11:13:13.979  1816  1830 E HeatmapThread: ECT Thread time in milliseconds: 1764555193
12-01 11:13:13.983  1816  1830 E HeatmapThread: !@ CAM New BSOH: 97
12-01 11:13:13.984  1816  1830 E HeatmapThread: !@ CAM is Working
12-01 11:13:14.979  1816  1830 E HeatmapThread: ECT Thread time in milliseconds: 1764555194
12-01 11:13:14.984  1816  1830 E HeatmapThread: !@ CAM New BSOH: 97
12-01 11:13:14.984  1816  1830 E HeatmapThread: !@ CAM is Working
12-01 11:13:15.979  1816  1830 E HeatmapThread: ECT Thread time in milliseconds: 1764555195
12-01 11:13:15.983  1816  1830 E HeatmapThread: !@ CAM New BSOH: 97
--
12-01 11:13:25.980  1816  1830 E HeatmapThread: ECT Thread time in milliseconds: 1764555205
12-01 11:13:25.984  1816  1830 E HeatmapThread: !@ CAM New BSOH: 97
12-01 11:13:25.984  1816  1830 E HeatmapThread: !@ CAM is Working
12-01 11:13:26.910  1018  1114 E DevLauncher: DevLauncher tries to handle uncaught exception.
12-01 11:13:26.910  1018  1114 E DevLauncher: kotlin.UninitializedPropertyAccessException: lateinit property requestPermission has not been initialized
12-01 11:13:26.910  1018  1114 E DevLauncher: 	at dev.matinzd.healthconnect.permissions.HealthConnectPermissionDelegate.launchPermissionsDialog(HealthConnectPermissionDelegate.kt:45)
12-01 11:13:26.910  1018  1114 E DevLauncher: 	at dev.matinzd.healthconnect.HealthConnectManager$requestPermission$1$1.invokeSuspend(HealthConnectManager.kt:72)
12-01 11:13:26.910  1018  1114 E DevLauncher: 	at kotlin.coroutines.jvm.internal.BaseContinuationImpl.resumeWith(ContinuationImpl.kt:33)
12-01 11:13:26.910  1018  1114 E DevLauncher: 	at kotlinx.coroutines.DispatchedTask.run(DispatchedTask.kt:101)
12-01 11:13:26.910  1018  1114 E DevLauncher: 	at kotlinx.coroutines.internal.LimitedDispatcher$Worker.run(LimitedDispatcher.kt:113)
12-01 11:13:26.910  1018  1114 E DevLauncher: 	at kotlinx.coroutines.scheduling.TaskImpl.run(Tasks.kt:89)
12-01 11:13:26.910  1018  1114 E DevLauncher: 	at kotlinx.coroutines.scheduling.CoroutineScheduler.runSafely(CoroutineScheduler.kt:589)
12-01 11:13:26.910  1018  1114 E DevLauncher: 	at kotlinx.coroutines.scheduling.CoroutineScheduler$Worker.executeTask(CoroutineScheduler.kt:823)
12-01 11:13:26.910  1018  1114 E DevLauncher: 	at kotlinx.coroutines.scheduling.CoroutineScheduler$Worker.runWorker(CoroutineScheduler.kt:720)
12-01 11:13:26.910  1018  1114 E DevLauncher: 	at kotlinx.coroutines.scheduling.CoroutineScheduler$Worker.run(CoroutineScheduler.kt:707)
12-01 11:13:26.910  1018  1114 E DevLauncher: 	Suppressed: kotlinx.coroutines.internal.DiagnosticCoroutineContextException: [StandaloneCoroutine{Cancelling}@b201f23, Dispatchers.IO]
12-01 11:13:26.911  1018  1114 E healingbeat.app: hiddenapi: Accessing hidden method Ljava/lang/StackTraceElement;-><init>()V (runtime_flags=0, domain=core-platform, api=blocked) from Lcom/google/gson/internal/ConstructorConstructor; (domain=app) using reflection: denied
12-01 11:13:26.930  5267  5267 E pageboostd: Received HALT command code 2
12-01 11:13:26.958  2183  2787 E NotificationService: isPkgBlocked = true
12-01 11:13:26.958  2183  2787 E NotificationService: isRecordBlocked = false
12-01 11:13:26.958  2183  2787 E NotificationService: Suppressing notification from package com.healingbeat.app by user request.
12-01 11:13:26.974  2183  2787 E NotificationService: isPkgBlocked = true
12-01 11:13:26.974  2183  2787 E NotificationService: isRecordBlocked = false
12-01 11:13:26.974  2183  2787 E NotificationService: Suppressing notification from package com.healingbeat.app by user request.
12-01 11:13:26.978  1820  1820 E SurfaceFlinger: alpha changed 1.000 -> 0.000 - ActivityRecord{243791697 u0 com.healingbeat.app/expo.modules.devlauncher.launcher.errors.DevLauncherErrorActivity t205}#419
12-01 11:13:26.978  1820  1820 E SurfaceFlinger: alpha changed 0.000 -> 1.000 - ActivityRecord{243791697 u0 com.healingbeat.app/expo.modules.devlauncher.launcher.errors.DevLauncherErrorActivity t205}#419
12-01 11:13:26.979  1816  1830 E HeatmapThread: ECT Thread time in milliseconds: 1764555206
12-01 11:13:26.981  1816  1830 E HeatmapThread: !@ CAM New BSOH: 97
12-01 11:13:26.981  1816  1830 E HeatmapThread: !@ CAM is Working
12-01 11:13:26.996  2183  2787 E NotificationService: isPkgBlocked = true
12-01 11:13:26.996  2183  2787 E NotificationService: isRecordBlocked = false
12-01 11:13:26.996  2183  2787 E NotificationService: Suppressing notification from package com.healingbeat.app by user request.
12-01 11:13:27.101  5267  5267 E pageboostd: Received HALT command code 2
12-01 11:13:27.145  1820  1820 E SurfaceFlinger: alpha changed 1.000 -> 0.000 - Surface(name=eee0de InputMethod)/@0x1ab4678 - animation-leash of insets_animation#431
12-01 11:13:27.163  1018  1018 E unknown:ReactNative: Tried to remove non-existent frame callback
12-01 11:13:27.979  1816  1830 E HeatmapThread: ECT Thread time in milliseconds: 1764555207
12-01 11:13:27.984  1816  1830 E HeatmapThread: !@ CAM New BSOH: 97
12-01 11:13:27.984  1816  1830 E HeatmapThread: !@ CAM is Working
12-01 11:13:28.979  1816  1830 E HeatmapThread: ECT Thread time in milliseconds: 1764555208
12-01 11:13:28.983  1816  1830 E HeatmapThread: !@ CAM New BSOH: 97
12-01 11:13:28.983  1816  1830 E HeatmapThread: !@ CAM is Working
12-01 11:13:29.979  1816  1830 E HeatmapThread: ECT Thread time in milliseconds: 1764555209
12-01 11:13:29.985  1816  1830 E HeatmapThread: !@ CAM New BSOH: 97
12-01 11:13:29.985  1816  1830 E HeatmapThread: !@ CAM is Working
12-01 11:13:30.446  2183  5890 E TaskPersister: File error accessing recents directory (directory doesn't exist?).
12-01 11:13:30.979  1816  1830 E HeatmapThread: ECT Thread time in milliseconds: 1764555210
12-01 11:13:30.984  1816  1830 E HeatmapThread: !@ CAM New BSOH: 97
12-01 11:13:30.984  1816  1830 E HeatmapThread: !@ CAM is Working
12-01 11:13:31.979  1816  1830 E HeatmapThread: ECT Thread time in milliseconds: 1764555211
12-01 11:13:31.983  1816  1830 E HeatmapThread: !@ CAM New BSOH: 97
12-01 11:13:31.983  1816  1830 E HeatmapThread: !@ CAM is Working
12-01 11:13:31.996  1018  1018 E InputEventReceiver: Exception dispatching input event.
--
12-01 11:13:31.997  1018  1018 E MessageQueue-JNI: 	at android.view.ViewRootImpl$InputStage.onDeliverToNext(ViewRootImpl.java:8958)
12-01 11:13:31.997  1018  1018 E MessageQueue-JNI: 	at android.view.ViewRootImpl$InputStage.forward(ViewRootImpl.java:8924)
12-01 11:13:31.997  1018  1018 E MessageQueue-JNI: 	at android.view.ViewRootImpl$InputStage.apply(ViewRootImpl.java:8932)
12-01 11:13:31.997  1018  1018 E MessageQueue-JNI: 	at android.view.ViewRootImpl$InputStage.deliver(ViewRootImpl.java:8905)
12-01 11:13:31.997  1018  1018 E MessageQueue-JNI: 	at android.view.ViewRootImpl.deliverInputEvent(ViewRootImpl.java:12785)
12-01 11:13:31.997  1018  1018 E MessageQueue-JNI: 	at android.view.ViewRootImpl.doProcessInputEvents(ViewRootImpl.java:12673)
12-01 11:13:31.997  1018  1018 E MessageQueue-JNI: 	at android.view.ViewRootImpl.enqueueInputEvent(ViewRootImpl.java:12628)
