12-01 11:13:31.997  1018  1018 E MessageQueue-JNI: 	at android.view.ViewRootImpl.processRawInputEvent(ViewRootImpl.java:13165)
12-01 11:13:31.997  1018  1018 E MessageQueue-JNI: 	at android.view.ViewRootImpl$WindowInputEventReceiver.onInputEvent(ViewRootImpl.java:12915)
12-01 11:13:31.997  1018  1018 E MessageQueue-JNI: 	at android.view.InputEventReceiver.dispatchInputEvent(InputEventReceiver.java:392)
12-01 11:13:31.997  1018  1018 E MessageQueue-JNI: 	at android.os.MessageQueue.nativePollOnce(Native Method)
12-01 11:13:31.997  1018  1018 E MessageQueue-JNI: 	at android.os.MessageQueue.nextLegacy(MessageQueue.java:950)
12-01 11:13:31.997  1018  1018 E MessageQueue-JNI: 	at android.os.MessageQueue.next(MessageQueue.java:1062)
12-01 11:13:31.997  1018  1018 E MessageQueue-JNI: 	at android.os.Looper.loopOnce(Looper.java:221)
12-01 11:13:31.997  1018  1018 E MessageQueue-JNI: 	at android.os.Looper.loop(Looper.java:363)
12-01 11:13:31.997  1018  1018 E MessageQueue-JNI: 	at android.app.ActivityThread.main(ActivityThread.java:10060)
12-01 11:13:31.997  1018  1018 E MessageQueue-JNI: 	at java.lang.reflect.Method.invoke(Native Method)
12-01 11:13:31.997  1018  1018 E MessageQueue-JNI: 	at com.android.internal.os.RuntimeInit$MethodAndArgsCaller.run(RuntimeInit.java:632)
12-01 11:13:31.997  1018  1018 E MessageQueue-JNI: 	at com.android.internal.os.ZygoteInit.main(ZygoteInit.java:975)
12-01 11:13:31.998  1018  1018 E AndroidRuntime: FATAL EXCEPTION: main
12-01 11:13:31.998  1018  1018 E AndroidRuntime: Process: com.healingbeat.app, PID: 1018
12-01 11:13:31.998  1018  1018 E AndroidRuntime: java.lang.NullPointerException: null cannot be cast to non-null type expo.modules.devlauncher.DevLauncherController
12-01 11:13:31.998  1018  1018 E AndroidRuntime: 	at expo.modules.devlauncher.compose.models.ErrorViewModel.onAction(ErrorViewModel.kt:62)
12-01 11:13:31.998  1018  1018 E AndroidRuntime: 	at expo.modules.devlauncher.launcher.errors.DevLauncherErrorActivity$onCreate$2$1$1.invoke(DevLauncherErrorActivity.kt:44)
12-01 11:13:31.998  1018  1018 E AndroidRuntime: 	at expo.modules.devlauncher.launcher.errors.DevLauncherErrorActivity$onCreate$2$1$1.invoke(DevLauncherErrorActivity.kt:44)
12-01 11:13:31.998  1018  1018 E AndroidRuntime: 	at expo.modules.devlauncher.compose.screens.ErrorScreenKt.ErrorScreen$lambda$8$lambda$7$lambda$4$lambda$3(ErrorScreen.kt:68)
12-01 11:13:31.998  1018  1018 E AndroidRuntime: 	at expo.modules.devlauncher.compose.screens.ErrorScreenKt.$r8$lambda$8C7evjQMrikGDevLXg1JiogMqUM(Unknown Source:0)
12-01 11:13:31.998  1018  1018 E AndroidRuntime: 	at expo.modules.devlauncher.compose.screens.ErrorScreenKt$$ExternalSyntheticLambda1.invoke(D8$$SyntheticClass:0)
12-01 11:13:31.998  1018  1018 E AndroidRuntime: 	at androidx.compose.foundation.ClickableNode.onPointerEvent-H0pRuoY(Clickable.kt:1009)
12-01 11:13:31.998  1018  1018 E AndroidRuntime: 	at androidx.compose.ui.input.pointer.Node.dispatchMainEventPass(HitPathTracker.kt:436)
12-01 11:13:31.998  1018  1018 E AndroidRuntime: 	at androidx.compose.ui.input.pointer.NodeParent.dispatchMainEventPass(HitPathTracker.kt:275)
12-01 11:13:31.998  1018  1018 E AndroidRuntime: 	at androidx.compose.ui.input.pointer.HitPathTracker.dispatchChanges(HitPathTracker.kt:171)
12-01 11:13:31.998  1018  1018 E AndroidRuntime: 	at androidx.compose.ui.input.pointer.PointerInputEventProcessor.process-BIzXfog(PointerInputEventProcessor.kt:118)
12-01 11:13:31.998  1018  1018 E AndroidRuntime: 	at androidx.compose.ui.platform.AndroidComposeView.sendMotionEvent-8iAsVTc(AndroidComposeView.android.kt:2428)
12-01 11:13:31.998  1018  1018 E AndroidRuntime: 	at androidx.compose.ui.platform.AndroidComposeView.handleMotionEvent-8iAsVTc(AndroidComposeView.android.kt:2378)
12-01 11:13:31.998  1018  1018 E AndroidRuntime: 	at androidx.compose.ui.platform.AndroidComposeView.dispatchTouchEvent(AndroidComposeView.android.kt:2249)
12-01 11:13:31.998  1018  1018 E AndroidRuntime: 	at android.view.ViewGroup.dispatchTransformedTouchEvent(ViewGroup.java:3371)
12-01 11:13:31.998  1018  1018 E AndroidRuntime: 	at android.view.ViewGroup.dispatchTouchEvent(ViewGroup.java:3047)
12-01 11:13:31.998  1018  1018 E AndroidRuntime: 	at android.view.ViewGroup.dispatchTransformedTouchEvent(ViewGroup.java:3371)
12-01 11:13:31.998  1018  1018 E AndroidRuntime: 	at android.view.ViewGroup.dispatchTouchEvent(ViewGroup.java:3047)
12-01 11:13:31.998  1018  1018 E AndroidRuntime: 	at android.view.ViewGroup.dispatchTransformedTouchEvent(ViewGroup.java:3371)
--
12-01 11:13:42.116  1674  1750 E minksocket: MinkIPC_QRTR_Service: client with node 1 port 45b7 went down
12-01 11:13:42.118  1018  1533 E unknown:ReconnectingWebSocket: Error occurred, shutting down websocket connection: Websocket exception
12-01 11:13:42.118  1018  1533 E unknown:ReconnectingWebSocket: java.net.SocketException: Software caused connection abort
12-01 11:13:42.118  1018  1533 E unknown:ReconnectingWebSocket: 	at java.net.SocketInputStream.socketRead0(Native Method)
12-01 11:13:42.118  1018  1533 E unknown:ReconnectingWebSocket: 	at java.net.SocketInputStream.socketRead(SocketInputStream.java:118)
12-01 11:13:42.118  1018  1533 E unknown:ReconnectingWebSocket: 	at java.net.SocketInputStream.read(SocketInputStream.java:173)
12-01 11:13:42.118  1018  1533 E unknown:ReconnectingWebSocket: 	at java.net.SocketInputStream.read(SocketInputStream.java:143)
12-01 11:13:42.118  1018  1533 E unknown:ReconnectingWebSocket: 	at okio.InputStreamSource.read(JvmOkio.kt:93)
12-01 11:13:42.118  1018  1533 E unknown:ReconnectingWebSocket: 	at okio.AsyncTimeout$source$1.read(AsyncTimeout.kt:153)
12-01 11:13:42.118  1018  1533 E unknown:ReconnectingWebSocket: 	at okio.RealBufferedSource.request(RealBufferedSource.kt:211)
12-01 11:13:42.118  1018  1533 E unknown:ReconnectingWebSocket: 	at okio.RealBufferedSource.require(RealBufferedSource.kt:204)
12-01 11:13:42.118  1018  1533 E unknown:ReconnectingWebSocket: 	at okio.RealBufferedSource.readByte(RealBufferedSource.kt:214)
12-01 11:13:42.118  1018  1533 E unknown:ReconnectingWebSocket: 	at okhttp3.internal.ws.WebSocketReader.readHeader(WebSocketReader.kt:119)
12-01 11:13:42.118  1018  1533 E unknown:ReconnectingWebSocket: 	at okhttp3.internal.ws.WebSocketReader.processNextFrame(WebSocketReader.kt:102)
12-01 11:13:42.118  1018  1533 E unknown:ReconnectingWebSocket: 	at okhttp3.internal.ws.RealWebSocket.loopReader(RealWebSocket.kt:293)
12-01 11:13:42.118  1018  1533 E unknown:ReconnectingWebSocket: 	at okhttp3.internal.ws.RealWebSocket$connect$1.onResponse(RealWebSocket.kt:195)
12-01 11:13:42.118  1018  1533 E unknown:ReconnectingWebSocket: 	at okhttp3.internal.connection.RealCall$AsyncCall.run(RealCall.kt:519)
12-01 11:13:42.118  1018  1533 E unknown:ReconnectingWebSocket: 	at java.util.concurrent.ThreadPoolExecutor.runWorker(ThreadPoolExecutor.java:1156)
12-01 11:13:42.118  1018  1533 E unknown:ReconnectingWebSocket: 	at java.util.concurrent.ThreadPoolExecutor$Worker.run(ThreadPoolExecutor.java:651)
12-01 11:13:42.118  1018  1533 E unknown:ReconnectingWebSocket: 	at java.lang.Thread.run(Thread.java:1119)
12-01 11:13:42.194  2183  2183 E AppOps  : Operation not started: uid=10373 pkg=com.healingbeat.app(null) op=WAKE_LOCK
12-01 11:13:42.197  1820  1820 E BpTransactionCompletedListener: Failed to transact (-32)
12-01 11:13:42.198  1335  8390 E keystore2: system/security/keystore2/src/keystore2_main.rs:74 - !@ [SQLITE3] 30: open db: flags=33554438, /data/misc/keystore/vpnprofilestore.sqlite
12-01 11:13:42.201  1335  8390 E keystore2: system/security/keystore2/src/keystore2_main.rs:74 - !@ [SQLITE3] 30: close db /data/misc/keystore/vpnprofilestore.sqlite.
12-01 11:13:42.230  1820  1820 E SurfaceFlinger: alpha changed 0.016 -> 0.000 - Surface(name=f872a5e com.google.android.packageinstaller/com.android.packageinstaller.UninstallerActivity)/@0x3abccc5 - animation-leash of window_animation#465
12-01 11:13:42.247  1820  1820 E SurfaceFlinger: alpha changed 0.016 -> 0.000 - Task=206#453
12-01 11:13:42.247  1820  1820 E SurfaceFlinger: alpha changed 0.000 -> 1.000 - Task=206#453
12-01 11:13:42.251  2183  5890 E TaskPersister: File error accessing recents directory (directory doesn't exist?).
12-01 11:13:42.266  2183  2549 E WindowManager: win=Window{f872a5e u0 com.google.android.packageinstaller/com.android.packageinstaller.UninstallerActivity EXITING} destroySurfaces: appStopped=false cleanupOnResume=false win.mWindowRemovalAllowed=true win.mRemoveOnExit=true win.mViewVisibility=0 caller=com.android.server.wm.WindowState.onExitAnimationDone:224 com.android.server.wm.WindowState.onAnimationFinished:161 com.android.server.wm.WindowContainer$$ExternalSyntheticLambda8.onAnimationFinished:3 com.android.server.wm.SurfaceAnimator.cancelAnimation:17 com.android.server.wm.SurfaceAnimator.cancelAnimation:1 com.android.server.wm.WindowContainer.setParent:49 com.android.server.wm.WindowContainer.removeChild:17 
12-01 11:13:42.293  2165  2230 E ashmem  : Pinning is deprecated since Android Q. Please use trim or other methods.
12-01 11:13:42.303  2226  2226 E msung.klmsagent: Not starting debugger since process cannot load the jdwp agent.
12-01 11:13:42.319  1335  8390 E keystore2: system/security/keystore2/src/keystore2_main.rs:74 - !@ [SQLITE3] 30: open db: flags=33554438, /data/misc/keystore/vpnprofilestore.sqlite
12-01 11:13:42.319  1335  2217 E keystore2: system/security/keystore2/src/keystore2_main.rs:74 - !@ [SQLITE3] 30: open db: flags=33554438, /data/misc/keystore/vpnprofilestore.sqlite
12-01 11:13:42.320  1335  2217 E keystore2: system/security/keystore2/src/keystore2_main.rs:74 - !@ [SQLITE3] 30: close db /data/misc/keystore/vpnprofilestore.sqlite.
12-01 11:13:42.320  1335  8390 E keystore2: system/security/keystore2/src/keystore2_main.rs:74 - !@ [SQLITE3] 30: close db /data/misc/keystore/vpnprofilestore.sqlite.
12-01 11:13:42.329  4027  4027 E VvmPkgInstalledRcvr: carrierVvmPkgAdded: cannot create TelephonyManager from ComponentInfo{com.android.phone/com.android.services.telephony.TelephonyConnectionService}, E, UserHandle{0}
12-01 11:13:42.339  1820  1820 E SurfaceFlinger: alpha changed 0.007 -> 0.000 - Dim Layer for - Task=206#464
12-01 11:13:42.393  4319  4319 E ApduServiceInfo: Not adding <aid-group> with empty or invalid AIDs
12-01 11:13:42.394  4319  4319 E ApduServiceInfo: Not adding <aid-group> with empty or invalid AIDs
12-01 11:13:42.398  4319  4319 E ApduServiceInfo: Not adding <aid-group> with empty or invalid AIDs
12-01 11:13:42.398  4319  4319 E ApduServiceInfo: Not adding <aid-group> with empty or invalid AIDs
--
12-01 11:13:42.439  2183 10467 E AppOpService: 	at com.android.server.appop.AppOpsCheckingServiceTracingDecorator.setUidMode(qb/103240656 c577bcf375aa62b15febb7d34f3de8e3ddc1abfd2bafd20f81ea4248a290b3ef:11)
12-01 11:13:42.439  2183 10467 E AppOpService: 	at com.android.server.appop.AppOpsService.setUidMode(qb/103240656 c577bcf375aa62b15febb7d34f3de8e3ddc1abfd2bafd20f81ea4248a290b3ef:56)
12-01 11:13:42.439  2183 10467 E AppOpService: 	at com.android.server.appop.AppOpsService.setUidMode(qb/103240656 c577bcf375aa62b15febb7d34f3de8e3ddc1abfd2bafd20f81ea4248a290b3ef:1)
12-01 11:13:42.439  2183 10467 E AppOpService: 	at android.app.AppOpsManager.setUidMode(AppOpsManager.java:8654)
12-01 11:13:42.439  2183 10467 E AppOpService: 	at com.android.role.controller.model.Permissions.setAppOpModeAsUser(Permissions.java:908)
12-01 11:13:42.439  2183 10467 E AppOpService: 	at com.android.role.controller.model.Permissions.setAppOpUidModeAsUser(Permissions.java:885)
12-01 11:13:42.439  2183 10467 E AppOpService: 	at com.android.role.controller.model.Permissions.grantPermissionAndAppOpAsUser(Permissions.java:373)
12-01 11:13:42.439  2183 10467 E AppOpService: 	at com.android.role.controller.model.Permissions.grantSingleAsUser(Permissions.java:247)
12-01 11:13:42.439  2183 10467 E AppOpService: 	at com.android.role.controller.model.Permissions.grantAsUser(Permissions.java:205)
12-01 11:13:42.439  2183 10467 E AppOpService: 	at com.android.role.controller.model.Role.grantAsUser(Role.java:867)
12-01 11:13:42.439  2183 10467 E AppOpService: 	at com.android.role.controller.service.RoleControllerServiceImpl.addRoleHolderInternal(RoleControllerServiceImpl.java:376)
12-01 11:13:42.439  2183 10467 E AppOpService: 	at com.android.role.controller.service.RoleControllerServiceImpl.onGrantDefaultRoles(RoleControllerServiceImpl.java:163)
12-01 11:13:42.439  2183 10467 E AppOpService: 	at com.android.role.LocalRoleController.lambda$grantDefaultRoles$1(LocalRoleController.java:56)
12-01 11:13:42.439  2183 10467 E AppOpService: 	at com.android.role.LocalRoleController.$r8$lambda$ye-flP7Mf14AbTzwSmiTgndT6Cg(LocalRoleController.java:0)
12-01 11:13:42.439  2183 10467 E AppOpService: 	at com.android.role.LocalRoleController$$ExternalSyntheticLambda1.run(R8$$SyntheticClass:0)
12-01 11:13:42.439  2183 10467 E AppOpService: 	at android.os.Handler.handleCallback(Handler.java:995)
12-01 11:13:42.439  2183 10467 E AppOpService: 	at android.os.Handler.dispatchMessage(Handler.java:103)
12-01 11:13:42.439  2183 10467 E AppOpService: 	at android.os.Looper.loopOnce(Looper.java:273)
12-01 11:13:42.439  2183 10467 E AppOpService: 	at android.os.Looper.loop(Looper.java:363)
12-01 11:13:42.439  2183 10467 E AppOpService: 	at android.os.HandlerThread.run(HandlerThread.java:85)
12-01 11:13:42.594  5905  6236 E DMASA[C]: [LOGWING][k]Failed to get App version : com.healingbeat.app
12-01 11:13:42.710  2352  2352 E roid.da.daagent: Not starting debugger since process cannot load the jdwp agent.
12-01 11:13:42.817  1820  5167 E NativeCustomFrequencyManager: [NativeCFMS] BpCustomFrequencyManager::acquire()
12-01 11:13:42.967  2226  2342 E ashmem  : Pinning is deprecated since Android Q. Please use trim or other methods.
12-01 11:13:42.973  2300  2300 E ashmem  : Pinning is deprecated since Android Q. Please use trim or other methods.
12-01 11:13:42.979  1816  1830 E HeatmapThread: ECT Thread time in milliseconds: 1764555222
12-01 11:13:42.984  1816  1830 E HeatmapThread: !@ CAM New BSOH: 97
12-01 11:13:42.984  1816  1830 E HeatmapThread: !@ CAM is Working
12-01 11:13:43.012 28712 28712 E DWBi    : package name can't find
12-01 11:13:43.023  2352  2352 E ashmem  : Pinning is deprecated since Android Q. Please use trim or other methods.
12-01 11:13:43.027 27196 27222 E Finsky  : [80] [Counters] attempted to use a non-positive increment for: 4752
12-01 11:13:43.055  2399  2399 E ier.carrierwifi: Not starting debugger since process cannot load the jdwp agent.
12-01 11:13:43.112  2300  2463 E SLPASVC : deleteSentNotificationsFromEuicc                                                                    [at com.samsung.euicc.util.NotificationUtils.deleteSentNotificationsFromEuicc(NotificationUtils.java:140)]
12-01 11:13:43.130  2300  2463 E SLPASVC : ListToRemove table is null                                                                          [at com.samsung.euicc.util.NotificationUtils.deleteSentNotificationsFromEuicc(NotificationUtils.java:148)]
12-01 11:13:43.203  2399  2567 E ashmem  : Pinning is deprecated since Android Q. Please use trim or other methods.
12-01 11:13:43.230  2300  2463 E SLPASVC : Notification List is null!!                                                                         [at com.samsung.euicc.util.NotificationUtils.addNotificationsToSendDB(NotificationUtils.java:207)]
12-01 11:13:43.230  2300  2463 E SLPASVC : not blocking request: ListProfileRequest                                                            [at com.samsung.euicc.lpaService.gsma.phase2.state.Idle.handleMessage(Idle.java:103)]
12-01 11:13:43.230  5579 28799 E LoadedApk: Exception : java.lang.NullPointerException: Attempt to invoke virtual method 'boolean android.os.Looper.isPerfLogEnable()' on a null object reference
12-01 11:13:43.234  4883  1524 E LoadedApk: Exception : java.lang.NullPointerException: Attempt to invoke virtual method 'boolean android.os.Looper.isPerfLogEnable()' on a null object reference
12-01 11:13:43.237  5579 28799 E LoadedApk: Exception : java.lang.NullPointerException: Attempt to invoke virtual method 'boolean android.os.Looper.isPerfLogEnable()' on a null object reference
12-01 11:13:43.244  2570  2570 E oid.documentsui: Not starting debugger since process cannot load the jdwp agent.
--
12-01 11:29:03.983  1816  1830 E HeatmapThread: !@ CAM New BSOH: 97
12-01 11:29:03.983  1816  1830 E HeatmapThread: !@ CAM is Working
12-01 11:29:04.979  1816  1830 E HeatmapThread: ECT Thread time in milliseconds: 1764556144
12-01 11:29:04.983  1816  1830 E HeatmapThread: !@ CAM New BSOH: 97
12-01 11:29:04.984  1816  1830 E HeatmapThread: !@ CAM is Working
12-01 11:29:05.150  2183  2667 E Watchdog: !@Sync: 129 heap(MB): 102 / 142 FD: 1170 [2025-12-01 11:29:05.150]
12-01 11:29:05.979  1816  1830 E HeatmapThread: ECT Thread time in milliseconds: 1764556145
12-01 11:29:05.984  1816  1830 E HeatmapThread: !@ CAM New BSOH: 97
12-01 11:29:05.984  1816  1830 E HeatmapThread: !@ CAM is Working
12-01 11:29:06.979  1816  1830 E HeatmapThread: ECT Thread time in milliseconds: 1764556146
12-01 11:29:06.983  1816  1830 E HeatmapThread: !@ CAM New BSOH: 97
12-01 11:29:06.983  1816  1830 E HeatmapThread: !@ CAM is Working
12-01 11:29:07.047  2183  6039 E BatteryStatsService: Invalid uid for waking network packet: -1
12-01 11:29:07.306  1778  1867 E BatteryDump: !@new_battery_dump : 4316,-14,3000,2800,100,275,273,298,275,0,290,285,0,Full,NO_CHARGING,None,Good,PDIC,0,Normal,0,0,5400,0x0,0x10000,0x0,0,0,0000,0000,ffff0700,0,0,0,0,841,4322,10000,980,0,
12-01 11:29:07.392  2183  2543 E AtomicFile: Failed to rename /data/system/install_sessions.xml.new to /data/system/install_sessions.xml
12-01 11:29:07.400  1335  7747 E keystore2: system/security/keystore2/src/keystore2_main.rs:74 - !@ [SQLITE3] 30: open db: flags=33554438, /data/misc/keystore/vpnprofilestore.sqlite
12-01 11:29:07.400  1335  7895 E keystore2: system/security/keystore2/src/keystore2_main.rs:74 - !@ [SQLITE3] 30: open db: flags=33554438, /data/misc/keystore/vpnprofilestore.sqlite
12-01 11:29:07.401  1335  7895 E keystore2: system/security/keystore2/src/keystore2_main.rs:74 - !@ [SQLITE3] 30: close db /data/misc/keystore/vpnprofilestore.sqlite.
12-01 11:29:07.401  1335  7747 E keystore2: system/security/keystore2/src/keystore2_main.rs:74 - !@ [SQLITE3] 30: close db /data/misc/keystore/vpnprofilestore.sqlite.
12-01 11:29:07.413  2183 10467 E RoleControllerServiceImpl: Default/fallback role holder package doesn't qualify for the role, package: com.google.android.gms.supervision, role: android.app.role.SYSTEM_SUPERVISION
12-01 11:29:07.425  4027  4662 E SatelliteAppTracker: packageName: com.healingbeat.app, value: null
12-01 11:29:07.426  4027  4027 E VvmPkgInstalledRcvr: carrierVvmPkgAdded: cannot create TelephonyManager from ComponentInfo{com.android.phone/com.android.services.telephony.TelephonyConnectionService}, E, UserHandle{0}
12-01 11:29:07.427  4027  4662 E SatelliteAppTracker: packageName: com.healingbeat.app, value: null
12-01 11:29:07.434  2183 10467 E RoleControllerServiceImpl: Default/fallback role holder package doesn't qualify for the role, package: com.google.android.gms, role: android.app.role.SYSTEM_DEPENDENCY_INSTALLER
12-01 11:29:07.437  2183 10467 E AppOpService: Blocked setUidMode call for runtime permission app op: uid = 1000, code = CAMERA, mode = foreground, callingUid = 1000, oldMode = allow
12-01 11:29:07.437  2183 10467 E AppOpService: java.lang.RuntimeException
12-01 11:29:07.437  2183 10467 E AppOpService: 	at com.android.server.permission.access.appop.AppOpService.setUidMode(qb/103240656 c577bcf375aa62b15febb7d34f3de8e3ddc1abfd2bafd20f81ea4248a290b3ef:159)
12-01 11:29:07.437  2183 10467 E AppOpService: 	at com.android.server.appop.AppOpsCheckingServiceTracingDecorator.setUidMode(qb/103240656 c577bcf375aa62b15febb7d34f3de8e3ddc1abfd2bafd20f81ea4248a290b3ef:11)
12-01 11:29:07.437  2183 10467 E AppOpService: 	at com.android.server.appop.AppOpsService.setUidMode(qb/103240656 c577bcf375aa62b15febb7d34f3de8e3ddc1abfd2bafd20f81ea4248a290b3ef:56)
12-01 11:29:07.437  2183 10467 E AppOpService: 	at com.android.server.appop.AppOpsService.setUidMode(qb/103240656 c577bcf375aa62b15febb7d34f3de8e3ddc1abfd2bafd20f81ea4248a290b3ef:1)
12-01 11:29:07.437  2183 10467 E AppOpService: 	at android.app.AppOpsManager.setUidMode(AppOpsManager.java:8654)
12-01 11:29:07.437  2183 10467 E AppOpService: 	at com.android.role.controller.model.Permissions.setAppOpModeAsUser(Permissions.java:908)
12-01 11:29:07.437  2183 10467 E AppOpService: 	at com.android.role.controller.model.Permissions.setAppOpUidModeAsUser(Permissions.java:885)
12-01 11:29:07.437  2183 10467 E AppOpService: 	at com.android.role.controller.model.Permissions.grantPermissionAndAppOpAsUser(Permissions.java:373)
12-01 11:29:07.437  2183 10467 E AppOpService: 	at com.android.role.controller.model.Permissions.grantSingleAsUser(Permissions.java:247)
12-01 11:29:07.437  2183 10467 E AppOpService: 	at com.android.role.controller.model.Permissions.grantAsUser(Permissions.java:205)
12-01 11:29:07.437  2183 10467 E AppOpService: 	at com.android.role.controller.model.Role.grantAsUser(Role.java:867)
12-01 11:29:07.437  2183 10467 E AppOpService: 	at com.android.role.controller.service.RoleControllerServiceImpl.addRoleHolderInternal(RoleControllerServiceImpl.java:376)
12-01 11:29:07.437  2183 10467 E AppOpService: 	at com.android.role.controller.service.RoleControllerServiceImpl.onGrantDefaultRoles(RoleControllerServiceImpl.java:163)
12-01 11:29:07.437  2183 10467 E AppOpService: 	at com.android.role.LocalRoleController.lambda$grantDefaultRoles$1(LocalRoleController.java:56)
12-01 11:29:07.437  2183 10467 E AppOpService: 	at com.android.role.LocalRoleController.$r8$lambda$ye-flP7Mf14AbTzwSmiTgndT6Cg(LocalRoleController.java:0)
12-01 11:29:07.437  2183 10467 E AppOpService: 	at com.android.role.LocalRoleController$$ExternalSyntheticLambda1.run(R8$$SyntheticClass:0)
12-01 11:29:07.437  2183 10467 E AppOpService: 	at android.os.Handler.handleCallback(Handler.java:995)
12-01 11:29:07.437  2183 10467 E AppOpService: 	at android.os.Handler.dispatchMessage(Handler.java:103)
12-01 11:29:07.437  2183 10467 E AppOpService: 	at android.os.Looper.loopOnce(Looper.java:273)
12-01 11:29:07.437  2183 10467 E AppOpService: 	at android.os.Looper.loop(Looper.java:363)
12-01 11:29:07.437  2183 10467 E AppOpService: 	at android.os.HandlerThread.run(HandlerThread.java:85)
12-01 11:29:07.462  1388  1388 E QSEECOMPAT: lookupTA(vaultkeeper) returned 23
12-01 11:29:07.470  7897  7897 E ssioncontroller: Not starting debugger since process cannot load the jdwp agent.
12-01 11:29:07.485  4027  4662 E SatelliteAppTracker: packageName: com.healingbeat.app, value: null
12-01 11:29:07.487  7898  7898 E m.samsung.euicc: Not starting debugger since process cannot load the jdwp agent.
12-01 11:29:07.494  4027  4662 E SatelliteAppTracker: packageName: com.healingbeat.app, value: null
12-01 11:29:07.506  1388  7911 E SmcInvoke_MinkDescriptor: cbthread[tid 482102746176] exit
12-01 11:29:07.507  1388  7910 E SmcInvoke_MinkDescriptor: cbthread[tid 482103786560] exit
12-01 11:29:07.507  1388  7908 E SmcInvoke_MinkDescriptor: cbthread[tid 482104826944] exit
12-01 11:29:07.507  1388  7907 E SmcInvoke_MinkDescriptor: cbthread[tid 482105867328] exit
12-01 11:29:07.525  2183  2818 E libprocessgroup: AddTidToCgroup failed to write '5579'; path=foreground; process: Invalid argument
12-01 11:29:07.525  2183  2818 E libprocessgroup: Failed to add task into cgroup
12-01 11:29:07.528  7939  7939 E ackageinstaller: Not starting debugger since process cannot load the jdwp agent.
12-01 11:29:07.555 27196 27232 E Finsky  : [90] [Counters] attempted to use a non-positive increment for: 4752
12-01 11:29:07.555 27196 27232 E Finsky  : [90] [Counters] attempted to use a non-positive increment for: 4753
12-01 11:29:07.562  7898  7898 E ashmem  : Pinning is deprecated since Android Q. Please use trim or other methods.
12-01 11:29:07.579  7956  7956 E id.app.routines: Not starting debugger since process cannot load the jdwp agent.
12-01 11:29:07.593  7939  7939 E ashmem  : Pinning is deprecated since Android Q. Please use trim or other methods.
12-01 11:29:07.594 27196 27222 E Finsky  : [80] [Counters] attempted to use a non-positive increment for: 4752
12-01 11:29:07.597 27196 27232 E Finsky  : [90] [Counters] attempted to use a non-positive increment for: 4752
12-01 11:29:07.599 27196 27232 E Finsky  : [90] [Counters] attempted to use a non-positive increment for: 4753
12-01 11:29:07.603  7897  7897 E FeatureFlagsImplExport: android.os.flagging.AconfigStorageReadException: ERROR_PACKAGE_NOT_FOUND: package android.xr cannot be found on the device
12-01 11:29:07.605 27196 27229 E Finsky  : [87] [Counters] attempted to use a non-positive increment for: 4753
12-01 11:29:07.614  8027  8027 E ding:background: Not starting debugger since process cannot load the jdwp agent.
12-01 11:29:07.625  7897  7897 E ashmem  : Pinning is deprecated since Android Q. Please use trim or other methods.
12-01 11:29:07.630  5267  5267 E pageboostd: Received HALT command code 2
--
12-01 11:29:08.308  7956  8231 E id.app.routines: Invalid resource ID 0x00000000.
12-01 11:29:08.318  7956  8231 E id.app.routines: Invalid resource ID 0x00000000.
12-01 11:29:08.324  1674  1743 E minksocket: MinkIPC_QRTR_Service: client with node 1 port 45b8 went down
12-01 11:29:08.324  1674  1743 E minksocket: MinkIPC_QRTR_Service: client with node 1 port 45b9 went down
12-01 11:29:08.325  1674  1750 E minksocket: MinkIPC_QRTR_Service: client with node 1 port 45b8 went down
12-01 11:29:08.325  1674  1750 E minksocket: MinkIPC_QRTR_Service: client with node 1 port 45b9 went down
12-01 11:29:08.325  1674  1750 E minksocket: MinkIPC_QRTR_Service: client with node 1 port 45ba went down
12-01 11:29:08.326  1674  1743 E minksocket: MinkIPC_QRTR_Service: client with node 1 port 45ba went down
12-01 11:29:08.326  1674  1743 E minksocket: MinkIPC_QRTR_Service: client with node 1 port 45bb went down
12-01 11:29:08.326  1674  1750 E minksocket: MinkIPC_QRTR_Service: client with node 1 port 45bb went down
12-01 11:29:08.329  8080  8080 E DevLauncherController: Failed to hide splash screen
12-01 11:29:08.329  8080  8080 E DevLauncherController: java.lang.ClassNotFoundException: expo.modules.splashscreen.SplashScreenManager
12-01 11:29:08.329  8080  8080 E DevLauncherController: 	at java.lang.Class.classForName(Native Method)
12-01 11:29:08.329  8080  8080 E DevLauncherController: 	at java.lang.Class.forName(Class.java:597)
12-01 11:29:08.329  8080  8080 E DevLauncherController: 	at java.lang.Class.forName(Class.java:502)
12-01 11:29:08.329  8080  8080 E DevLauncherController: 	at expo.modules.devlauncher.DevLauncherController$Companion.initialize$expo_dev_launcher_debug(DevLauncherController.kt:428)
12-01 11:29:08.329  8080  8080 E DevLauncherController: 	at expo.modules.devlauncher.DevLauncherController$Companion.initialize(DevLauncherController.kt:474)
12-01 11:29:08.329  8080  8080 E DevLauncherController: 	at expo.modules.devlauncher.DevLauncherController$Companion.initialize$default(DevLauncherController.kt:472)
12-01 11:29:08.329  8080  8080 E DevLauncherController: 	at expo.modules.devlauncher.DevLauncherPackageDelegate$createApplicationLifecycleListeners$1.onCreate(DevLauncherPackageDelegate.kt:32)
12-01 11:29:08.329  8080  8080 E DevLauncherController: 	at expo.modules.ApplicationLifecycleDispatcher.onApplicationCreate(ApplicationLifecycleDispatcher.kt:20)
12-01 11:29:08.329  8080  8080 E DevLauncherController: 	at com.healingbeat.app.MainApplication.onCreate(MainApplication.kt:49)
12-01 11:29:08.329  8080  8080 E DevLauncherController: 	at android.app.Instrumentation.callApplicationOnCreate(Instrumentation.java:1384)
12-01 11:29:08.329  8080  8080 E DevLauncherController: 	at android.app.ActivityThread.handleBindApplication(ActivityThread.java:8750)
12-01 11:29:08.329  8080  8080 E DevLauncherController: 	at android.app.ActivityThread.-$$Nest$mhandleBindApplication(Unknown Source:0)
12-01 11:29:08.329  8080  8080 E DevLauncherController: 	at android.app.ActivityThread$H.handleMessage(ActivityThread.java:2873)
12-01 11:29:08.329  8080  8080 E DevLauncherController: 	at android.os.Handler.dispatchMessage(Handler.java:110)
12-01 11:29:08.329  8080  8080 E DevLauncherController: 	at android.os.Looper.loopOnce(Looper.java:273)
12-01 11:29:08.329  8080  8080 E DevLauncherController: 	at android.os.Looper.loop(Looper.java:363)
12-01 11:29:08.329  8080  8080 E DevLauncherController: 	at android.app.ActivityThread.main(ActivityThread.java:10060)
12-01 11:29:08.329  8080  8080 E DevLauncherController: 	at java.lang.reflect.Method.invoke(Native Method)
12-01 11:29:08.329  8080  8080 E DevLauncherController: 	at com.android.internal.os.RuntimeInit$MethodAndArgsCaller.run(RuntimeInit.java:632)
12-01 11:29:08.329  8080  8080 E DevLauncherController: 	at com.android.internal.os.ZygoteInit.main(ZygoteInit.java:975)
12-01 11:29:08.329  8080  8080 E DevLauncherController: Caused by: java.lang.ClassNotFoundException: Didn't find class "expo.modules.splashscreen.SplashScreenManager" on path: DexPathList[[zip file "/data/app/~~NkoWh4CUU-vU_Pib7Gm7xQ==/com.healingbeat.app-1iju0WorljbgBvt3A3LlXw==/base.apk"],nativeLibraryDirectories=[/data/app/~~NkoWh4CUU-vU_Pib7Gm7xQ==/com.healingbeat.app-1iju0WorljbgBvt3A3LlXw==/lib/arm64, /data/app/~~NkoWh4CUU-vU_Pib7Gm7xQ==/com.healingbeat.app-1iju0WorljbgBvt3A3LlXw==/base.apk!/lib/arm64-v8a, /system/lib64, /system_ext/lib64]]
12-01 11:29:08.329  8080  8080 E DevLauncherController: 	at dalvik.system.BaseDexClassLoader.findClass(BaseDexClassLoader.java:259)
12-01 11:29:08.329  8080  8080 E DevLauncherController: 	at java.lang.ClassLoader.loadClass(ClassLoader.java:637)
12-01 11:29:08.329  8080  8080 E DevLauncherController: 	at java.lang.ClassLoader.loadClass(ClassLoader.java:573)
12-01 11:29:08.329  8080  8080 E DevLauncherController: 	... 20 more
12-01 11:29:08.330  7956  8231 E id.app.routines: Invalid resource ID 0x00000000.
12-01 11:29:08.339  7956  8231 E id.app.routines: Invalid resource ID 0x00000000.
12-01 11:29:08.350  7956  8150 E Routine@Core[4.9.04.13]: NowBriefSettingConfig: getBriefVersionNameOrZero: result value  - 0
12-01 11:29:08.358  8080  8080 E ashmem  : Pinning is deprecated since Android Q. Please use trim or other methods.
12-01 11:29:08.372  7956  8150 E RunestoneSDK: Bundle parsing error -> Not exist key : isCriticalUpdateNeeded for isCriticalUpdateNeeded
12-01 11:29:08.384  7956  8150 E RunestoneSDK: Bundle parsing error -> Not exist key : isCriticalUpdateNeeded for isCriticalUpdateNeeded
12-01 11:29:08.404  8080  8080 E BufferQueueProducer: Unable to open libpenguin.so: dlopen failed: library "libpenguin.so" not found.
12-01 11:29:08.404  8080  8080 E healingbeat.app: Unable to open libpenguin.so: dlopen failed: library "libpenguin.so" not found.
12-01 11:29:08.409  7956  8150 E Routine@Sdk[3.1.20]: ParameterValues: toJsonString: mValue is null. mValueType=STRING
12-01 11:29:08.415  2183  6432 E WindowManager: win=Window{65bc7b u0 com.sec.android.app.launcher/com.sec.android.app.launcher.activities.LauncherActivity} destroySurfaces: appStopped=true cleanupOnResume=false win.mWindowRemovalAllowed=false win.mRemoveOnExit=false win.mViewVisibility=8 caller=com.android.server.wm.ActivityRecord.destroySurfaces:25 com.android.server.wm.ActivityRecord.activityStopped:192 com.android.server.wm.ActivityClientController.activityStopped:97 android.app.IActivityClientController$Stub.onTransact:740 com.android.server.wm.ActivityClientController.onTransact:1 android.os.Binder.execTransactInternal:1462 android.os.Binder.execTransact:1401 
12-01 11:29:08.422  5267  5267 E pageboostd: Received HALT command code 2
12-01 11:29:08.457  1820  1820 E SurfaceFlinger: alpha changed 1.000 -> 0.000 - Surface(name=eee0de InputMethod)/@0x1ab4678 - animation-leash of insets_animation#542
12-01 11:29:08.479  7956  8150 E Routine@Core[4.9.04.13]: NowBriefSettingConfig: getBriefVersionNameOrZero: result value  - 0
12-01 11:29:08.495  7956  8150 E RunestoneSDK: Bundle parsing error -> Not exist key : isCriticalUpdateNeeded for isCriticalUpdateNeeded
12-01 11:29:08.513  8301  8301 E ung.android.scs: Not starting debugger since process cannot load the jdwp agent.
12-01 11:29:08.517  7956  8150 E RunestoneSDK: Bundle parsing error -> Not exist key : isCriticalUpdateNeeded for isCriticalUpdateNeeded
12-01 11:29:08.530  7956  8150 E Routine@Core[4.9.04.13]: PlaceDataProvider: getLatLongFromRunestone: placeData is null
12-01 11:29:08.553  2183  6027 E SensorService: BigData:Pakage) 1 already enabled. 
12-01 11:29:08.562  5267  5267 E pageboostd: Received HALT command code 2
12-01 11:29:08.577  8301  8301 E ashmem  : Pinning is deprecated since Android Q. Please use trim or other methods.
12-01 11:29:08.599  1820  1820 E SurfaceFlinger: alpha changed 1.000 -> 0.000 - ActivityRecord{71180065 u0 com.healingbeat.app/.MainActivity t208}#544
12-01 11:29:08.599  1820  1820 E SurfaceFlinger: alpha changed 0.000 -> 1.000 - ActivityRecord{71180065 u0 com.healingbeat.app/.MainActivity t208}#544
12-01 11:29:08.624  7956  8150 E Routine@Core[4.9.04.13]: NowBriefSettingConfig: getBriefVersionNameOrZero: result value  - 0
12-01 11:29:08.631  7956  8150 E RunestoneSDK: Bundle parsing error -> Not exist key : isCriticalUpdateNeeded for isCriticalUpdateNeeded
12-01 11:29:08.643  7956  8150 E RunestoneSDK: Bundle parsing error -> Not exist key : isCriticalUpdateNeeded for isCriticalUpdateNeeded
12-01 11:29:08.688  7956  8150 E Routine@Sdk[3.1.20]: ParameterValues: toJsonString: mValue is null. mValueType=STRING
12-01 11:29:08.697  5267  5267 E pageboostd: Received HALT command code 2
12-01 11:29:08.724  7956  8150 E RoutineConditionHandler: onMigrate: this should not be called without overriding!!!
12-01 11:29:08.739  8080  8080 E unknown:ReactHost: Unhandled SoftException
12-01 11:29:08.739  8080  8080 E unknown:ReactHost: com.facebook.react.bridge.ReactNoCrashSoftException: raiseSoftException(onWindowFocusChange(hasFocus = "true")): Tried to access onWindowFocusChange while context is not ready
12-01 11:29:08.739  8080  8080 E unknown:ReactHost: 	at com.facebook.react.runtime.ReactHostImpl.raiseSoftException(ReactHostImpl.kt:787)
12-01 11:29:08.739  8080  8080 E unknown:ReactHost: 	at com.facebook.react.runtime.ReactHostImpl.raiseSoftException$default(ReactHostImpl.kt:779)
12-01 11:29:08.739  8080  8080 E unknown:ReactHost: 	at com.facebook.react.runtime.ReactHostImpl.onWindowFocusChange(ReactHostImpl.kt:589)
12-01 11:29:08.739  8080  8080 E unknown:ReactHost: 	at com.facebook.react.ReactDelegate.onWindowFocusChanged(ReactDelegate.kt:217)
12-01 11:29:08.739  8080  8080 E unknown:ReactHost: 	at com.facebook.react.ReactActivityDelegate.onWindowFocusChanged(ReactActivityDelegate.java:236)
12-01 11:29:08.739  8080  8080 E unknown:ReactHost: 	at expo.modules.ReactActivityDelegateWrapper$onWindowFocusChanged$1.invokeSuspend(ReactActivityDelegateWrapper.kt:353)
12-01 11:29:08.739  8080  8080 E unknown:ReactHost: 	at expo.modules.ReactActivityDelegateWrapper$onWindowFocusChanged$1.invoke(Unknown Source:8)
12-01 11:29:08.739  8080  8080 E unknown:ReactHost: 	at expo.modules.ReactActivityDelegateWrapper$onWindowFocusChanged$1.invoke(Unknown Source:4)
12-01 11:29:08.739  8080  8080 E unknown:ReactHost: 	at expo.modules.ReactActivityDelegateWrapper$launchLifecycleScopeWithLock$1.invokeSuspend(ReactActivityDelegateWrapper.kt:485)
12-01 11:29:08.739  8080  8080 E unknown:ReactHost: 	at kotlin.coroutines.jvm.internal.BaseContinuationImpl.resumeWith(ContinuationImpl.kt:33)
12-01 11:29:08.739  8080  8080 E unknown:ReactHost: 	at kotlinx.coroutines.internal.DispatchedContinuationKt.resumeCancellableWith(DispatchedContinuation.kt:359)
12-01 11:29:08.739  8080  8080 E unknown:ReactHost: 	at kotlinx.coroutines.intrinsics.CancellableKt.startCoroutineCancellable(Cancellable.kt:26)
--
12-01 11:29:16.983  1816  1830 E HeatmapThread: !@ CAM New BSOH: 97
12-01 11:29:16.983  1816  1830 E HeatmapThread: !@ CAM is Working
12-01 11:29:17.979  1816  1830 E HeatmapThread: ECT Thread time in milliseconds: 1764556157
12-01 11:29:17.986  1816  1830 E HeatmapThread: !@ CAM New BSOH: 97
12-01 11:29:17.986  1816  1830 E HeatmapThread: !@ CAM is Working
12-01 11:29:18.732  4045  4169 E FrameTracker: force finish cuj, time out: J<SPLASHSCREEN_EXIT_ANIM>
12-01 11:29:18.979  1816  1830 E HeatmapThread: ECT Thread time in milliseconds: 1764556158
12-01 11:29:18.984  1816  1830 E HeatmapThread: !@ CAM New BSOH: 97
12-01 11:29:18.984  1816  1830 E HeatmapThread: !@ CAM is Working
12-01 11:29:19.979  1816  1830 E HeatmapThread: ECT Thread time in milliseconds: 1764556159
12-01 11:29:19.983  1816  1830 E HeatmapThread: !@ CAM New BSOH: 97
12-01 11:29:19.983  1816  1830 E HeatmapThread: !@ CAM is Working
12-01 11:29:20.183  8080  8335 F libc    : Fatal signal 11 (SIGSEGV), code 1 (SEGV_MAPERR), fault addr 0xfffffffffffffff0 in tid 8335 (pool-4-thread-1), pid 8080 (healingbeat.app)
12-01 11:29:20.904  8620  8620 F DEBUG   : *** *** *** *** *** *** *** *** *** *** *** *** *** *** *** ***
12-01 11:29:20.904  8620  8620 F DEBUG   : Build fingerprint: 'samsung/dm1qksx/dm1q:16/BP2A.250605.031.A3/S911NKSS6EYK3:user/release-keys'
12-01 11:29:20.904  8620  8620 F DEBUG   : Revision: '13'
12-01 11:29:20.904  8620  8620 F DEBUG   : ABI: 'arm64'
12-01 11:29:20.904  8620  8620 F DEBUG   : Processor: '7'
12-01 11:29:20.904  8620  8620 F DEBUG   : Timestamp: 2025-12-01 11:29:20.270793420+0900
12-01 11:29:20.904  8620  8620 F DEBUG   : Process uptime: 14s
12-01 11:29:20.904  8620  8620 F DEBUG   : Cmdline: com.healingbeat.app
12-01 11:29:20.904  8620  8620 F DEBUG   : pid: 8080, tid: 8335, name: pool-4-thread-1  >>> com.healingbeat.app <<<
12-01 11:29:20.904  8620  8620 F DEBUG   : uid: 10374
12-01 11:29:20.904  8620  8620 F DEBUG   : tagged_addr_ctrl: 0000000000000001 (PR_TAGGED_ADDR_ENABLE)
12-01 11:29:20.904  8620  8620 F DEBUG   : pac_enabled_keys: 000000000000000f (PR_PAC_APIAKEY, PR_PAC_APIBKEY, PR_PAC_APDAKEY, PR_PAC_APDBKEY)
12-01 11:29:20.904  8620  8620 F DEBUG   : signal 11 (SIGSEGV), code 1 (SEGV_MAPERR), fault addr 0xfffffffffffffff0
12-01 11:29:20.904  8620  8620 F DEBUG   :     x0  fffffffffffffff0  x1  ffffffffffffffd8  x2  0000000000000044  x3  ffffffffffffffff
12-01 11:29:20.904  8620  8620 F DEBUG   :     x4  0000007cb4fcb904  x5  b400007dcfabe5fc  x6  6d694c7265707075  x7  74696d694c726570
12-01 11:29:20.904  8620  8620 F DEBUG   :     x8  ffffffffffffffd8  x9  0000000000000008  x10 0000000000000001  x11 0000000000000044
12-01 11:29:20.904  8620  8620 F DEBUG   :     x12 00000000002f7940  x13 00000000002f5140  x14 0000000000000001  x15 000000005b287d34
12-01 11:29:20.904  8620  8620 F DEBUG   :     x16 0000007d53687458  x17 0000007d621509b4  x18 0000007cb3f20000  x19 0000007cb4fcd680
12-01 11:29:20.904  8620  8620 F DEBUG   :     x20 b400007dcb1c5498  x21 0000007d5355966c  x22 0000007cb4fcd5b0  x23 b400007d697f7cc0
12-01 11:29:20.904  8620  8620 F DEBUG   :     x24 b400007d697f7cd8  x25 b400007d697f7ce8  x26 b400007d697f7cf8  x27 b400007d697f7d08
12-01 11:29:20.904  8620  8620 F DEBUG   :     x28 0000007cb4fce090  x29 0000007cb4fcbff0
12-01 11:29:20.904  8620  8620 F DEBUG   :     lr  0000007d5355ae20  sp  0000007cb4fcbfe0  pc  0000007d621509b8  pst 0000000080001000
12-01 11:29:20.904  8620  8620 F DEBUG   : 146 total frames
12-01 11:29:20.904  8620  8620 F DEBUG   : backtrace:
12-01 11:29:20.905  8620  8620 F DEBUG   :       #00 pc 00000000000d59b8  /data/app/~~NkoWh4CUU-vU_Pib7Gm7xQ==/com.healingbeat.app-1iju0WorljbgBvt3A3LlXw==/base.apk!libc++_shared.so (offset 0x1f3c000) (std::__ndk1::basic_string<char, std::__ndk1::char_traits<char>, std::__ndk1::allocator<char>>::~basic_string()+4) (BuildId: 6783a7f3a0d9c67c55a74cadc441ed55aaa493da)
12-01 11:29:20.905  8620  8620 F DEBUG   :       #01 pc 0000000000331e1c  /data/app/~~NkoWh4CUU-vU_Pib7Gm7xQ==/com.healingbeat.app-1iju0WorljbgBvt3A3LlXw==/base.apk!libappmodules.so (offset 0x161c000) (std::__ndk1::pair<std::__ndk1::basic_string<char, std::__ndk1::char_traits<char>, std::__ndk1::allocator<char>>, std::__ndk1::basic_string<char, std::__ndk1::char_traits<char>, std::__ndk1::allocator<char>>>::~pair()+28) (BuildId: d49c5d17242e21b84382dbc5a635fea8bc5b2d8f)
12-01 11:29:20.905  8620  8620 F DEBUG   :       #02 pc 0000000000331df0  /data/app/~~NkoWh4CUU-vU_Pib7Gm7xQ==/com.healingbeat.app-1iju0WorljbgBvt3A3LlXw==/base.apk!libappmodules.so (offset 0x161c000) (BuildId: d49c5d17242e21b84382dbc5a635fea8bc5b2d8f)
12-01 11:29:20.905  8620  8620 F DEBUG   :       #03 pc 0000000000331db8  /data/app/~~NkoWh4CUU-vU_Pib7Gm7xQ==/com.healingbeat.app-1iju0WorljbgBvt3A3LlXw==/base.apk!libappmodules.so (offset 0x161c000) (void std::__ndk1::allocator_traits<std::__ndk1::allocator<std::__ndk1::pair<std::__ndk1::basic_string<char, std::__ndk1::char_traits<char>, std::__ndk1::allocator<char>>, std::__ndk1::basic_string<char, std::__ndk1::char_traits<char>, std::__ndk1::allocator<char>>>>>::destroy[abi:ne180000]<std::__ndk1::pair<std::__ndk1::basic_string<char, std::__ndk1::char_traits<char>, std::__ndk1::allocator<char>>, std::__ndk1::basic_string<char, std::__ndk1::char_traits<char>, std::__ndk1::allocator<char>>>, void, void>(std::__ndk1::allocator<std::__ndk1::pair<std::__ndk1::basic_string<char, std::__ndk1::char_traits<char>, std::__ndk1::allocator<char>>, std::__ndk1::basic_string<char, std::__ndk1::char_traits<char>, std::__ndk1::allocator<char>>>>&, std::__ndk1::pair<std::__ndk1::basic_string<char, std::__ndk1::char_traits<char>, std::__ndk1::allocator<char>>, std::__ndk1::basic_string<char, std::__ndk1::char_traits<char>, std::__ndk1::allocator<char>>>*)+24) (BuildId: d49c5d17242e21b84382dbc5a635fea8bc5b2d8f)
12-01 11:29:20.905  8620  8620 F DEBUG   :       #04 pc 0000000000331d78  /data/app/~~NkoWh4CUU-vU_Pib7Gm7xQ==/com.healingbeat.app-1iju0WorljbgBvt3A3LlXw==/base.apk!libappmodules.so (offset 0x161c000) (BuildId: d49c5d17242e21b84382dbc5a635fea8bc5b2d8f)
12-01 11:29:20.905  8620  8620 F DEBUG   :       #05 pc 0000000000331c5c  /data/app/~~NkoWh4CUU-vU_Pib7Gm7xQ==/com.healingbeat.app-1iju0WorljbgBvt3A3LlXw==/base.apk!libappmodules.so (offset 0x161c000) (BuildId: d49c5d17242e21b84382dbc5a635fea8bc5b2d8f)
12-01 11:29:20.905  8620  8620 F DEBUG   :       #06 pc 0000000000331bec  /data/app/~~NkoWh4CUU-vU_Pib7Gm7xQ==/com.healingbeat.app-1iju0WorljbgBvt3A3LlXw==/base.apk!libappmodules.so (offset 0x161c000) (BuildId: d49c5d17242e21b84382dbc5a635fea8bc5b2d8f)
12-01 11:29:20.905  8620  8620 F DEBUG   :       #07 pc 0000000000331b68  /data/app/~~NkoWh4CUU-vU_Pib7Gm7xQ==/com.healingbeat.app-1iju0WorljbgBvt3A3LlXw==/base.apk!libappmodules.so (offset 0x161c000) (BuildId: d49c5d17242e21b84382dbc5a635fea8bc5b2d8f)
12-01 11:29:20.905  8620  8620 F DEBUG   :       #08 pc 0000000000331a40  /data/app/~~NkoWh4CUU-vU_Pib7Gm7xQ==/com.healingbeat.app-1iju0WorljbgBvt3A3LlXw==/base.apk!libappmodules.so (offset 0x161c000) (facebook::react::ImageSource::~ImageSource()+28) (BuildId: d49c5d17242e21b84382dbc5a635fea8bc5b2d8f)
12-01 11:29:20.905  8620  8620 F DEBUG   :       #09 pc 0000000000331f38  /data/app/~~NkoWh4CUU-vU_Pib7Gm7xQ==/com.healingbeat.app-1iju0WorljbgBvt3A3LlXw==/base.apk!libappmodules.so (offset 0x161c000) (facebook::react::RNCSliderProps::~RNCSliderProps()+40) (BuildId: d49c5d17242e21b84382dbc5a635fea8bc5b2d8f)
12-01 11:29:20.905  8620  8620 F DEBUG   :       #10 pc 0000000000331990  /data/app/~~NkoWh4CUU-vU_Pib7Gm7xQ==/com.healingbeat.app-1iju0WorljbgBvt3A3LlXw==/base.apk!libappmodules.so (offset 0x161c000) (facebook::react::RNCSliderProps::~RNCSliderProps()+32) (BuildId: d49c5d17242e21b84382dbc5a635fea8bc5b2d8f)
12-01 11:29:20.905  8620  8620 F DEBUG   :       #11 pc 0000000000331514  /data/app/~~NkoWh4CUU-vU_Pib7Gm7xQ==/com.healingbeat.app-1iju0WorljbgBvt3A3LlXw==/base.apk!libappmodules.so (offset 0x161c000) (void facebook::react::RawPropsParser::prepare<facebook::react::RNCSliderProps>()+248) (BuildId: d49c5d17242e21b84382dbc5a635fea8bc5b2d8f)
12-01 11:29:20.905  8620  8620 F DEBUG   :       #12 pc 00000000003309a0  /data/app/~~NkoWh4CUU-vU_Pib7Gm7xQ==/com.healingbeat.app-1iju0WorljbgBvt3A3LlXw==/base.apk!libappmodules.so (offset 0x161c000) (facebook::react::ConcreteComponentDescriptor<facebook::react::RNCSliderShadowNode>::ConcreteComponentDescriptor(facebook::react::ComponentDescriptorParameters const&, facebook::react::RawPropsParser&&)+68) (BuildId: d49c5d17242e21b84382dbc5a635fea8bc5b2d8f)
12-01 11:29:20.905  8620  8620 F DEBUG   :       #13 pc 0000000000330844  /data/app/~~NkoWh4CUU-vU_Pib7Gm7xQ==/com.healingbeat.app-1iju0WorljbgBvt3A3LlXw==/base.apk!libappmodules.so (offset 0x161c000) (facebook::react::RNCSliderComponentDescriptor::RNCSliderComponentDescriptor(facebook::react::ComponentDescriptorParameters const&)+84) (BuildId: d49c5d17242e21b84382dbc5a635fea8bc5b2d8f)
12-01 11:29:20.905  8620  8620 F DEBUG   :       #14 pc 0000000000330708  /data/app/~~NkoWh4CUU-vU_Pib7Gm7xQ==/com.healingbeat.app-1iju0WorljbgBvt3A3LlXw==/base.apk!libappmodules.so (offset 0x161c000) (BuildId: d49c5d17242e21b84382dbc5a635fea8bc5b2d8f)
12-01 11:29:20.905  8620  8620 F DEBUG   :       #15 pc 00000000003306a0  /data/app/~~NkoWh4CUU-vU_Pib7Gm7xQ==/com.healingbeat.app-1iju0WorljbgBvt3A3LlXw==/base.apk!libappmodules.so (offset 0x161c000) (std::__ndk1::unique_ptr<facebook::react::ComponentDescriptor const, std::__ndk1::default_delete<facebook::react::ComponentDescriptor const>> facebook::react::concreteComponentDescriptorConstructor<facebook::react::RNCSliderComponentDescriptor>(facebook::react::ComponentDescriptorParameters const&)+52) (BuildId: d49c5d17242e21b84382dbc5a635fea8bc5b2d8f)
12-01 11:29:20.905  8620  8620 F DEBUG   :       #16 pc 0000000000cde56c  /data/app/~~NkoWh4CUU-vU_Pib7Gm7xQ==/com.healingbeat.app-1iju0WorljbgBvt3A3LlXw==/base.apk!libreactnative.so (offset 0x2d24000) (facebook::react::ComponentDescriptorRegistry::add(facebook::react::ComponentDescriptorProvider) const+112) (BuildId: 1695c17f23bd1ede)
12-01 11:29:20.905  8620  8620 F DEBUG   :       #17 pc 0000000000cd987c  /data/app/~~NkoWh4CUU-vU_Pib7Gm7xQ==/com.healingbeat.app-1iju0WorljbgBvt3A3LlXw==/base.apk!libreactnative.so (offset 0x2d24000) (facebook::react::ComponentDescriptorProviderRegistry::createComponentDescriptorRegistry(facebook::react::ComponentDescriptorParameters const&) const+200) (BuildId: 1695c17f23bd1ede)
12-01 11:29:20.905  8620  8620 F DEBUG   :       #18 pc 0000000000c79254  /data/app/~~NkoWh4CUU-vU_Pib7Gm7xQ==/com.healingbeat.app-1iju0WorljbgBvt3A3LlXw==/base.apk!libreactnative.so (offset 0x2d24000) (BuildId: 1695c17f23bd1ede)
12-01 11:29:20.905  8620  8620 F DEBUG   :       #19 pc 0000000000c79068  /data/app/~~NkoWh4CUU-vU_Pib7Gm7xQ==/com.healingbeat.app-1iju0WorljbgBvt3A3LlXw==/base.apk!libreactnative.so (offset 0x2d24000) (BuildId: 1695c17f23bd1ede)
12-01 11:29:20.905  8620  8620 F DEBUG   :       #20 pc 0000000000c7900c  /data/app/~~NkoWh4CUU-vU_Pib7Gm7xQ==/com.healingbeat.app-1iju0WorljbgBvt3A3LlXw==/base.apk!libreactnative.so (offset 0x2d24000) (BuildId: 1695c17f23bd1ede)
12-01 11:29:20.905  8620  8620 F DEBUG   :       #21 pc 0000000000c78fd0  /data/app/~~NkoWh4CUU-vU_Pib7Gm7xQ==/com.healingbeat.app-1iju0WorljbgBvt3A3LlXw==/base.apk!libreactnative.so (offset 0x2d24000) (BuildId: 1695c17f23bd1ede)
12-01 11:29:20.905  8620  8620 F DEBUG   :       #22 pc 0000000000c780c4  /data/app/~~NkoWh4CUU-vU_Pib7Gm7xQ==/com.healingbeat.app-1iju0WorljbgBvt3A3LlXw==/base.apk!libreactnative.so (offset 0x2d24000) (BuildId: 1695c17f23bd1ede)
12-01 11:29:20.905  8620  8620 F DEBUG   :       #23 pc 0000000000dbf5c0  /data/app/~~NkoWh4CUU-vU_Pib7Gm7xQ==/com.healingbeat.app-1iju0WorljbgBvt3A3LlXw==/base.apk!libreactnative.so (offset 0x2d24000) (BuildId: 1695c17f23bd1ede)
12-01 11:29:20.905  8620  8620 F DEBUG   :       #24 pc 0000000000db3c64  /data/app/~~NkoWh4CUU-vU_Pib7Gm7xQ==/com.healingbeat.app-1iju0WorljbgBvt3A3LlXw==/base.apk!libreactnative.so (offset 0x2d24000) (BuildId: 1695c17f23bd1ede)
12-01 11:29:20.905  8620  8620 F DEBUG   :       #25 pc 0000000000db2e58  /data/app/~~NkoWh4CUU-vU_Pib7Gm7xQ==/com.healingbeat.app-1iju0WorljbgBvt3A3LlXw==/base.apk!libreactnative.so (offset 0x2d24000) (facebook::react::Scheduler::Scheduler(facebook::react::SchedulerToolbox const&, facebook::react::UIManagerAnimationDelegate*, facebook::react::SchedulerDelegate*)+1016) (BuildId: 1695c17f23bd1ede)
12-01 11:29:20.905  8620  8620 F DEBUG   :       #26 pc 0000000000a08d0c  /data/app/~~NkoWh4CUU-vU_Pib7Gm7xQ==/com.healingbeat.app-1iju0WorljbgBvt3A3LlXw==/base.apk!libreactnative.so (offset 0x2d24000) (BuildId: 1695c17f23bd1ede)
12-01 11:29:20.905  8620  8620 F DEBUG   :       #27 pc 0000000000a08cb4  /data/app/~~NkoWh4CUU-vU_Pib7Gm7xQ==/com.healingbeat.app-1iju0WorljbgBvt3A3LlXw==/base.apk!libreactnative.so (offset 0x2d24000) (BuildId: 1695c17f23bd1ede)
12-01 11:29:20.905  8620  8620 F DEBUG   :       #28 pc 0000000000a08aec  /data/app/~~NkoWh4CUU-vU_Pib7Gm7xQ==/com.healingbeat.app-1iju0WorljbgBvt3A3LlXw==/base.apk!libreactnative.so (offset 0x2d24000) (void std::__ndk1::allocator_traits<std::__ndk1::allocator<facebook::react::Scheduler>>::construct[abi:ne180000]<facebook::react::Scheduler, facebook::react::SchedulerToolbox&, facebook::react::LayoutAnimationDriver*, facebook::react::FabricUIManagerBinding*, void, void>(std::__ndk1::allocator<facebook::react::Scheduler>&, facebook::react::Scheduler*, facebook::react::SchedulerToolbox&, facebook::react::LayoutAnimationDriver*&&, facebook::react::FabricUIManagerBinding*&&)+48) (BuildId: 1695c17f23bd1ede)
12-01 11:29:20.905  8620  8620 F DEBUG   :       #29 pc 0000000000a08844  /data/app/~~NkoWh4CUU-vU_Pib7Gm7xQ==/com.healingbeat.app-1iju0WorljbgBvt3A3LlXw==/base.apk!libreactnative.so (offset 0x2d24000) (BuildId: 1695c17f23bd1ede)
