12-01 11:30:36.823  9495  9495 F DEBUG   :       #36 pc 00000000009f7dd4  /data/app/~~NkoWh4CUU-vU_Pib7Gm7xQ==/com.healingbeat.app-1iju0WorljbgBvt3A3LlXw==/base.apk!libreactnative.so (offset 0x2d24000) (facebook::jni::detail::MethodWrapper<void (facebook::react::FabricUIManagerBinding::*)(facebook::jni::alias_ref<facebook::jni::detail::JTypeFor<facebook::jni::HybridClass<facebook::react::JRuntimeExecutor, facebook::jni::detail::BaseHybridClass>::JavaPart, facebook::jni::JObject, void>::_javaobject*>, facebook::jni::alias_ref<facebook::jni::detail::JTypeFor<facebook::jni::HybridClass<facebook::react::JRuntimeScheduler, facebook::jni::detail::BaseHybridClass>::JavaPart, facebook::jni::JObject, void>::_javaobject*>, facebook::jni::alias_ref<facebook::jni::detail::JTypeFor<facebook::react::JFabricUIManager, facebook::jni::JObject, void>::_javaobject*>, facebook::react::EventBeatManager*, facebook::react::ComponentFactory*), &facebook::react::FabricUIManagerBinding::installFabricUIManager(facebook::jni::alias_ref<facebook::jni::detail::JTypeFor<facebook::jni::HybridClass<facebook::react::JRuntimeExecutor, facebook::jni::detail::BaseHybridClass>::JavaPart, facebook::jni::JObject, void>::_javaobject*>, facebook::jni::alias_ref<facebook::jni::detail::JTypeFor<facebook::jni::HybridClass<facebook::react::JRuntimeScheduler, facebook::jni::detail::BaseHybridClass>::JavaPart, facebook::jni::JObject, void>::_javaobject*>, facebook::jni::alias_ref<facebook::jni::detail::JTypeFor<facebook::react::JFabricUIManager, facebook::jni::JObject, void>::_javaobject*>, facebook::react::EventBeatManager*, facebook::react::ComponentFactory*), facebook::react::FabricUIManagerBinding, void, facebook::jni::alias_ref<facebook::jni::detail::JTypeFor<facebook::jni::HybridClass<facebook::react::JRuntimeExecutor, facebook::jni::detail::BaseHybridClass>::JavaPart, facebook::jni::JObject, void>::_javaobject*>, facebook::jni::alias_ref<facebook::jni::detail::JTypeFor<facebook::jni::HybridClass<facebook::react::JRuntimeScheduler, facebook::jni::detail::BaseHybridClass>::JavaPart, facebook::jni::JObject, void>::_javaobject*>, facebook::jni::alias_ref<facebook::jni::detail::JTypeFor<facebook::react::JFabricUIManager, facebook::jni::JObject, void>::_javaobject*>, facebook::react::EventBeatManager*, facebook::react::ComponentFactory*>::call(_JNIEnv*, _jobject*, facebook::jni::detail::JTypeFor<facebook::jni::HybridClass<facebook::react::JRuntimeExecutor, facebook::jni::detail::BaseHybridClass>::JavaPart, facebook::jni::JObject, void>::_javaobject*, facebook::jni::detail::JTypeFor<facebook::jni::HybridClass<facebook::react::JRuntimeScheduler, facebook::jni::detail::BaseHybridClass>::JavaPart, facebook::jni::JObject, void>::_javaobject*, facebook::jni::detail::JTypeFor<facebook::react::JFabricUIManager, facebook::jni::JObject, void>::_javaobject*, facebook::jni::detail::JTypeFor<facebook::jni::HybridClass<facebook::react::EventBeatManager, facebook::jni::detail::BaseHybridClass>::JavaPart, facebook::jni::JObject, void>::_javaobject*, facebook::jni::detail::JTypeFor<facebook::jni::HybridClass<facebook::react::ComponentFactory, facebook::jni::detail::BaseHybridClass>::JavaPart, facebook::jni::JObject, void>::_javaobject*)+76) (BuildId: 1695c17f23bd1ede)
12-01 11:30:36.823  9495  9495 F DEBUG   :       #37 pc 0000000000344500  /apex/com.android.art/lib64/libart.so (art_quick_generic_jni_trampoline+144) (BuildId: 80d2ab18f9d259d8e546c1e6bae752b1)
12-01 11:30:36.823  9495  9495 F DEBUG   :       #38 pc 000000000032d194  /apex/com.android.art/lib64/libart.so (art_quick_invoke_stub+612) (BuildId: 80d2ab18f9d259d8e546c1e6bae752b1)
12-01 11:30:36.823  9495  9495 F DEBUG   :       #39 pc 00000000002de270  /apex/com.android.art/lib64/libart.so (art::ArtMethod::Invoke(art::Thread*, unsigned int*, unsigned int, art::JValue*, char const*)+216) (BuildId: 80d2ab18f9d259d8e546c1e6bae752b1)
12-01 11:30:36.823  9495  9495 F DEBUG   :       #40 pc 0000000000570114  /apex/com.android.art/lib64/libart.so (bool art::interpreter::DoCall<true>(art::ArtMethod*, art::Thread*, art::ShadowFrame&, art::Instruction const*, unsigned short, bool, art::JValue*)+1752) (BuildId: 80d2ab18f9d259d8e546c1e6bae752b1)
12-01 11:30:36.823  9495  9495 F DEBUG   :       #41 pc 00000000005cc0ec  /apex/com.android.art/lib64/libart.so (void art::interpreter::ExecuteSwitchImplCpp<false>(art::interpreter::SwitchImplContext*)+11904) (BuildId: 80d2ab18f9d259d8e546c1e6bae752b1)
12-01 11:30:36.823  9495  9495 F DEBUG   :       #42 pc 000000000031c9b8  /apex/com.android.art/lib64/libart.so (ExecuteSwitchImplAsm+8) (BuildId: 80d2ab18f9d259d8e546c1e6bae752b1)
12-01 11:30:36.823  9495  9495 F DEBUG   :       #43 pc 00000000021cf338  /data/app/~~NkoWh4CUU-vU_Pib7Gm7xQ==/com.healingbeat.app-1iju0WorljbgBvt3A3LlXw==/oat/arm64/base.vdex (com.facebook.react.fabric.FabricUIManagerBinding.register+0)
12-01 11:30:36.823  9495  9495 F DEBUG   :       #44 pc 000000000031c3b0  /apex/com.android.art/lib64/libart.so (art::interpreter::ArtInterpreterToInterpreterBridge(art::Thread*, art::CodeItemDataAccessor const&, art::ShadowFrame*, art::JValue*)+412) (BuildId: 80d2ab18f9d259d8e546c1e6bae752b1)
12-01 11:30:36.823  9495  9495 F DEBUG   :       #45 pc 0000000000570140  /apex/com.android.art/lib64/libart.so (bool art::interpreter::DoCall<true>(art::ArtMethod*, art::Thread*, art::ShadowFrame&, art::Instruction const*, unsigned short, bool, art::JValue*)+1796) (BuildId: 80d2ab18f9d259d8e546c1e6bae752b1)
12-01 11:30:36.823  9495  9495 F DEBUG   :       #46 pc 00000000005cc0ec  /apex/com.android.art/lib64/libart.so (void art::interpreter::ExecuteSwitchImplCpp<false>(art::interpreter::SwitchImplContext*)+11904) (BuildId: 80d2ab18f9d259d8e546c1e6bae752b1)
12-01 11:30:36.823  9495  9495 F DEBUG   :       #47 pc 000000000031c9b8  /apex/com.android.art/lib64/libart.so (ExecuteSwitchImplAsm+8) (BuildId: 80d2ab18f9d259d8e546c1e6bae752b1)
12-01 11:30:36.823  9495  9495 F DEBUG   :       #48 pc 00000000021f488c  /data/app/~~NkoWh4CUU-vU_Pib7Gm7xQ==/com.healingbeat.app-1iju0WorljbgBvt3A3LlXw==/oat/arm64/base.vdex (com.facebook.react.runtime.ReactInstance.<init>+0)
12-01 11:30:36.823  9495  9495 F DEBUG   :       #49 pc 000000000031c3b0  /apex/com.android.art/lib64/libart.so (art::interpreter::ArtInterpreterToInterpreterBridge(art::Thread*, art::CodeItemDataAccessor const&, art::ShadowFrame*, art::JValue*)+412) (BuildId: 80d2ab18f9d259d8e546c1e6bae752b1)
12-01 11:30:36.823  9495  9495 F DEBUG   :       #50 pc 0000000000570140  /apex/com.android.art/lib64/libart.so (bool art::interpreter::DoCall<true>(art::ArtMethod*, art::Thread*, art::ShadowFrame&, art::Instruction const*, unsigned short, bool, art::JValue*)+1796) (BuildId: 80d2ab18f9d259d8e546c1e6bae752b1)
12-01 11:30:36.823  9495  9495 F DEBUG   :       #51 pc 00000000005cc0ec  /apex/com.android.art/lib64/libart.so (void art::interpreter::ExecuteSwitchImplCpp<false>(art::interpreter::SwitchImplContext*)+11904) (BuildId: 80d2ab18f9d259d8e546c1e6bae752b1)
12-01 11:30:36.823  9495  9495 F DEBUG   :       #52 pc 000000000031c9b8  /apex/com.android.art/lib64/libart.so (ExecuteSwitchImplAsm+8) (BuildId: 80d2ab18f9d259d8e546c1e6bae752b1)
12-01 11:30:36.823  9495  9495 F DEBUG   :       #53 pc 00000000021f0c0c  /data/app/~~NkoWh4CUU-vU_Pib7Gm7xQ==/com.healingbeat.app-1iju0WorljbgBvt3A3LlXw==/oat/arm64/base.vdex (com.facebook.react.runtime.ReactHostImpl.getOrCreateReactInstanceTask$lambda$41$lambda$38+0)
12-01 11:30:36.823  9495  9495 F DEBUG   :       #54 pc 000000000031c3b0  /apex/com.android.art/lib64/libart.so (art::interpreter::ArtInterpreterToInterpreterBridge(art::Thread*, art::CodeItemDataAccessor const&, art::ShadowFrame*, art::JValue*)+412) (BuildId: 80d2ab18f9d259d8e546c1e6bae752b1)
12-01 11:30:36.823  9495  9495 F DEBUG   :       #55 pc 00000000006791f4  /apex/com.android.art/lib64/libart.so (bool art::interpreter::DoCall<false>(art::ArtMethod*, art::Thread*, art::ShadowFrame&, art::Instruction const*, unsigned short, bool, art::JValue*)+2068) (BuildId: 80d2ab18f9d259d8e546c1e6bae752b1)
12-01 11:30:36.823  9495  9495 F DEBUG   :       #56 pc 00000000005c976c  /apex/com.android.art/lib64/libart.so (void art::interpreter::ExecuteSwitchImplCpp<false>(art::interpreter::SwitchImplContext*)+1280) (BuildId: 80d2ab18f9d259d8e546c1e6bae752b1)
12-01 11:30:36.823  9495  9495 F DEBUG   :       #57 pc 000000000031c9b8  /apex/com.android.art/lib64/libart.so (ExecuteSwitchImplAsm+8) (BuildId: 80d2ab18f9d259d8e546c1e6bae752b1)
12-01 11:30:36.823  9495  9495 F DEBUG   :       #58 pc 00000000021f0bf0  /data/app/~~NkoWh4CUU-vU_Pib7Gm7xQ==/com.healingbeat.app-1iju0WorljbgBvt3A3LlXw==/oat/arm64/base.vdex (com.facebook.react.runtime.ReactHostImpl.$r8$lambda$LQY77bFECGrnkUqd7Ku55sJ721A+0)
12-01 11:30:36.823  9495  9495 F DEBUG   :       #59 pc 000000000031c3b0  /apex/com.android.art/lib64/libart.so (art::interpreter::ArtInterpreterToInterpreterBridge(art::Thread*, art::CodeItemDataAccessor const&, art::ShadowFrame*, art::JValue*)+412) (BuildId: 80d2ab18f9d259d8e546c1e6bae752b1)
12-01 11:30:36.823  9495  9495 F DEBUG   :       #60 pc 00000000006791f4  /apex/com.android.art/lib64/libart.so (bool art::interpreter::DoCall<false>(art::ArtMethod*, art::Thread*, art::ShadowFrame&, art::Instruction const*, unsigned short, bool, art::JValue*)+2068) (BuildId: 80d2ab18f9d259d8e546c1e6bae752b1)
12-01 11:30:36.823  9495  9495 F DEBUG   :       #61 pc 00000000005c976c  /apex/com.android.art/lib64/libart.so (void art::interpreter::ExecuteSwitchImplCpp<false>(art::interpreter::SwitchImplContext*)+1280) (BuildId: 80d2ab18f9d259d8e546c1e6bae752b1)
12-01 11:30:36.823  9495  9495 F DEBUG   :       #62 pc 000000000031c9b8  /apex/com.android.art/lib64/libart.so (ExecuteSwitchImplAsm+8) (BuildId: 80d2ab18f9d259d8e546c1e6bae752b1)
12-01 11:30:36.823  9495  9495 F DEBUG   :       #63 pc 00000000021ef7d8  /data/app/~~NkoWh4CUU-vU_Pib7Gm7xQ==/com.healingbeat.app-1iju0WorljbgBvt3A3LlXw==/oat/arm64/base.vdex (com.facebook.react.runtime.ReactHostImpl$$ExternalSyntheticLambda22.then+0)
12-01 11:30:36.823  9495  9495 F DEBUG   :       #64 pc 000000000031c3b0  /apex/com.android.art/lib64/libart.so (art::interpreter::ArtInterpreterToInterpreterBridge(art::Thread*, art::CodeItemDataAccessor const&, art::ShadowFrame*, art::JValue*)+412) (BuildId: 80d2ab18f9d259d8e546c1e6bae752b1)
12-01 11:30:36.823  9495  9495 F DEBUG   :       #65 pc 00000000006791f4  /apex/com.android.art/lib64/libart.so (bool art::interpreter::DoCall<false>(art::ArtMethod*, art::Thread*, art::ShadowFrame&, art::Instruction const*, unsigned short, bool, art::JValue*)+2068) (BuildId: 80d2ab18f9d259d8e546c1e6bae752b1)
12-01 11:30:36.823  9495  9495 F DEBUG   :       #66 pc 00000000005c9d1c  /apex/com.android.art/lib64/libart.so (void art::interpreter::ExecuteSwitchImplCpp<false>(art::interpreter::SwitchImplContext*)+2736) (BuildId: 80d2ab18f9d259d8e546c1e6bae752b1)
12-01 11:30:36.823  9495  9495 F DEBUG   :       #67 pc 000000000031c9b8  /apex/com.android.art/lib64/libart.so (ExecuteSwitchImplAsm+8) (BuildId: 80d2ab18f9d259d8e546c1e6bae752b1)
12-01 11:30:36.823  9495  9495 F DEBUG   :       #68 pc 00000000021f68d0  /data/app/~~NkoWh4CUU-vU_Pib7Gm7xQ==/com.healingbeat.app-1iju0WorljbgBvt3A3LlXw==/oat/arm64/base.vdex (com.facebook.react.runtime.internal.bolts.Task$Companion.completeImmediately$lambda$3+0)
12-01 11:30:36.823  9495  9495 F DEBUG   :       #69 pc 000000000031c3b0  /apex/com.android.art/lib64/libart.so (art::interpreter::ArtInterpreterToInterpreterBridge(art::Thread*, art::CodeItemDataAccessor const&, art::ShadowFrame*, art::JValue*)+412) (BuildId: 80d2ab18f9d259d8e546c1e6bae752b1)
12-01 11:30:36.823  9495  9495 F DEBUG   :       #70 pc 00000000006791f4  /apex/com.android.art/lib64/libart.so (bool art::interpreter::DoCall<false>(art::ArtMethod*, art::Thread*, art::ShadowFrame&, art::Instruction const*, unsigned short, bool, art::JValue*)+2068) (BuildId: 80d2ab18f9d259d8e546c1e6bae752b1)
12-01 11:30:36.823  9495  9495 F DEBUG   :       #71 pc 00000000005c976c  /apex/com.android.art/lib64/libart.so (void art::interpreter::ExecuteSwitchImplCpp<false>(art::interpreter::SwitchImplContext*)+1280) (BuildId: 80d2ab18f9d259d8e546c1e6bae752b1)
12-01 11:30:36.823  9495  9495 F DEBUG   :       #72 pc 000000000031c9b8  /apex/com.android.art/lib64/libart.so (ExecuteSwitchImplAsm+8) (BuildId: 80d2ab18f9d259d8e546c1e6bae752b1)
12-01 11:30:36.823  9495  9495 F DEBUG   :       #73 pc 00000000021f6700  /data/app/~~NkoWh4CUU-vU_Pib7Gm7xQ==/com.healingbeat.app-1iju0WorljbgBvt3A3LlXw==/oat/arm64/base.vdex (com.facebook.react.runtime.internal.bolts.Task$Companion.$r8$lambda$b7MTC0ufkn_2TjF4BGcNqGR9qK0+0)
12-01 11:30:36.823  9495  9495 F DEBUG   :       #74 pc 000000000031c3b0  /apex/com.android.art/lib64/libart.so (art::interpreter::ArtInterpreterToInterpreterBridge(art::Thread*, art::CodeItemDataAccessor const&, art::ShadowFrame*, art::JValue*)+412) (BuildId: 80d2ab18f9d259d8e546c1e6bae752b1)
12-01 11:30:36.823  9495  9495 F DEBUG   :       #75 pc 00000000006791f4  /apex/com.android.art/lib64/libart.so (bool art::interpreter::DoCall<false>(art::ArtMethod*, art::Thread*, art::ShadowFrame&, art::Instruction const*, unsigned short, bool, art::JValue*)+2068) (BuildId: 80d2ab18f9d259d8e546c1e6bae752b1)
12-01 11:30:36.823  9495  9495 F DEBUG   :       #76 pc 00000000005c976c  /apex/com.android.art/lib64/libart.so (void art::interpreter::ExecuteSwitchImplCpp<false>(art::interpreter::SwitchImplContext*)+1280) (BuildId: 80d2ab18f9d259d8e546c1e6bae752b1)
12-01 11:30:36.823  9495  9495 F DEBUG   :       #77 pc 000000000031c9b8  /apex/com.android.art/lib64/libart.so (ExecuteSwitchImplAsm+8) (BuildId: 80d2ab18f9d259d8e546c1e6bae752b1)
12-01 11:30:36.823  9495  9495 F DEBUG   :       #78 pc 00000000021f6408  /data/app/~~NkoWh4CUU-vU_Pib7Gm7xQ==/com.healingbeat.app-1iju0WorljbgBvt3A3LlXw==/oat/arm64/base.vdex (com.facebook.react.runtime.internal.bolts.Task$Companion$$ExternalSyntheticLambda3.run+0)
12-01 11:30:36.823  9495  9495 F DEBUG   :       #79 pc 000000000031c3b0  /apex/com.android.art/lib64/libart.so (art::interpreter::ArtInterpreterToInterpreterBridge(art::Thread*, art::CodeItemDataAccessor const&, art::ShadowFrame*, art::JValue*)+412) (BuildId: 80d2ab18f9d259d8e546c1e6bae752b1)
12-01 11:30:36.823  9495  9495 F DEBUG   :       #80 pc 00000000006791f4  /apex/com.android.art/lib64/libart.so (bool art::interpreter::DoCall<false>(art::ArtMethod*, art::Thread*, art::ShadowFrame&, art::Instruction const*, unsigned short, bool, art::JValue*)+2068) (BuildId: 80d2ab18f9d259d8e546c1e6bae752b1)
12-01 11:30:36.823  9495  9495 F DEBUG   :       #81 pc 00000000005c9d1c  /apex/com.android.art/lib64/libart.so (void art::interpreter::ExecuteSwitchImplCpp<false>(art::interpreter::SwitchImplContext*)+2736) (BuildId: 80d2ab18f9d259d8e546c1e6bae752b1)
12-01 11:30:36.823  9495  9495 F DEBUG   :       #82 pc 000000000031c9b8  /apex/com.android.art/lib64/libart.so (ExecuteSwitchImplAsm+8) (BuildId: 80d2ab18f9d259d8e546c1e6bae752b1)
12-01 11:30:36.823  9495  9495 F DEBUG   :       #83 pc 00000000021f612c  /data/app/~~NkoWh4CUU-vU_Pib7Gm7xQ==/com.healingbeat.app-1iju0WorljbgBvt3A3LlXw==/oat/arm64/base.vdex (com.facebook.react.runtime.internal.bolts.Executors$ImmediateExecutor.execute+0)
12-01 11:30:36.823  9495  9495 F DEBUG   :       #84 pc 000000000031c3b0  /apex/com.android.art/lib64/libart.so (art::interpreter::ArtInterpreterToInterpreterBridge(art::Thread*, art::CodeItemDataAccessor const&, art::ShadowFrame*, art::JValue*)+412) (BuildId: 80d2ab18f9d259d8e546c1e6bae752b1)
12-01 11:30:36.823  9495  9495 F DEBUG   :       #85 pc 00000000006791f4  /apex/com.android.art/lib64/libart.so (bool art::interpreter::DoCall<false>(art::ArtMethod*, art::Thread*, art::ShadowFrame&, art::Instruction const*, unsigned short, bool, art::JValue*)+2068) (BuildId: 80d2ab18f9d259d8e546c1e6bae752b1)
12-01 11:30:36.823  9495  9495 F DEBUG   :       #86 pc 00000000005c9d1c  /apex/com.android.art/lib64/libart.so (void art::interpreter::ExecuteSwitchImplCpp<false>(art::interpreter::SwitchImplContext*)+2736) (BuildId: 80d2ab18f9d259d8e546c1e6bae752b1)
12-01 11:30:36.823  9495  9495 F DEBUG   :       #87 pc 000000000031c9b8  /apex/com.android.art/lib64/libart.so (ExecuteSwitchImplAsm+8) (BuildId: 80d2ab18f9d259d8e546c1e6bae752b1)
12-01 11:30:36.823  9495  9495 F DEBUG   :       #88 pc 00000000021f6918  /data/app/~~NkoWh4CUU-vU_Pib7Gm7xQ==/com.healingbeat.app-1iju0WorljbgBvt3A3LlXw==/oat/arm64/base.vdex (com.facebook.react.runtime.internal.bolts.Task$Companion.completeImmediately+0)
12-01 11:30:36.823  9495  9495 F DEBUG   :       #89 pc 000000000031c3b0  /apex/com.android.art/lib64/libart.so (art::interpreter::ArtInterpreterToInterpreterBridge(art::Thread*, art::CodeItemDataAccessor const&, art::ShadowFrame*, art::JValue*)+412) (BuildId: 80d2ab18f9d259d8e546c1e6bae752b1)
12-01 11:30:36.823  9495  9495 F DEBUG   :       #90 pc 00000000006791f4  /apex/com.android.art/lib64/libart.so (bool art::interpreter::DoCall<false>(art::ArtMethod*, art::Thread*, art::ShadowFrame&, art::Instruction const*, unsigned short, bool, art::JValue*)+2068) (BuildId: 80d2ab18f9d259d8e546c1e6bae752b1)
12-01 11:30:36.823  9495  9495 F DEBUG   :       #91 pc 00000000005c95d0  /apex/com.android.art/lib64/libart.so (void art::interpreter::ExecuteSwitchImplCpp<false>(art::interpreter::SwitchImplContext*)+868) (BuildId: 80d2ab18f9d259d8e546c1e6bae752b1)
12-01 11:30:36.823  9495  9495 F DEBUG   :       #92 pc 000000000031c9b8  /apex/com.android.art/lib64/libart.so (ExecuteSwitchImplAsm+8) (BuildId: 80d2ab18f9d259d8e546c1e6bae752b1)
12-01 11:30:36.823  9495  9495 F DEBUG   :       #93 pc 00000000021f6760  /data/app/~~NkoWh4CUU-vU_Pib7Gm7xQ==/com.healingbeat.app-1iju0WorljbgBvt3A3LlXw==/oat/arm64/base.vdex (com.facebook.react.runtime.internal.bolts.Task$Companion.access$completeImmediately+0)
12-01 11:30:36.823  9495  9495 F DEBUG   :       #94 pc 000000000031c3b0  /apex/com.android.art/lib64/libart.so (art::interpreter::ArtInterpreterToInterpreterBridge(art::Thread*, art::CodeItemDataAccessor const&, art::ShadowFrame*, art::JValue*)+412) (BuildId: 80d2ab18f9d259d8e546c1e6bae752b1)
12-01 11:30:36.823  9495  9495 F DEBUG   :       #95 pc 00000000006791f4  /apex/com.android.art/lib64/libart.so (bool art::interpreter::DoCall<false>(art::ArtMethod*, art::Thread*, art::ShadowFrame&, art::Instruction const*, unsigned short, bool, art::JValue*)+2068) (BuildId: 80d2ab18f9d259d8e546c1e6bae752b1)
12-01 11:30:36.823  9495  9495 F DEBUG   :       #96 pc 00000000005c976c  /apex/com.android.art/lib64/libart.so (void art::interpreter::ExecuteSwitchImplCpp<false>(art::interpreter::SwitchImplContext*)+1280) (BuildId: 80d2ab18f9d259d8e546c1e6bae752b1)
12-01 11:30:36.823  9495  9495 F DEBUG   :       #97 pc 000000000031c9b8  /apex/com.android.art/lib64/libart.so (ExecuteSwitchImplAsm+8) (BuildId: 80d2ab18f9d259d8e546c1e6bae752b1)
12-01 11:30:36.823  9495  9495 F DEBUG   :       #98 pc 00000000021f6e0c  /data/app/~~NkoWh4CUU-vU_Pib7Gm7xQ==/com.healingbeat.app-1iju0WorljbgBvt3A3LlXw==/oat/arm64/base.vdex (com.facebook.react.runtime.internal.bolts.Task.continueWith+0)
12-01 11:30:36.823  9495  9495 F DEBUG   :       #99 pc 000000000031c3b0  /apex/com.android.art/lib64/libart.so (art::interpreter::ArtInterpreterToInterpreterBridge(art::Thread*, art::CodeItemDataAccessor const&, art::ShadowFrame*, art::JValue*)+412) (BuildId: 80d2ab18f9d259d8e546c1e6bae752b1)
12-01 11:30:36.823  9495  9495 F DEBUG   :       #100 pc 00000000006791f4  /apex/com.android.art/lib64/libart.so (bool art::interpreter::DoCall<false>(art::ArtMethod*, art::Thread*, art::ShadowFrame&, art::Instruction const*, unsigned short, bool, art::JValue*)+2068) (BuildId: 80d2ab18f9d259d8e546c1e6bae752b1)
12-01 11:30:36.823  9495  9495 F DEBUG   :       #101 pc 00000000005c95d0  /apex/com.android.art/lib64/libart.so (void art::interpreter::ExecuteSwitchImplCpp<false>(art::interpreter::SwitchImplContext*)+868) (BuildId: 80d2ab18f9d259d8e546c1e6bae752b1)
12-01 11:30:36.823  9495  9495 F DEBUG   :       #102 pc 000000000031c9b8  /apex/com.android.art/lib64/libart.so (ExecuteSwitchImplAsm+8) (BuildId: 80d2ab18f9d259d8e546c1e6bae752b1)
12-01 11:30:36.823  9495  9495 F DEBUG   :       #103 pc 00000000021f6dbc  /data/app/~~NkoWh4CUU-vU_Pib7Gm7xQ==/com.healingbeat.app-1iju0WorljbgBvt3A3LlXw==/oat/arm64/base.vdex (com.facebook.react.runtime.internal.bolts.Task.continueWith$default+0)
12-01 11:30:36.823  9495  9495 F DEBUG   :       #104 pc 000000000031c3b0  /apex/com.android.art/lib64/libart.so (art::interpreter::ArtInterpreterToInterpreterBridge(art::Thread*, art::CodeItemDataAccessor const&, art::ShadowFrame*, art::JValue*)+412) (BuildId: 80d2ab18f9d259d8e546c1e6bae752b1)
12-01 11:30:36.823  9495  9495 F DEBUG   :       #105 pc 00000000006791f4  /apex/com.android.art/lib64/libart.so (bool art::interpreter::DoCall<false>(art::ArtMethod*, art::Thread*, art::ShadowFrame&, art::Instruction const*, unsigned short, bool, art::JValue*)+2068) (BuildId: 80d2ab18f9d259d8e546c1e6bae752b1)
12-01 11:30:36.823  9495  9495 F DEBUG   :       #106 pc 00000000005c976c  /apex/com.android.art/lib64/libart.so (void art::interpreter::ExecuteSwitchImplCpp<false>(art::interpreter::SwitchImplContext*)+1280) (BuildId: 80d2ab18f9d259d8e546c1e6bae752b1)
12-01 11:30:36.823  9495  9495 F DEBUG   :       #107 pc 000000000031c9b8  /apex/com.android.art/lib64/libart.so (ExecuteSwitchImplAsm+8) (BuildId: 80d2ab18f9d259d8e546c1e6bae752b1)
12-01 11:30:36.823  9495  9495 F DEBUG   :       #108 pc 00000000021f706c  /data/app/~~NkoWh4CUU-vU_Pib7Gm7xQ==/com.healingbeat.app-1iju0WorljbgBvt3A3LlXw==/oat/arm64/base.vdex (com.facebook.react.runtime.internal.bolts.Task.onSuccess$lambda$12+0)
12-01 11:30:36.823  9495  9495 F DEBUG   :       #109 pc 000000000031c3b0  /apex/com.android.art/lib64/libart.so (art::interpreter::ArtInterpreterToInterpreterBridge(art::Thread*, art::CodeItemDataAccessor const&, art::ShadowFrame*, art::JValue*)+412) (BuildId: 80d2ab18f9d259d8e546c1e6bae752b1)
12-01 11:30:36.823  9495  9495 F DEBUG   :       #110 pc 00000000006791f4  /apex/com.android.art/lib64/libart.so (bool art::interpreter::DoCall<false>(art::ArtMethod*, art::Thread*, art::ShadowFrame&, art::Instruction const*, unsigned short, bool, art::JValue*)+2068) (BuildId: 80d2ab18f9d259d8e546c1e6bae752b1)
12-01 11:30:36.823  9495  9495 F DEBUG   :       #111 pc 00000000005c976c  /apex/com.android.art/lib64/libart.so (void art::interpreter::ExecuteSwitchImplCpp<false>(art::interpreter::SwitchImplContext*)+1280) (BuildId: 80d2ab18f9d259d8e546c1e6bae752b1)
12-01 11:30:36.823  9495  9495 F DEBUG   :       #112 pc 000000000031c9b8  /apex/com.android.art/lib64/libart.so (ExecuteSwitchImplAsm+8) (BuildId: 80d2ab18f9d259d8e546c1e6bae752b1)
12-01 11:30:36.823  9495  9495 F DEBUG   :       #113 pc 00000000021f6d00  /data/app/~~NkoWh4CUU-vU_Pib7Gm7xQ==/com.healingbeat.app-1iju0WorljbgBvt3A3LlXw==/oat/arm64/base.vdex (com.facebook.react.runtime.internal.bolts.Task.$r8$lambda$l0wwo5AvbHxlwfI1R7CH_codxoo+0)
12-01 11:30:36.823  9495  9495 F DEBUG   :       #114 pc 000000000031c3b0  /apex/com.android.art/lib64/libart.so (art::interpreter::ArtInterpreterToInterpreterBridge(art::Thread*, art::CodeItemDataAccessor const&, art::ShadowFrame*, art::JValue*)+412) (BuildId: 80d2ab18f9d259d8e546c1e6bae752b1)
12-01 11:30:36.823  9495  9495 F DEBUG   :       #115 pc 00000000006791f4  /apex/com.android.art/lib64/libart.so (bool art::interpreter::DoCall<false>(art::ArtMethod*, art::Thread*, art::ShadowFrame&, art::Instruction const*, unsigned short, bool, art::JValue*)+2068) (BuildId: 80d2ab18f9d259d8e546c1e6bae752b1)
12-01 11:30:36.823  9495  9495 F DEBUG   :       #116 pc 00000000005c976c  /apex/com.android.art/lib64/libart.so (void art::interpreter::ExecuteSwitchImplCpp<false>(art::interpreter::SwitchImplContext*)+1280) (BuildId: 80d2ab18f9d259d8e546c1e6bae752b1)
12-01 11:30:36.823  9495  9495 F DEBUG   :       #117 pc 000000000031c9b8  /apex/com.android.art/lib64/libart.so (ExecuteSwitchImplAsm+8) (BuildId: 80d2ab18f9d259d8e546c1e6bae752b1)
12-01 11:30:36.823  9495  9495 F DEBUG   :       #118 pc 00000000021f6268  /data/app/~~NkoWh4CUU-vU_Pib7Gm7xQ==/com.healingbeat.app-1iju0WorljbgBvt3A3LlXw==/oat/arm64/base.vdex (com.facebook.react.runtime.internal.bolts.Task$$ExternalSyntheticLambda2.then+0)
12-01 11:30:36.823  9495  9495 F DEBUG   :       #119 pc 000000000031c3b0  /apex/com.android.art/lib64/libart.so (art::interpreter::ArtInterpreterToInterpreterBridge(art::Thread*, art::CodeItemDataAccessor const&, art::ShadowFrame*, art::JValue*)+412) (BuildId: 80d2ab18f9d259d8e546c1e6bae752b1)
12-01 11:30:36.823  9495  9495 F DEBUG   :       #120 pc 00000000006791f4  /apex/com.android.art/lib64/libart.so (bool art::interpreter::DoCall<false>(art::ArtMethod*, art::Thread*, art::ShadowFrame&, art::Instruction const*, unsigned short, bool, art::JValue*)+2068) (BuildId: 80d2ab18f9d259d8e546c1e6bae752b1)
12-01 11:30:36.823  9495  9495 F DEBUG   :       #121 pc 00000000005c9d1c  /apex/com.android.art/lib64/libart.so (void art::interpreter::ExecuteSwitchImplCpp<false>(art::interpreter::SwitchImplContext*)+2736) (BuildId: 80d2ab18f9d259d8e546c1e6bae752b1)
12-01 11:30:36.823  9495  9495 F DEBUG   :       #122 pc 000000000031c9b8  /apex/com.android.art/lib64/libart.so (ExecuteSwitchImplAsm+8) (BuildId: 80d2ab18f9d259d8e546c1e6bae752b1)
12-01 11:30:36.823  9495  9495 F DEBUG   :       #123 pc 00000000021f6820  /data/app/~~NkoWh4CUU-vU_Pib7Gm7xQ==/com.healingbeat.app-1iju0WorljbgBvt3A3LlXw==/oat/arm64/base.vdex (com.facebook.react.runtime.internal.bolts.Task$Companion.completeAfterTask$lambda$5+0)
12-01 11:30:36.823  9495  9495 F DEBUG   :       #124 pc 000000000031c3b0  /apex/com.android.art/lib64/libart.so (art::interpreter::ArtInterpreterToInterpreterBridge(art::Thread*, art::CodeItemDataAccessor const&, art::ShadowFrame*, art::JValue*)+412) (BuildId: 80d2ab18f9d259d8e546c1e6bae752b1)
12-01 11:30:36.823  9495  9495 F DEBUG   :       #125 pc 00000000006791f4  /apex/com.android.art/lib64/libart.so (bool art::interpreter::DoCall<false>(art::ArtMethod*, art::Thread*, art::ShadowFrame&, art::Instruction const*, unsigned short, bool, art::JValue*)+2068) (BuildId: 80d2ab18f9d259d8e546c1e6bae752b1)
12-01 11:30:36.823  9495  9495 F DEBUG   :       #126 pc 00000000005c976c  /apex/com.android.art/lib64/libart.so (void art::interpreter::ExecuteSwitchImplCpp<false>(art::interpreter::SwitchImplContext*)+1280) (BuildId: 80d2ab18f9d259d8e546c1e6bae752b1)
12-01 11:30:36.823  9495  9495 F DEBUG   :       #127 pc 000000000031c9b8  /apex/com.android.art/lib64/libart.so (ExecuteSwitchImplAsm+8) (BuildId: 80d2ab18f9d259d8e546c1e6bae752b1)
12-01 11:30:36.823  9495  9495 F DEBUG   :       #128 pc 00000000021f66d0  /data/app/~~NkoWh4CUU-vU_Pib7Gm7xQ==/com.healingbeat.app-1iju0WorljbgBvt3A3LlXw==/oat/arm64/base.vdex (com.facebook.react.runtime.internal.bolts.Task$Companion.$r8$lambda$IPpysnehFwANEiW061YzapkMdoE+0)
12-01 11:30:36.823  9495  9495 F DEBUG   :       #129 pc 000000000031c3b0  /apex/com.android.art/lib64/libart.so (art::interpreter::ArtInterpreterToInterpreterBridge(art::Thread*, art::CodeItemDataAccessor const&, art::ShadowFrame*, art::JValue*)+412) (BuildId: 80d2ab18f9d259d8e546c1e6bae752b1)
12-01 11:30:36.823  9495  9495 F DEBUG   :       #130 pc 00000000006791f4  /apex/com.android.art/lib64/libart.so (bool art::interpreter::DoCall<false>(art::ArtMethod*, art::Thread*, art::ShadowFrame&, art::Instruction const*, unsigned short, bool, art::JValue*)+2068) (BuildId: 80d2ab18f9d259d8e546c1e6bae752b1)
12-01 11:30:36.823  9495  9495 F DEBUG   :       #131 pc 00000000005c976c  /apex/com.android.art/lib64/libart.so (void art::interpreter::ExecuteSwitchImplCpp<false>(art::interpreter::SwitchImplContext*)+1280) (BuildId: 80d2ab18f9d259d8e546c1e6bae752b1)
12-01 11:30:36.823  9495  9495 F DEBUG   :       #132 pc 000000000031c9b8  /apex/com.android.art/lib64/libart.so (ExecuteSwitchImplAsm+8) (BuildId: 80d2ab18f9d259d8e546c1e6bae752b1)
12-01 11:30:36.823  9495  9495 F DEBUG   :       #133 pc 00000000021f6450  /data/app/~~NkoWh4CUU-vU_Pib7Gm7xQ==/com.healingbeat.app-1iju0WorljbgBvt3A3LlXw==/oat/arm64/base.vdex (com.facebook.react.runtime.internal.bolts.Task$Companion$$ExternalSyntheticLambda4.run+0)
12-01 11:30:36.823  9495  9495 F DEBUG   :       #134 pc 00000000002dc564  /apex/com.android.art/lib64/libart.so (art::interpreter::Execute(art::Thread*, art::CodeItemDataAccessor const&, art::ShadowFrame&, art::JValue, bool, bool) (.__uniq.112435418011751916792819755956732575238.llvm.7923196258099814811)+332) (BuildId: 80d2ab18f9d259d8e546c1e6bae752b1)
12-01 11:30:36.823  9495  9495 F DEBUG   :       #135 pc 00000000002dbd98  /apex/com.android.art/lib64/libart.so (artQuickToInterpreterBridge+888) (BuildId: 80d2ab18f9d259d8e546c1e6bae752b1)
12-01 11:30:36.823  9495  9495 F DEBUG   :       #136 pc 0000000000344638  /apex/com.android.art/lib64/libart.so (art_quick_to_interpreter_bridge+88) (BuildId: 80d2ab18f9d259d8e546c1e6bae752b1)
12-01 11:30:36.823  9495  9495 F DEBUG   :       #137 pc 000000000219de0c  /memfd:jit-cache (deleted) (offset 0x2000000) (java.util.concurrent.ThreadPoolExecutor.runWorker+444)
12-01 11:30:36.823  9495  9495 F DEBUG   :       #138 pc 000000000219dba0  /memfd:jit-cache (deleted) (offset 0x2000000) (java.util.concurrent.ThreadPoolExecutor$Worker.run+128)
12-01 11:30:36.823  9495  9495 F DEBUG   :       #139 pc 00000000020046b8  /memfd:jit-cache (deleted) (offset 0x2000000) (java.lang.Thread.run+136)
12-01 11:30:36.823  9495  9495 F DEBUG   :       #140 pc 000000000032d194  /apex/com.android.art/lib64/libart.so (art_quick_invoke_stub+612) (BuildId: 80d2ab18f9d259d8e546c1e6bae752b1)
12-01 11:30:36.823  9495  9495 F DEBUG   :       #141 pc 00000000002de270  /apex/com.android.art/lib64/libart.so (art::ArtMethod::Invoke(art::Thread*, unsigned int*, unsigned int, art::JValue*, char const*)+216) (BuildId: 80d2ab18f9d259d8e546c1e6bae752b1)
12-01 11:30:36.823  9495  9495 F DEBUG   :       #142 pc 00000000004bfcf4  /apex/com.android.art/lib64/libart.so (art::Thread::CreateCallback(void*)+932) (BuildId: 80d2ab18f9d259d8e546c1e6bae752b1)
12-01 11:30:36.823  9495  9495 F DEBUG   :       #143 pc 00000000004bf940  /apex/com.android.art/lib64/libart.so (art::Thread::CreateCallbackWithUffdGc(void*)+8) (BuildId: 80d2ab18f9d259d8e546c1e6bae752b1)
12-01 11:30:36.823  9495  9495 F DEBUG   :       #144 pc 00000000000b8c20  /apex/com.android.runtime/lib64/bionic/libc.so (__pthread_start(void*)+184) (BuildId: 661196ed39afcd22918f775f9b562bb4)
12-01 11:30:36.823  9495  9495 F DEBUG   :       #145 pc 00000000000ab420  /apex/com.android.runtime/lib64/bionic/libc.so (__start_thread+68) (BuildId: 661196ed39afcd22918f775f9b562bb4)
12-01 11:30:36.839  1401  1401 E tombstoned: Tombstone written to: tombstone_04
12-01 11:30:36.862  2183  3695 E InputDispatcher: channel '427f72e com.healingbeat.app/com.healingbeat.app.MainActivity' ~ Channel is unrecoverably broken and will be disposed!
12-01 11:30:36.865  1674  1743 E minksocket: MinkIPC_QRTR_Service: client with node 1 port 45da went down
12-01 11:30:36.865  1674  1750 E minksocket: MinkIPC_QRTR_Service: client with node 1 port 45da went down
12-01 11:30:36.867  2183  6078 E SensorService: BigData:Pakage) 1 already disabled. 
12-01 11:30:36.893  2183  5740 E ActivityManager: Sending non-protected broadcast com.sec.android.intent.action.APP_HQM_SEND_REQ from system 5905:com.sec.android.diagmonagent/1000 pkg com.sec.android.diagmonagent
12-01 11:30:36.893  2183  5740 E ActivityManager: java.lang.Throwable
12-01 11:30:36.893  2183  5740 E ActivityManager: 	at com.android.server.am.BroadcastController.checkBroadcastFromSystem(qb/103240656 c577bcf375aa62b15febb7d34f3de8e3ddc1abfd2bafd20f81ea4248a290b3ef:252)
12-01 11:30:36.893  2183  5740 E ActivityManager: 	at com.android.server.am.BroadcastController.broadcastIntentLockedTraced(qb/103240656 c577bcf375aa62b15febb7d34f3de8e3ddc1abfd2bafd20f81ea4248a290b3ef:344)
12-01 11:30:36.893  2183  5740 E ActivityManager: 	at com.android.server.am.BroadcastController.broadcastIntentLocked(qb/103240656 c577bcf375aa62b15febb7d34f3de8e3ddc1abfd2bafd20f81ea4248a290b3ef:18)
12-01 11:30:36.893  2183  5740 E ActivityManager: 	at com.android.server.am.ActivityManagerService.broadcastIntentWithFeature(qb/103240656 c577bcf375aa62b15febb7d34f3de8e3ddc1abfd2bafd20f81ea4248a290b3ef:149)
12-01 11:30:36.893  2183  5740 E ActivityManager: 	at android.app.IActivityManager$Stub.onTransact$broadcastIntentWithFeature$(IActivityManager.java:12378)
12-01 11:30:36.893  2183  5740 E ActivityManager: 	at android.app.IActivityManager$Stub.onTransact(IActivityManager.java:3197)
12-01 11:30:36.893  2183  5740 E ActivityManager: 	at com.android.server.am.ActivityManagerService.onTransact(qb/103240656 c577bcf375aa62b15febb7d34f3de8e3ddc1abfd2bafd20f81ea4248a290b3ef:425)
12-01 11:30:36.893  2183  5740 E ActivityManager: 	at android.os.Binder.execTransactInternal(Binder.java:1457)
12-01 11:30:36.893  2183  5740 E ActivityManager: 	at android.os.Binder.execTransact(Binder.java:1401)
12-01 11:30:36.900  1820  5167 E NativeCustomFrequencyManager: [NativeCFMS] BpCustomFrequencyManager::acquire()
12-01 11:30:36.913  1820  1820 E SurfaceFlinger: alpha changed 1.000 -> 0.000 - Surface(name=Task=1)/@0x56598f1_transition-leash#763
12-01 11:30:36.921  1820  1820 E SurfaceFlinger: alpha changed 0.000 -> 1.000 - Surface(name=Task=1)/@0x56598f1_transition-leash#763
12-01 11:30:36.946  1820  1820 E SurfaceFlinger: alpha changed 1.000 -> 0.000 - Surface(name=eee0de InputMethod)/@0x1ab4678 - animation-leash of insets_animation#766
12-01 11:30:36.979  1816  1830 E HeatmapThread: ECT Thread time in milliseconds: 1764556236
12-01 11:30:36.981  1816  1830 E HeatmapThread: !@ CAM New BSOH: 97
--
12-01 11:30:43.543  1820  1820 E SurfaceFlinger: alpha changed 0.000 -> 0.200 - Task=214#768
12-01 11:30:43.612  1820  5167 E NativeCustomFrequencyManager: [NativeCFMS] BpCustomFrequencyManager::acquire()
12-01 11:30:43.791  1674  1743 E minksocket: MinkIPC_QRTR_Service: client with node 1 port 45db went down
12-01 11:30:43.791  1674  1750 E minksocket: MinkIPC_QRTR_Service: client with node 1 port 45db went down
12-01 11:30:43.792  1674  1750 E minksocket: MinkIPC_QRTR_Service: client with node 1 port 45dc went down
12-01 11:30:43.792  1674  1750 E minksocket: MinkIPC_QRTR_Service: client with node 1 port 45dd went down
12-01 11:30:43.793  1674  1743 E minksocket: MinkIPC_QRTR_Service: client with node 1 port 45dc went down
12-01 11:30:43.793  1674  1743 E minksocket: MinkIPC_QRTR_Service: client with node 1 port 45dd went down
12-01 11:30:43.793  1674  1743 E minksocket: MinkIPC_QRTR_Service: client with node 1 port 45de went down
12-01 11:30:43.793  1674  1750 E minksocket: MinkIPC_QRTR_Service: client with node 1 port 45de went down
12-01 11:30:43.796  9580  9580 E DevLauncherController: Failed to hide splash screen
12-01 11:30:43.796  9580  9580 E DevLauncherController: java.lang.ClassNotFoundException: expo.modules.splashscreen.SplashScreenManager
12-01 11:30:43.796  9580  9580 E DevLauncherController: 	at java.lang.Class.classForName(Native Method)
12-01 11:30:43.796  9580  9580 E DevLauncherController: 	at java.lang.Class.forName(Class.java:597)
12-01 11:30:43.796  9580  9580 E DevLauncherController: 	at java.lang.Class.forName(Class.java:502)
12-01 11:30:43.796  9580  9580 E DevLauncherController: 	at expo.modules.devlauncher.DevLauncherController$Companion.initialize$expo_dev_launcher_debug(DevLauncherController.kt:428)
12-01 11:30:43.796  9580  9580 E DevLauncherController: 	at expo.modules.devlauncher.DevLauncherController$Companion.initialize(DevLauncherController.kt:474)
12-01 11:30:43.796  9580  9580 E DevLauncherController: 	at expo.modules.devlauncher.DevLauncherController$Companion.initialize$default(DevLauncherController.kt:472)
12-01 11:30:43.796  9580  9580 E DevLauncherController: 	at expo.modules.devlauncher.DevLauncherPackageDelegate$createApplicationLifecycleListeners$1.onCreate(DevLauncherPackageDelegate.kt:32)
12-01 11:30:43.796  9580  9580 E DevLauncherController: 	at expo.modules.ApplicationLifecycleDispatcher.onApplicationCreate(ApplicationLifecycleDispatcher.kt:20)
12-01 11:30:43.796  9580  9580 E DevLauncherController: 	at com.healingbeat.app.MainApplication.onCreate(MainApplication.kt:49)
12-01 11:30:43.796  9580  9580 E DevLauncherController: 	at android.app.Instrumentation.callApplicationOnCreate(Instrumentation.java:1384)
12-01 11:30:43.796  9580  9580 E DevLauncherController: 	at android.app.ActivityThread.handleBindApplication(ActivityThread.java:8750)
12-01 11:30:43.796  9580  9580 E DevLauncherController: 	at android.app.ActivityThread.-$$Nest$mhandleBindApplication(Unknown Source:0)
12-01 11:30:43.796  9580  9580 E DevLauncherController: 	at android.app.ActivityThread$H.handleMessage(ActivityThread.java:2873)
12-01 11:30:43.796  9580  9580 E DevLauncherController: 	at android.os.Handler.dispatchMessage(Handler.java:110)
12-01 11:30:43.796  9580  9580 E DevLauncherController: 	at android.os.Looper.loopOnce(Looper.java:273)
12-01 11:30:43.796  9580  9580 E DevLauncherController: 	at android.os.Looper.loop(Looper.java:363)
12-01 11:30:43.796  9580  9580 E DevLauncherController: 	at android.app.ActivityThread.main(ActivityThread.java:10060)
12-01 11:30:43.796  9580  9580 E DevLauncherController: 	at java.lang.reflect.Method.invoke(Native Method)
12-01 11:30:43.796  9580  9580 E DevLauncherController: 	at com.android.internal.os.RuntimeInit$MethodAndArgsCaller.run(RuntimeInit.java:632)
12-01 11:30:43.796  9580  9580 E DevLauncherController: 	at com.android.internal.os.ZygoteInit.main(ZygoteInit.java:975)
12-01 11:30:43.796  9580  9580 E DevLauncherController: Caused by: java.lang.ClassNotFoundException: Didn't find class "expo.modules.splashscreen.SplashScreenManager" on path: DexPathList[[zip file "/data/app/~~NkoWh4CUU-vU_Pib7Gm7xQ==/com.healingbeat.app-1iju0WorljbgBvt3A3LlXw==/base.apk"],nativeLibraryDirectories=[/data/app/~~NkoWh4CUU-vU_Pib7Gm7xQ==/com.healingbeat.app-1iju0WorljbgBvt3A3LlXw==/lib/arm64, /data/app/~~NkoWh4CUU-vU_Pib7Gm7xQ==/com.healingbeat.app-1iju0WorljbgBvt3A3LlXw==/base.apk!/lib/arm64-v8a, /system/lib64, /system_ext/lib64]]
12-01 11:30:43.796  9580  9580 E DevLauncherController: 	at dalvik.system.BaseDexClassLoader.findClass(BaseDexClassLoader.java:259)
12-01 11:30:43.796  9580  9580 E DevLauncherController: 	at java.lang.ClassLoader.loadClass(ClassLoader.java:637)
12-01 11:30:43.796  9580  9580 E DevLauncherController: 	at java.lang.ClassLoader.loadClass(ClassLoader.java:573)
12-01 11:30:43.796  9580  9580 E DevLauncherController: 	... 20 more
12-01 11:30:43.811  9580  9580 E ashmem  : Pinning is deprecated since Android Q. Please use trim or other methods.
12-01 11:30:43.855  9580  9580 E BufferQueueProducer: Unable to open libpenguin.so: dlopen failed: library "libpenguin.so" not found.
12-01 11:30:43.855  9580  9580 E healingbeat.app: Unable to open libpenguin.so: dlopen failed: library "libpenguin.so" not found.
12-01 11:30:43.868  5267  5267 E pageboostd: Received HALT command code 2
12-01 11:30:43.887  2183  6077 E WindowManager: win=Window{65bc7b u0 com.sec.android.app.launcher/com.sec.android.app.launcher.activities.LauncherActivity} destroySurfaces: appStopped=true cleanupOnResume=false win.mWindowRemovalAllowed=false win.mRemoveOnExit=false win.mViewVisibility=8 caller=com.android.server.wm.ActivityRecord.destroySurfaces:25 com.android.server.wm.ActivityRecord.activityStopped:192 com.android.server.wm.ActivityClientController.activityStopped:97 android.app.IActivityClientController$Stub.onTransact:740 com.android.server.wm.ActivityClientController.onTransact:1 android.os.Binder.execTransactInternal:1462 android.os.Binder.execTransact:1401 
12-01 11:30:43.902  1820  1820 E SurfaceFlinger: alpha changed 1.000 -> 0.000 - Surface(name=eee0de InputMethod)/@0x1ab4678 - animation-leash of insets_animation#781
12-01 11:30:43.979  1816  1830 E HeatmapThread: ECT Thread time in milliseconds: 1764556243
12-01 11:30:43.981  1816  1830 E HeatmapThread: !@ CAM New BSOH: 97
12-01 11:30:43.981  1816  1830 E HeatmapThread: !@ CAM is Working
12-01 11:30:44.419  2183  6027 E SensorService: BigData:Pakage) 1 already enabled. 
12-01 11:30:44.428  5267  5267 E pageboostd: Received HALT command code 2
12-01 11:30:44.453  1820  1820 E SurfaceFlinger: alpha changed 1.000 -> 0.000 - ActivityRecord{175631675 u0 com.healingbeat.app/.MainActivity t214}#782
12-01 11:30:44.453  1820  1820 E SurfaceFlinger: alpha changed 0.000 -> 1.000 - ActivityRecord{175631675 u0 com.healingbeat.app/.MainActivity t214}#782
12-01 11:30:44.494  5267  5267 E pageboostd: Received HALT command code 2
12-01 11:30:44.515  9580  9580 E unknown:ReactHost: Unhandled SoftException
12-01 11:30:44.515  9580  9580 E unknown:ReactHost: com.facebook.react.bridge.ReactNoCrashSoftException: raiseSoftException(onWindowFocusChange(hasFocus = "true")): Tried to access onWindowFocusChange while context is not ready
12-01 11:30:44.515  9580  9580 E unknown:ReactHost: 	at com.facebook.react.runtime.ReactHostImpl.raiseSoftException(ReactHostImpl.kt:787)
12-01 11:30:44.515  9580  9580 E unknown:ReactHost: 	at com.facebook.react.runtime.ReactHostImpl.raiseSoftException$default(ReactHostImpl.kt:779)
12-01 11:30:44.515  9580  9580 E unknown:ReactHost: 	at com.facebook.react.runtime.ReactHostImpl.onWindowFocusChange(ReactHostImpl.kt:589)
12-01 11:30:44.515  9580  9580 E unknown:ReactHost: 	at com.facebook.react.ReactDelegate.onWindowFocusChanged(ReactDelegate.kt:217)
12-01 11:30:44.515  9580  9580 E unknown:ReactHost: 	at com.facebook.react.ReactActivityDelegate.onWindowFocusChanged(ReactActivityDelegate.java:236)
12-01 11:30:44.515  9580  9580 E unknown:ReactHost: 	at expo.modules.ReactActivityDelegateWrapper$onWindowFocusChanged$1.invokeSuspend(ReactActivityDelegateWrapper.kt:353)
12-01 11:30:44.515  9580  9580 E unknown:ReactHost: 	at expo.modules.ReactActivityDelegateWrapper$onWindowFocusChanged$1.invoke(Unknown Source:8)
12-01 11:30:44.515  9580  9580 E unknown:ReactHost: 	at expo.modules.ReactActivityDelegateWrapper$onWindowFocusChanged$1.invoke(Unknown Source:4)
12-01 11:30:44.515  9580  9580 E unknown:ReactHost: 	at expo.modules.ReactActivityDelegateWrapper$launchLifecycleScopeWithLock$1.invokeSuspend(ReactActivityDelegateWrapper.kt:485)
12-01 11:30:44.515  9580  9580 E unknown:ReactHost: 	at kotlin.coroutines.jvm.internal.BaseContinuationImpl.resumeWith(ContinuationImpl.kt:33)
12-01 11:30:44.515  9580  9580 E unknown:ReactHost: 	at kotlinx.coroutines.internal.DispatchedContinuationKt.resumeCancellableWith(DispatchedContinuation.kt:359)
12-01 11:30:44.515  9580  9580 E unknown:ReactHost: 	at kotlinx.coroutines.intrinsics.CancellableKt.startCoroutineCancellable(Cancellable.kt:26)
12-01 11:30:44.515  9580  9580 E unknown:ReactHost: 	at kotlinx.coroutines.CoroutineStart.invoke(CoroutineStart.kt:358)
12-01 11:30:44.515  9580  9580 E unknown:ReactHost: 	at kotlinx.coroutines.AbstractCoroutine.start(AbstractCoroutine.kt:124)
12-01 11:30:44.515  9580  9580 E unknown:ReactHost: 	at kotlinx.coroutines.BuildersKt__Builders_commonKt.launch(Builders.common.kt:52)
12-01 11:30:44.515  9580  9580 E unknown:ReactHost: 	at kotlinx.coroutines.BuildersKt.launch(Unknown Source:1)
12-01 11:30:44.515  9580  9580 E unknown:ReactHost: 	at kotlinx.coroutines.BuildersKt__Builders_commonKt.launch$default(Builders.common.kt:43)
--
12-01 11:30:46.979  1816  1830 E HeatmapThread: ECT Thread time in milliseconds: 1764556246
12-01 11:30:46.982  1816  1830 E HeatmapThread: !@ CAM New BSOH: 97
12-01 11:30:46.982  1816  1830 E HeatmapThread: !@ CAM is Working
12-01 11:30:47.452  2183  5890 E TaskPersister: File error accessing recents directory (directory doesn't exist?).
12-01 11:30:47.979  1816  1830 E HeatmapThread: ECT Thread time in milliseconds: 1764556247
12-01 11:30:47.982  1816  1830 E HeatmapThread: !@ CAM New BSOH: 97
12-01 11:30:47.982  1816  1830 E HeatmapThread: !@ CAM is Working
12-01 11:30:48.979  1816  1830 E HeatmapThread: ECT Thread time in milliseconds: 1764556248
12-01 11:30:48.981  1816  1830 E HeatmapThread: !@ CAM New BSOH: 97
12-01 11:30:48.981  1816  1830 E HeatmapThread: !@ CAM is Working
12-01 11:30:49.979  1816  1830 E HeatmapThread: ECT Thread time in milliseconds: 1764556249
12-01 11:30:49.983  1816  1830 E HeatmapThread: !@ CAM New BSOH: 97
12-01 11:30:49.983  1816  1830 E HeatmapThread: !@ CAM is Working
12-01 11:30:50.979  1816  1830 E HeatmapThread: ECT Thread time in milliseconds: 1764556250
12-01 11:30:50.984  1816  1830 E HeatmapThread: !@ CAM New BSOH: 97
12-01 11:30:50.984  1816  1830 E HeatmapThread: !@ CAM is Working
12-01 11:30:51.200  1674  1750 E minksocket: MinkIPC_QRTR_Service: client with node 1 port 45df went down
12-01 11:30:51.200  1674  1743 E minksocket: MinkIPC_QRTR_Service: client with node 1 port 45df went down
12-01 11:30:51.219  2183  3695 E InputDispatcher: channel '282b6b8 PopupWindow:6447cca' ~ Channel is unrecoverably broken and will be disposed!
12-01 11:30:51.220  2183  6079 E SensorService: BigData:Pakage) 1 already disabled. 
12-01 11:30:51.222  2183  3695 E InputDispatcher: channel '7f39921 com.healingbeat.app/com.healingbeat.app.MainActivity' ~ Channel is unrecoverably broken and will be disposed!
12-01 11:30:51.252  1820  1820 E SurfaceFlinger: alpha changed 1.000 -> 0.000 - Surface(name=Task=1)/@0x5201676_transition-leash#801
12-01 11:30:51.258  1820  5167 E NativeCustomFrequencyManager: [NativeCFMS] BpCustomFrequencyManager::acquire()
12-01 11:30:51.260  1820  1820 E SurfaceFlinger: alpha changed 0.000 -> 1.000 - Surface(name=Task=1)/@0x5201676_transition-leash#801
12-01 11:30:51.289  4027  4027 E VvmPkgInstalledRcvr: carrierVvmPkgAdded: cannot create TelephonyManager from ComponentInfo{com.android.phone/com.android.services.telephony.TelephonyConnectionService}, E, UserHandle{0}
12-01 11:30:51.296  4027  4662 E SatelliteAppTracker: packageName: com.healingbeat.app, value: null
12-01 11:30:51.298  4027  4662 E SatelliteAppTracker: packageName: com.healingbeat.app, value: null
12-01 11:30:51.298  4027  4662 E SatelliteAppTracker: packageName: com.healingbeat.app, value: null
12-01 11:30:51.302  4027  4662 E SatelliteAppTracker: packageName: com.healingbeat.app, value: null
12-01 11:30:51.324  8021  9746 E AtomicFile: Failed to rename /data/user_de/0/com.samsung.android.honeyboard/files/selected.json.new to /data/user_de/0/com.samsung.android.honeyboard/files/selected.json
12-01 11:30:51.342  9741  9741 E ndroid.keychain: Not starting debugger since process cannot load the jdwp agent.
12-01 11:30:51.343 27196 27222 E Finsky  : [80] [Counters] attempted to use a non-positive increment for: 4752
12-01 11:30:51.343 27196 27222 E Finsky  : [80] [Counters] attempted to use a non-positive increment for: 4753
12-01 11:30:51.372  8228  8228 E FILP/PackageIntentReceiver: This package is not a effect filter
12-01 11:30:51.390 27196 27222 E Finsky  : [80] [Counters] attempted to use a non-positive increment for: 4752
12-01 11:30:51.402  1820  1820 E SurfaceFlinger: alpha changed 1.000 -> 0.000 - Surface(name=eee0de InputMethod)/@0x1ab4678 - animation-leash of insets_animation#804
12-01 11:30:51.409  4027  4027 E VvmPkgInstalledRcvr: carrierVvmPkgAdded: cannot create TelephonyManager from ComponentInfo{com.android.phone/com.android.services.telephony.TelephonyConnectionService}, E, UserHandle{0}
12-01 11:30:51.442 27196 27222 E Finsky  : [80] [Counters] attempted to use a non-positive increment for: 4753
12-01 11:30:51.443 27196 27226 E Finsky  : [84] [Counters] attempted to use a non-positive increment for: 4752
12-01 11:30:51.443 27196 27226 E Finsky  : [84] [Counters] attempted to use a non-positive increment for: 4752
12-01 11:30:51.443 27196 27222 E Finsky  : [80] [Counters] attempted to use a non-positive increment for: 4753
12-01 11:30:51.445 27196 27222 E Finsky  : [80] [Counters] attempted to use a non-positive increment for: 4753
12-01 11:30:51.472  9741  9790 E ashmem  : Pinning is deprecated since Android Q. Please use trim or other methods.
12-01 11:30:51.482  4632  4716 E HoneySpace.MinusOnePageUtils: com.samsung.android.app.spage is not installed 
12-01 11:30:51.487  2183 10467 E RoleControllerServiceImpl: Default/fallback role holder package doesn't qualify for the role, package: com.google.android.gms.supervision, role: android.app.role.SYSTEM_SUPERVISION
12-01 11:30:51.532  2183 10467 E RoleControllerServiceImpl: Default/fallback role holder package doesn't qualify for the role, package: com.google.android.gms, role: android.app.role.SYSTEM_DEPENDENCY_INSTALLER
12-01 11:30:51.559  9801  9801 E m.samsung.euicc: Not starting debugger since process cannot load the jdwp agent.
12-01 11:30:51.565  2183 10467 E AppOpService: Blocked setUidMode call for runtime permission app op: uid = 1000, code = CAMERA, mode = foreground, callingUid = 1000, oldMode = allow
12-01 11:30:51.565  2183 10467 E AppOpService: java.lang.RuntimeException
--
12-01 11:30:52.215  1674  1743 E minksocket: MinkIPC_QRTR_Service: client with node 1 port 45e0 went down
12-01 11:30:52.215  1674  1750 E minksocket: MinkIPC_QRTR_Service: client with node 1 port 45e0 went down
12-01 11:30:52.216  1674  1750 E minksocket: MinkIPC_QRTR_Service: client with node 1 port 45e1 went down
12-01 11:30:52.216  1674  1743 E minksocket: MinkIPC_QRTR_Service: client with node 1 port 45e1 went down
12-01 11:30:52.216  1674  1743 E minksocket: MinkIPC_QRTR_Service: client with node 1 port 45e2 went down
12-01 11:30:52.216  1674  1750 E minksocket: MinkIPC_QRTR_Service: client with node 1 port 45e2 went down
12-01 11:30:52.216  1674  1750 E minksocket: MinkIPC_QRTR_Service: client with node 1 port 45e3 went down
12-01 11:30:52.216  1674  1743 E minksocket: MinkIPC_QRTR_Service: client with node 1 port 45e3 went down
