12-01 12:16:11.364 17913 17913 F DEBUG   :       #94 pc 000000000031c3b0  /apex/com.android.art/lib64/libart.so (art::interpreter::ArtInterpreterToInterpreterBridge(art::Thread*, art::CodeItemDataAccessor const&, art::ShadowFrame*, art::JValue*)+412) (BuildId: 80d2ab18f9d259d8e546c1e6bae752b1)
12-01 12:16:11.364 17913 17913 F DEBUG   :       #95 pc 00000000006791f4  /apex/com.android.art/lib64/libart.so (bool art::interpreter::DoCall<false>(art::ArtMethod*, art::Thread*, art::ShadowFrame&, art::Instruction const*, unsigned short, bool, art::JValue*)+2068) (BuildId: 80d2ab18f9d259d8e546c1e6bae752b1)
12-01 12:16:11.364 17913 17913 F DEBUG   :       #96 pc 00000000005c976c  /apex/com.android.art/lib64/libart.so (void art::interpreter::ExecuteSwitchImplCpp<false>(art::interpreter::SwitchImplContext*)+1280) (BuildId: 80d2ab18f9d259d8e546c1e6bae752b1)
12-01 12:16:11.364 17913 17913 F DEBUG   :       #97 pc 000000000031c9b8  /apex/com.android.art/lib64/libart.so (ExecuteSwitchImplAsm+8) (BuildId: 80d2ab18f9d259d8e546c1e6bae752b1)
12-01 12:16:11.364 17913 17913 F DEBUG   :       #98 pc 0000000000296f74  [anon:dalvik-classes7.dex extracted in memory from /data/app/~~wIiKLBfL7IVA6BPwIjRuQw==/com.healingbeat.app-10isxMGJ4eiG9yeqFbu1rg==/base.apk]
12-01 12:16:11.364 17913 17913 F DEBUG   :       #99 pc 000000000031c3b0  /apex/com.android.art/lib64/libart.so (art::interpreter::ArtInterpreterToInterpreterBridge(art::Thread*, art::CodeItemDataAccessor const&, art::ShadowFrame*, art::JValue*)+412) (BuildId: 80d2ab18f9d259d8e546c1e6bae752b1)
12-01 12:16:11.364 17913 17913 F DEBUG   :       #100 pc 00000000006791f4  /apex/com.android.art/lib64/libart.so (bool art::interpreter::DoCall<false>(art::ArtMethod*, art::Thread*, art::ShadowFrame&, art::Instruction const*, unsigned short, bool, art::JValue*)+2068) (BuildId: 80d2ab18f9d259d8e546c1e6bae752b1)
12-01 12:16:11.364 17913 17913 F DEBUG   :       #101 pc 00000000005c95d0  /apex/com.android.art/lib64/libart.so (void art::interpreter::ExecuteSwitchImplCpp<false>(art::interpreter::SwitchImplContext*)+868) (BuildId: 80d2ab18f9d259d8e546c1e6bae752b1)
12-01 12:16:11.364 17913 17913 F DEBUG   :       #102 pc 000000000031c9b8  /apex/com.android.art/lib64/libart.so (ExecuteSwitchImplAsm+8) (BuildId: 80d2ab18f9d259d8e546c1e6bae752b1)
12-01 12:16:11.364 17913 17913 F DEBUG   :       #103 pc 0000000000296f24  [anon:dalvik-classes7.dex extracted in memory from /data/app/~~wIiKLBfL7IVA6BPwIjRuQw==/com.healingbeat.app-10isxMGJ4eiG9yeqFbu1rg==/base.apk]
12-01 12:16:11.364 17913 17913 F DEBUG   :       #104 pc 000000000031c3b0  /apex/com.android.art/lib64/libart.so (art::interpreter::ArtInterpreterToInterpreterBridge(art::Thread*, art::CodeItemDataAccessor const&, art::ShadowFrame*, art::JValue*)+412) (BuildId: 80d2ab18f9d259d8e546c1e6bae752b1)
12-01 12:16:11.364 17913 17913 F DEBUG   :       #105 pc 00000000006791f4  /apex/com.android.art/lib64/libart.so (bool art::interpreter::DoCall<false>(art::ArtMethod*, art::Thread*, art::ShadowFrame&, art::Instruction const*, unsigned short, bool, art::JValue*)+2068) (BuildId: 80d2ab18f9d259d8e546c1e6bae752b1)
12-01 12:16:11.364 17913 17913 F DEBUG   :       #106 pc 00000000005c976c  /apex/com.android.art/lib64/libart.so (void art::interpreter::ExecuteSwitchImplCpp<false>(art::interpreter::SwitchImplContext*)+1280) (BuildId: 80d2ab18f9d259d8e546c1e6bae752b1)
12-01 12:16:11.364 17913 17913 F DEBUG   :       #107 pc 000000000031c9b8  /apex/com.android.art/lib64/libart.so (ExecuteSwitchImplAsm+8) (BuildId: 80d2ab18f9d259d8e546c1e6bae752b1)
12-01 12:16:11.364 17913 17913 F DEBUG   :       #108 pc 00000000002971d4  [anon:dalvik-classes7.dex extracted in memory from /data/app/~~wIiKLBfL7IVA6BPwIjRuQw==/com.healingbeat.app-10isxMGJ4eiG9yeqFbu1rg==/base.apk]
12-01 12:16:11.364 17913 17913 F DEBUG   :       #109 pc 000000000031c3b0  /apex/com.android.art/lib64/libart.so (art::interpreter::ArtInterpreterToInterpreterBridge(art::Thread*, art::CodeItemDataAccessor const&, art::ShadowFrame*, art::JValue*)+412) (BuildId: 80d2ab18f9d259d8e546c1e6bae752b1)
12-01 12:16:11.364 17913 17913 F DEBUG   :       #110 pc 00000000006791f4  /apex/com.android.art/lib64/libart.so (bool art::interpreter::DoCall<false>(art::ArtMethod*, art::Thread*, art::ShadowFrame&, art::Instruction const*, unsigned short, bool, art::JValue*)+2068) (BuildId: 80d2ab18f9d259d8e546c1e6bae752b1)
12-01 12:16:11.364 17913 17913 F DEBUG   :       #111 pc 00000000005c976c  /apex/com.android.art/lib64/libart.so (void art::interpreter::ExecuteSwitchImplCpp<false>(art::interpreter::SwitchImplContext*)+1280) (BuildId: 80d2ab18f9d259d8e546c1e6bae752b1)
12-01 12:16:11.364 17913 17913 F DEBUG   :       #112 pc 000000000031c9b8  /apex/com.android.art/lib64/libart.so (ExecuteSwitchImplAsm+8) (BuildId: 80d2ab18f9d259d8e546c1e6bae752b1)
12-01 12:16:11.364 17913 17913 F DEBUG   :       #113 pc 0000000000296e68  [anon:dalvik-classes7.dex extracted in memory from /data/app/~~wIiKLBfL7IVA6BPwIjRuQw==/com.healingbeat.app-10isxMGJ4eiG9yeqFbu1rg==/base.apk]
12-01 12:16:11.364 17913 17913 F DEBUG   :       #114 pc 000000000031c3b0  /apex/com.android.art/lib64/libart.so (art::interpreter::ArtInterpreterToInterpreterBridge(art::Thread*, art::CodeItemDataAccessor const&, art::ShadowFrame*, art::JValue*)+412) (BuildId: 80d2ab18f9d259d8e546c1e6bae752b1)
12-01 12:16:11.364 17913 17913 F DEBUG   :       #115 pc 00000000006791f4  /apex/com.android.art/lib64/libart.so (bool art::interpreter::DoCall<false>(art::ArtMethod*, art::Thread*, art::ShadowFrame&, art::Instruction const*, unsigned short, bool, art::JValue*)+2068) (BuildId: 80d2ab18f9d259d8e546c1e6bae752b1)
12-01 12:16:11.364 17913 17913 F DEBUG   :       #116 pc 00000000005c976c  /apex/com.android.art/lib64/libart.so (void art::interpreter::ExecuteSwitchImplCpp<false>(art::interpreter::SwitchImplContext*)+1280) (BuildId: 80d2ab18f9d259d8e546c1e6bae752b1)
12-01 12:16:11.364 17913 17913 F DEBUG   :       #117 pc 000000000031c9b8  /apex/com.android.art/lib64/libart.so (ExecuteSwitchImplAsm+8) (BuildId: 80d2ab18f9d259d8e546c1e6bae752b1)
12-01 12:16:11.364 17913 17913 F DEBUG   :       #118 pc 00000000002963d0  [anon:dalvik-classes7.dex extracted in memory from /data/app/~~wIiKLBfL7IVA6BPwIjRuQw==/com.healingbeat.app-10isxMGJ4eiG9yeqFbu1rg==/base.apk]
12-01 12:16:11.364 17913 17913 F DEBUG   :       #119 pc 000000000031c3b0  /apex/com.android.art/lib64/libart.so (art::interpreter::ArtInterpreterToInterpreterBridge(art::Thread*, art::CodeItemDataAccessor const&, art::ShadowFrame*, art::JValue*)+412) (BuildId: 80d2ab18f9d259d8e546c1e6bae752b1)
12-01 12:16:11.364 17913 17913 F DEBUG   :       #120 pc 00000000006791f4  /apex/com.android.art/lib64/libart.so (bool art::interpreter::DoCall<false>(art::ArtMethod*, art::Thread*, art::ShadowFrame&, art::Instruction const*, unsigned short, bool, art::JValue*)+2068) (BuildId: 80d2ab18f9d259d8e546c1e6bae752b1)
12-01 12:16:11.364 17913 17913 F DEBUG   :       #121 pc 00000000005c9d1c  /apex/com.android.art/lib64/libart.so (void art::interpreter::ExecuteSwitchImplCpp<false>(art::interpreter::SwitchImplContext*)+2736) (BuildId: 80d2ab18f9d259d8e546c1e6bae752b1)
12-01 12:16:11.364 17913 17913 F DEBUG   :       #122 pc 000000000031c9b8  /apex/com.android.art/lib64/libart.so (ExecuteSwitchImplAsm+8) (BuildId: 80d2ab18f9d259d8e546c1e6bae752b1)
12-01 12:16:11.364 17913 17913 F DEBUG   :       #123 pc 0000000000296988  [anon:dalvik-classes7.dex extracted in memory from /data/app/~~wIiKLBfL7IVA6BPwIjRuQw==/com.healingbeat.app-10isxMGJ4eiG9yeqFbu1rg==/base.apk]
12-01 12:16:11.364 17913 17913 F DEBUG   :       #124 pc 000000000031c3b0  /apex/com.android.art/lib64/libart.so (art::interpreter::ArtInterpreterToInterpreterBridge(art::Thread*, art::CodeItemDataAccessor const&, art::ShadowFrame*, art::JValue*)+412) (BuildId: 80d2ab18f9d259d8e546c1e6bae752b1)
12-01 12:16:11.364 17913 17913 F DEBUG   :       #125 pc 00000000006791f4  /apex/com.android.art/lib64/libart.so (bool art::interpreter::DoCall<false>(art::ArtMethod*, art::Thread*, art::ShadowFrame&, art::Instruction const*, unsigned short, bool, art::JValue*)+2068) (BuildId: 80d2ab18f9d259d8e546c1e6bae752b1)
12-01 12:16:11.364 17913 17913 F DEBUG   :       #126 pc 00000000005c976c  /apex/com.android.art/lib64/libart.so (void art::interpreter::ExecuteSwitchImplCpp<false>(art::interpreter::SwitchImplContext*)+1280) (BuildId: 80d2ab18f9d259d8e546c1e6bae752b1)
12-01 12:16:11.364 17913 17913 F DEBUG   :       #127 pc 000000000031c9b8  /apex/com.android.art/lib64/libart.so (ExecuteSwitchImplAsm+8) (BuildId: 80d2ab18f9d259d8e546c1e6bae752b1)
12-01 12:16:11.364 17913 17913 F DEBUG   :       #128 pc 0000000000296838  [anon:dalvik-classes7.dex extracted in memory from /data/app/~~wIiKLBfL7IVA6BPwIjRuQw==/com.healingbeat.app-10isxMGJ4eiG9yeqFbu1rg==/base.apk]
12-01 12:16:11.364 17913 17913 F DEBUG   :       #129 pc 000000000031c3b0  /apex/com.android.art/lib64/libart.so (art::interpreter::ArtInterpreterToInterpreterBridge(art::Thread*, art::CodeItemDataAccessor const&, art::ShadowFrame*, art::JValue*)+412) (BuildId: 80d2ab18f9d259d8e546c1e6bae752b1)
12-01 12:16:11.364 17913 17913 F DEBUG   :       #130 pc 00000000006791f4  /apex/com.android.art/lib64/libart.so (bool art::interpreter::DoCall<false>(art::ArtMethod*, art::Thread*, art::ShadowFrame&, art::Instruction const*, unsigned short, bool, art::JValue*)+2068) (BuildId: 80d2ab18f9d259d8e546c1e6bae752b1)
12-01 12:16:11.364 17913 17913 F DEBUG   :       #131 pc 00000000005c976c  /apex/com.android.art/lib64/libart.so (void art::interpreter::ExecuteSwitchImplCpp<false>(art::interpreter::SwitchImplContext*)+1280) (BuildId: 80d2ab18f9d259d8e546c1e6bae752b1)
12-01 12:16:11.364 17913 17913 F DEBUG   :       #132 pc 000000000031c9b8  /apex/com.android.art/lib64/libart.so (ExecuteSwitchImplAsm+8) (BuildId: 80d2ab18f9d259d8e546c1e6bae752b1)
12-01 12:16:11.364 17913 17913 F DEBUG   :       #133 pc 00000000002965b8  [anon:dalvik-classes7.dex extracted in memory from /data/app/~~wIiKLBfL7IVA6BPwIjRuQw==/com.healingbeat.app-10isxMGJ4eiG9yeqFbu1rg==/base.apk]
12-01 12:16:11.364 17913 17913 F DEBUG   :       #134 pc 00000000002dc564  /apex/com.android.art/lib64/libart.so (art::interpreter::Execute(art::Thread*, art::CodeItemDataAccessor const&, art::ShadowFrame&, art::JValue, bool, bool) (.__uniq.112435418011751916792819755956732575238.llvm.7923196258099814811)+332) (BuildId: 80d2ab18f9d259d8e546c1e6bae752b1)
12-01 12:16:11.364 17913 17913 F DEBUG   :       #135 pc 00000000002dbd98  /apex/com.android.art/lib64/libart.so (artQuickToInterpreterBridge+888) (BuildId: 80d2ab18f9d259d8e546c1e6bae752b1)
12-01 12:16:11.364 17913 17913 F DEBUG   :       #136 pc 0000000000344638  /apex/com.android.art/lib64/libart.so (art_quick_to_interpreter_bridge+88) (BuildId: 80d2ab18f9d259d8e546c1e6bae752b1)
12-01 12:16:11.364 17913 17913 F DEBUG   :       #137 pc 000000000219ebbc  /memfd:jit-cache (deleted) (offset 0x2000000) (java.util.concurrent.ThreadPoolExecutor.runWorker+444)
12-01 12:16:11.364 17913 17913 F DEBUG   :       #138 pc 000000000219e950  /memfd:jit-cache (deleted) (offset 0x2000000) (java.util.concurrent.ThreadPoolExecutor$Worker.run+128)
12-01 12:16:11.364 17913 17913 F DEBUG   :       #139 pc 00000000020046b8  /memfd:jit-cache (deleted) (offset 0x2000000) (java.lang.Thread.run+136)
12-01 12:16:11.364 17913 17913 F DEBUG   :       #140 pc 000000000032d194  /apex/com.android.art/lib64/libart.so (art_quick_invoke_stub+612) (BuildId: 80d2ab18f9d259d8e546c1e6bae752b1)
12-01 12:16:11.364 17913 17913 F DEBUG   :       #141 pc 00000000002de270  /apex/com.android.art/lib64/libart.so (art::ArtMethod::Invoke(art::Thread*, unsigned int*, unsigned int, art::JValue*, char const*)+216) (BuildId: 80d2ab18f9d259d8e546c1e6bae752b1)
12-01 12:16:11.364 17913 17913 F DEBUG   :       #142 pc 00000000004bfcf4  /apex/com.android.art/lib64/libart.so (art::Thread::CreateCallback(void*)+932) (BuildId: 80d2ab18f9d259d8e546c1e6bae752b1)
12-01 12:16:11.364 17913 17913 F DEBUG   :       #143 pc 00000000004bf940  /apex/com.android.art/lib64/libart.so (art::Thread::CreateCallbackWithUffdGc(void*)+8) (BuildId: 80d2ab18f9d259d8e546c1e6bae752b1)
12-01 12:16:11.364 17913 17913 F DEBUG   :       #144 pc 00000000000b8c20  /apex/com.android.runtime/lib64/bionic/libc.so (__pthread_start(void*)+184) (BuildId: 661196ed39afcd22918f775f9b562bb4)
12-01 12:16:11.364 17913 17913 F DEBUG   :       #145 pc 00000000000ab420  /apex/com.android.runtime/lib64/bionic/libc.so (__start_thread+68) (BuildId: 661196ed39afcd22918f775f9b562bb4)
12-01 12:16:11.381  1401  1401 E tombstoned: Tombstone written to: tombstone_14
12-01 12:16:11.409  2183  2201 E ActivityManager: Sending non-protected broadcast com.sec.android.intent.action.APP_HQM_SEND_REQ from system 5905:com.sec.android.diagmonagent/1000 pkg com.sec.android.diagmonagent
12-01 12:16:11.409  2183  2201 E ActivityManager: java.lang.Throwable
12-01 12:16:11.409  2183  2201 E ActivityManager: 	at com.android.server.am.BroadcastController.checkBroadcastFromSystem(qb/103240656 c577bcf375aa62b15febb7d34f3de8e3ddc1abfd2bafd20f81ea4248a290b3ef:252)
12-01 12:16:11.409  2183  2201 E ActivityManager: 	at com.android.server.am.BroadcastController.broadcastIntentLockedTraced(qb/103240656 c577bcf375aa62b15febb7d34f3de8e3ddc1abfd2bafd20f81ea4248a290b3ef:344)
12-01 12:16:11.409  2183  2201 E ActivityManager: 	at com.android.server.am.BroadcastController.broadcastIntentLocked(qb/103240656 c577bcf375aa62b15febb7d34f3de8e3ddc1abfd2bafd20f81ea4248a290b3ef:18)
12-01 12:16:11.409  2183  2201 E ActivityManager: 	at com.android.server.am.ActivityManagerService.broadcastIntentWithFeature(qb/103240656 c577bcf375aa62b15febb7d34f3de8e3ddc1abfd2bafd20f81ea4248a290b3ef:149)
12-01 12:16:11.409  2183  2201 E ActivityManager: 	at android.app.IActivityManager$Stub.onTransact$broadcastIntentWithFeature$(IActivityManager.java:12378)
--
12-01 12:16:26.661  1816  1830 E HeatmapThread: !@ CAM is Working
12-01 12:16:27.658  1816  1830 E HeatmapThread: ECT Thread time in milliseconds: 1764558987
12-01 12:16:27.662  1816  1830 E HeatmapThread: !@ CAM New BSOH: 97
12-01 12:16:27.662  1816  1830 E HeatmapThread: !@ CAM is Working
12-01 12:16:28.658  1816  1830 E HeatmapThread: ECT Thread time in milliseconds: 1764558988
12-01 12:16:28.662  1816  1830 E HeatmapThread: !@ CAM New BSOH: 97
12-01 12:16:28.662  1816  1830 E HeatmapThread: !@ CAM is Working
12-01 12:16:29.636  1700  1700 E sensors-hal: sendContextData:133, slocationcore h 193 m 23 s 55
12-01 12:16:29.636  1700  1700 E sensors-hal: create_send_context_data:64, slocationcore create_send_context_data
12-01 12:16:29.637  1700  1700 E sensors-hal: sendContextData:133, slocationcore h 193 m 23 s 55
12-01 12:16:29.637  1700  1700 E sensors-hal: create_send_context_data:64, slocationcore create_send_context_data
12-01 12:16:29.637  1700  3764 E sensors-hal: handle_sns_client_event:78, slocationcore_event: msgid:1025
12-01 12:16:29.638  1700  3764 E sensors-hal: handle_sns_client_event:78, slocationcore_event: msgid:1025
12-01 12:16:29.639  1700  3764 E sensors-hal: handle_sns_client_event:78, slocationcore_event: msgid:1025
12-01 12:16:29.658  1816  1830 E HeatmapThread: ECT Thread time in milliseconds: 1764558989
12-01 12:16:29.661  1816  1830 E HeatmapThread: !@ CAM New BSOH: 97
12-01 12:16:29.661  1816  1830 E HeatmapThread: !@ CAM is Working
12-01 12:16:29.767  1778  1867 E BatteryDump: !@new_battery_dump : 4341,201,3000,2800,100,271,266,289,271,0,287,293,0,Full,NO_CHARGING,Additional,Good,PDIC,0,Normal,0,0,5400,0x0,0x10000,0x0,0,0,0000,0000,ffff0700,0,0,0,0,841,4316,10000,981,0,
12-01 12:16:29.931  1778  1867 E BatteryDump: !@new_battery_dump : 4341,167,3000,2800,100,271,267,289,271,0,288,289,0,Full,NO_CHARGING,Additional,Good,PDIC,0,Normal,0,0,5400,0x0,0x10000,0x0,0,0,0000,0000,ffff0700,0,0,0,0,841,4316,10000,981,0,
12-01 12:16:30.503  4027  4027 E VvmPkgInstalledRcvr: carrierVvmPkgAdded: cannot create TelephonyManager from ComponentInfo{com.android.phone/com.android.services.telephony.TelephonyConnectionService}, E, UserHandle{0}
12-01 12:16:30.523  4027  4662 E SatelliteAppTracker: packageName: com.healingbeat.app, value: null
12-01 12:16:30.524  4027  4662 E SatelliteAppTracker: packageName: com.healingbeat.app, value: null
12-01 12:16:30.524  4027  4662 E SatelliteAppTracker: packageName: com.healingbeat.app, value: null
12-01 12:16:30.526  4027  4662 E SatelliteAppTracker: packageName: com.healingbeat.app, value: null
12-01 12:16:30.530  4027  4027 E VvmPkgInstalledRcvr: carrierVvmPkgAdded: cannot create TelephonyManager from ComponentInfo{com.android.phone/com.android.services.telephony.TelephonyConnectionService}, E, UserHandle{0}
12-01 12:16:30.574  2183  3609 E AtomicFile: Failed to rename /data/system/install_sessions.xml.new to /data/system/install_sessions.xml
12-01 12:16:30.582 17992 17992 E .filterprovider: Not starting debugger since process cannot load the jdwp agent.
12-01 12:16:30.583 27196 27222 E Finsky  : [80] [Counters] attempted to use a non-positive increment for: 4752
12-01 12:16:30.584 27196 27222 E Finsky  : [80] [Counters] attempted to use a non-positive increment for: 4753
12-01 12:16:30.594 27196 27229 E Finsky  : [87] [Counters] attempted to use a non-positive increment for: 4752
12-01 12:16:30.594 27196 27229 E Finsky  : [87] [Counters] attempted to use a non-positive increment for: 4753
12-01 12:16:30.594 17990 17990 E ndroid.keychain: Not starting debugger since process cannot load the jdwp agent.
12-01 12:16:30.605 17994 17994 E m.samsung.euicc: Not starting debugger since process cannot load the jdwp agent.
12-01 12:16:30.612  2183 10467 E RoleControllerServiceImpl: Default/fallback role holder package doesn't qualify for the role, package: com.google.android.gms.supervision, role: android.app.role.SYSTEM_SUPERVISION
12-01 12:16:30.623  2183 10467 E RoleControllerServiceImpl: Default/fallback role holder package doesn't qualify for the role, package: com.google.android.gms, role: android.app.role.SYSTEM_DEPENDENCY_INSTALLER
12-01 12:16:30.625  2183 10467 E AppOpService: Blocked setUidMode call for runtime permission app op: uid = 1000, code = CAMERA, mode = foreground, callingUid = 1000, oldMode = allow
12-01 12:16:30.625  2183 10467 E AppOpService: java.lang.RuntimeException
12-01 12:16:30.625  2183 10467 E AppOpService: 	at com.android.server.permission.access.appop.AppOpService.setUidMode(qb/103240656 c577bcf375aa62b15febb7d34f3de8e3ddc1abfd2bafd20f81ea4248a290b3ef:159)
12-01 12:16:30.625  2183 10467 E AppOpService: 	at com.android.server.appop.AppOpsCheckingServiceTracingDecorator.setUidMode(qb/103240656 c577bcf375aa62b15febb7d34f3de8e3ddc1abfd2bafd20f81ea4248a290b3ef:11)
12-01 12:16:30.625  2183 10467 E AppOpService: 	at com.android.server.appop.AppOpsService.setUidMode(qb/103240656 c577bcf375aa62b15febb7d34f3de8e3ddc1abfd2bafd20f81ea4248a290b3ef:56)
12-01 12:16:30.625  2183 10467 E AppOpService: 	at com.android.server.appop.AppOpsService.setUidMode(qb/103240656 c577bcf375aa62b15febb7d34f3de8e3ddc1abfd2bafd20f81ea4248a290b3ef:1)
12-01 12:16:30.625  2183 10467 E AppOpService: 	at android.app.AppOpsManager.setUidMode(AppOpsManager.java:8654)
12-01 12:16:30.625  2183 10467 E AppOpService: 	at com.android.role.controller.model.Permissions.setAppOpModeAsUser(Permissions.java:908)
12-01 12:16:30.625  2183 10467 E AppOpService: 	at com.android.role.controller.model.Permissions.setAppOpUidModeAsUser(Permissions.java:885)
--
12-01 12:16:31.493  1674  1743 E minksocket: MinkIPC_QRTR_Service: client with node 1 port 46df went down
12-01 12:16:31.493  1674  1750 E minksocket: MinkIPC_QRTR_Service: client with node 1 port 46e0 went down
12-01 12:16:31.493  1674  1743 E minksocket: MinkIPC_QRTR_Service: client with node 1 port 46e0 went down
12-01 12:16:31.494  1674  1750 E minksocket: MinkIPC_QRTR_Service: client with node 1 port 46e1 went down
12-01 12:16:31.494  1674  1743 E minksocket: MinkIPC_QRTR_Service: client with node 1 port 46e1 went down
12-01 12:16:31.495  1674  1743 E minksocket: MinkIPC_QRTR_Service: client with node 1 port 46e2 went down
12-01 12:16:31.495  1674  1750 E minksocket: MinkIPC_QRTR_Service: client with node 1 port 46e2 went down
12-01 12:16:31.558 18155 18155 E ashmem  : Pinning is deprecated since Android Q. Please use trim or other methods.
12-01 12:16:31.602 18155 18155 E BufferQueueProducer: Unable to open libpenguin.so: dlopen failed: library "libpenguin.so" not found.
12-01 12:16:31.602 18155 18155 E healingbeat.app: Unable to open libpenguin.so: dlopen failed: library "libpenguin.so" not found.
12-01 12:16:31.613  5267  5267 E pageboostd: Received HALT command code 2
12-01 12:16:31.622  2183  6078 E WindowManager: win=Window{65bc7b u0 com.sec.android.app.launcher/com.sec.android.app.launcher.activities.LauncherActivity} destroySurfaces: appStopped=true cleanupOnResume=false win.mWindowRemovalAllowed=false win.mRemoveOnExit=false win.mViewVisibility=8 caller=com.android.server.wm.ActivityRecord.destroySurfaces:25 com.android.server.wm.ActivityRecord.activityStopped:192 com.android.server.wm.ActivityClientController.activityStopped:97 android.app.IActivityClientController$Stub.onTransact:740 com.android.server.wm.ActivityClientController.onTransact:1 android.os.Binder.execTransactInternal:1462 android.os.Binder.execTransact:1401 
12-01 12:16:31.647  1820  1820 E SurfaceFlinger: alpha changed 1.000 -> 0.000 - Surface(name=eee0de InputMethod)/@0x1ab4678 - animation-leash of insets_animation#1409
12-01 12:16:31.658  1816  1830 E HeatmapThread: ECT Thread time in milliseconds: 1764558991
12-01 12:16:31.660  1816  1830 E HeatmapThread: !@ CAM New BSOH: 97
12-01 12:16:31.660  1816  1830 E HeatmapThread: !@ CAM is Working
12-01 12:16:31.720 18302 18302 E ung.android.scs: Not starting debugger since process cannot load the jdwp agent.
12-01 12:16:31.761 18302 18317 E ashmem  : Pinning is deprecated since Android Q. Please use trim or other methods.
12-01 12:16:31.798  2183  6078 E SensorService: BigData:Pakage) 1 already enabled. 
12-01 12:16:31.807  5267  5267 E pageboostd: Received HALT command code 2
12-01 12:16:31.839  1820  1820 E SurfaceFlinger: alpha changed 1.000 -> 0.000 - ActivityRecord{43366620 u0 com.healingbeat.app/.MainActivity t228}#1410
12-01 12:16:31.839  1820  1820 E SurfaceFlinger: alpha changed 0.000 -> 1.000 - ActivityRecord{43366620 u0 com.healingbeat.app/.MainActivity t228}#1410
12-01 12:16:31.924  5267  5267 E pageboostd: Received HALT command code 2
12-01 12:16:31.948 18155 18155 E unknown:ReactHost: Unhandled SoftException
12-01 12:16:31.948 18155 18155 E unknown:ReactHost: com.facebook.react.bridge.ReactNoCrashSoftException: raiseSoftException(onWindowFocusChange(hasFocus = "true")): Tried to access onWindowFocusChange while context is not ready
12-01 12:16:31.948 18155 18155 E unknown:ReactHost: 	at com.facebook.react.runtime.ReactHostImpl.raiseSoftException(ReactHostImpl.kt:787)
12-01 12:16:31.948 18155 18155 E unknown:ReactHost: 	at com.facebook.react.runtime.ReactHostImpl.raiseSoftException$default(ReactHostImpl.kt:779)
12-01 12:16:31.948 18155 18155 E unknown:ReactHost: 	at com.facebook.react.runtime.ReactHostImpl.onWindowFocusChange(ReactHostImpl.kt:589)
12-01 12:16:31.948 18155 18155 E unknown:ReactHost: 	at com.facebook.react.ReactDelegate.onWindowFocusChanged(ReactDelegate.kt:217)
12-01 12:16:31.948 18155 18155 E unknown:ReactHost: 	at com.facebook.react.ReactActivityDelegate.onWindowFocusChanged(ReactActivityDelegate.java:236)
12-01 12:16:31.948 18155 18155 E unknown:ReactHost: 	at expo.modules.ReactActivityDelegateWrapper$onWindowFocusChanged$1.invokeSuspend(ReactActivityDelegateWrapper.kt:353)
12-01 12:16:31.948 18155 18155 E unknown:ReactHost: 	at expo.modules.ReactActivityDelegateWrapper$onWindowFocusChanged$1.invoke(Unknown Source:8)
12-01 12:16:31.948 18155 18155 E unknown:ReactHost: 	at expo.modules.ReactActivityDelegateWrapper$onWindowFocusChanged$1.invoke(Unknown Source:4)
12-01 12:16:31.948 18155 18155 E unknown:ReactHost: 	at expo.modules.ReactActivityDelegateWrapper$launchLifecycleScopeWithLock$1.invokeSuspend(ReactActivityDelegateWrapper.kt:485)
12-01 12:16:31.948 18155 18155 E unknown:ReactHost: 	at kotlin.coroutines.jvm.internal.BaseContinuationImpl.resumeWith(ContinuationImpl.kt:33)
12-01 12:16:31.948 18155 18155 E unknown:ReactHost: 	at kotlinx.coroutines.internal.DispatchedContinuationKt.resumeCancellableWith(DispatchedContinuation.kt:359)
12-01 12:16:31.948 18155 18155 E unknown:ReactHost: 	at kotlinx.coroutines.intrinsics.CancellableKt.startCoroutineCancellable(Cancellable.kt:26)
12-01 12:16:31.948 18155 18155 E unknown:ReactHost: 	at kotlinx.coroutines.CoroutineStart.invoke(CoroutineStart.kt:358)
12-01 12:16:31.948 18155 18155 E unknown:ReactHost: 	at kotlinx.coroutines.AbstractCoroutine.start(AbstractCoroutine.kt:124)
12-01 12:16:31.948 18155 18155 E unknown:ReactHost: 	at kotlinx.coroutines.BuildersKt__Builders_commonKt.launch(Builders.common.kt:52)
12-01 12:16:31.948 18155 18155 E unknown:ReactHost: 	at kotlinx.coroutines.BuildersKt.launch(Unknown Source:1)
12-01 12:16:31.948 18155 18155 E unknown:ReactHost: 	at kotlinx.coroutines.BuildersKt__Builders_commonKt.launch$default(Builders.common.kt:43)
--
12-01 12:16:31.948 18155 18155 E unknown:ReactHost: 	at android.view.ViewRootImpl$ViewRootHandler.handleMessage(ViewRootImpl.java:8301)
12-01 12:16:31.948 18155 18155 E unknown:ReactHost: 	at android.os.Handler.dispatchMessage(Handler.java:110)
12-01 12:16:31.948 18155 18155 E unknown:ReactHost: 	at android.os.Looper.loopOnce(Looper.java:273)
12-01 12:16:31.948 18155 18155 E unknown:ReactHost: 	at android.os.Looper.loop(Looper.java:363)
12-01 12:16:31.948 18155 18155 E unknown:ReactHost: 	at android.app.ActivityThread.main(ActivityThread.java:10060)
12-01 12:16:31.948 18155 18155 E unknown:ReactHost: 	at java.lang.reflect.Method.invoke(Native Method)
12-01 12:16:31.948 18155 18155 E unknown:ReactHost: 	at com.android.internal.os.RuntimeInit$MethodAndArgsCaller.run(RuntimeInit.java:632)
12-01 12:16:31.948 18155 18155 E unknown:ReactHost: 	at com.android.internal.os.ZygoteInit.main(ZygoteInit.java:975)
12-01 12:16:31.964  1820  1820 E SurfaceFlinger: alpha changed 1.000 -> 0.000 - Surface(name=eee0de InputMethod)/@0x1ab4678 - animation-leash of insets_animation#1424
12-01 12:16:32.547 18155 18336 F libc    : Fatal signal 11 (SIGSEGV), code 1 (SEGV_MAPERR), fault addr 0xfffffffffffffff0 in tid 18336 (pool-4-thread-1), pid 18155 (healingbeat.app)
12-01 12:16:32.658  1816  1830 E HeatmapThread: ECT Thread time in milliseconds: 1764558992
12-01 12:16:32.660  1816  1830 E HeatmapThread: !@ CAM New BSOH: 97
12-01 12:16:32.660  1816  1830 E HeatmapThread: !@ CAM is Working
12-01 12:16:32.716 18358 18358 F DEBUG   : *** *** *** *** *** *** *** *** *** *** *** *** *** *** *** ***
12-01 12:16:32.716 18358 18358 F DEBUG   : Build fingerprint: 'samsung/dm1qksx/dm1q:16/BP2A.250605.031.A3/S911NKSS6EYK3:user/release-keys'
12-01 12:16:32.716 18358 18358 F DEBUG   : Revision: '13'
12-01 12:16:32.716 18358 18358 F DEBUG   : ABI: 'arm64'
12-01 12:16:32.716 18358 18358 F DEBUG   : Processor: '7'
12-01 12:16:32.716 18358 18358 F DEBUG   : Timestamp: 2025-12-01 12:16:32.607253381+0900
12-01 12:16:32.716 18358 18358 F DEBUG   : Process uptime: 2s
12-01 12:16:32.716 18358 18358 F DEBUG   : Cmdline: com.healingbeat.app
12-01 12:16:32.716 18358 18358 F DEBUG   : pid: 18155, tid: 18336, name: pool-4-thread-1  >>> com.healingbeat.app <<<
12-01 12:16:32.716 18358 18358 F DEBUG   : uid: 10374
12-01 12:16:32.716 18358 18358 F DEBUG   : tagged_addr_ctrl: 0000000000000001 (PR_TAGGED_ADDR_ENABLE)
12-01 12:16:32.716 18358 18358 F DEBUG   : pac_enabled_keys: 000000000000000f (PR_PAC_APIAKEY, PR_PAC_APIBKEY, PR_PAC_APDAKEY, PR_PAC_APDBKEY)
12-01 12:16:32.716 18358 18358 F DEBUG   : signal 11 (SIGSEGV), code 1 (SEGV_MAPERR), fault addr 0xfffffffffffffff0
12-01 12:16:32.716 18358 18358 F DEBUG   :     x0  fffffffffffffff0  x1  ffffffffffffffd8  x2  0000000000000044  x3  ffffffffffffffff
12-01 12:16:32.716 18358 18358 F DEBUG   :     x4  0000007d40441904  x5  b400007d6952097c  x6  6d694c7265707075  x7  74696d694c726570
12-01 12:16:32.716 18358 18358 F DEBUG   :     x8  ffffffffffffffd8  x9  0000000000000008  x10 0000000000000001  x11 0000000000000044
12-01 12:16:32.716 18358 18358 F DEBUG   :     x12 00000000002a4330  x13 00000000002a1b30  x14 0000000000000001  x15 000000001d36d9e2
12-01 12:16:32.716 18358 18358 F DEBUG   :     x16 0000007d58126458  x17 0000007d645139b4  x18 0000007cbbba8000  x19 0000007d40443680
12-01 12:16:32.716 18358 18358 F DEBUG   :     x20 b400007d6a07ff18  x21 0000007d57ff866c  x22 0000007d404435b0  x23 b400007d6a11b940
12-01 12:16:32.716 18358 18358 F DEBUG   :     x24 b400007d6a11b958  x25 b400007d6a11b968  x26 b400007d6a11b978  x27 b400007d6a11b988
12-01 12:16:32.716 18358 18358 F DEBUG   :     x28 0000007d40444090  x29 0000007d40441ff0
12-01 12:16:32.716 18358 18358 F DEBUG   :     lr  0000007d57ff9e20  sp  0000007d40441fe0  pc  0000007d645139b8  pst 0000000080001000
12-01 12:16:32.716 18358 18358 F DEBUG   : 146 total frames
12-01 12:16:32.716 18358 18358 F DEBUG   : backtrace:
12-01 12:16:32.716 18358 18358 F DEBUG   :       #00 pc 00000000000d59b8  /data/app/~~0fBFwyWFSO0ek2XQTgNDTA==/com.healingbeat.app-amGK0XsTyQRZQSaVmXcluA==/base.apk!libc++_shared.so (offset 0x1f40000) (std::__ndk1::basic_string<char, std::__ndk1::char_traits<char>, std::__ndk1::allocator<char>>::~basic_string()+4) (BuildId: 6783a7f3a0d9c67c55a74cadc441ed55aaa493da)
12-01 12:16:32.716 18358 18358 F DEBUG   :       #01 pc 0000000000331e1c  /data/app/~~0fBFwyWFSO0ek2XQTgNDTA==/com.healingbeat.app-amGK0XsTyQRZQSaVmXcluA==/base.apk!libappmodules.so (offset 0x1620000) (std::__ndk1::pair<std::__ndk1::basic_string<char, std::__ndk1::char_traits<char>, std::__ndk1::allocator<char>>, std::__ndk1::basic_string<char, std::__ndk1::char_traits<char>, std::__ndk1::allocator<char>>>::~pair()+28) (BuildId: d49c5d17242e21b84382dbc5a635fea8bc5b2d8f)
12-01 12:16:32.716 18358 18358 F DEBUG   :       #02 pc 0000000000331df0  /data/app/~~0fBFwyWFSO0ek2XQTgNDTA==/com.healingbeat.app-amGK0XsTyQRZQSaVmXcluA==/base.apk!libappmodules.so (offset 0x1620000) (BuildId: d49c5d17242e21b84382dbc5a635fea8bc5b2d8f)
12-01 12:16:32.716 18358 18358 F DEBUG   :       #03 pc 0000000000331db8  /data/app/~~0fBFwyWFSO0ek2XQTgNDTA==/com.healingbeat.app-amGK0XsTyQRZQSaVmXcluA==/base.apk!libappmodules.so (offset 0x1620000) (void std::__ndk1::allocator_traits<std::__ndk1::allocator<std::__ndk1::pair<std::__ndk1::basic_string<char, std::__ndk1::char_traits<char>, std::__ndk1::allocator<char>>, std::__ndk1::basic_string<char, std::__ndk1::char_traits<char>, std::__ndk1::allocator<char>>>>>::destroy[abi:ne180000]<std::__ndk1::pair<std::__ndk1::basic_string<char, std::__ndk1::char_traits<char>, std::__ndk1::allocator<char>>, std::__ndk1::basic_string<char, std::__ndk1::char_traits<char>, std::__ndk1::allocator<char>>>, void, void>(std::__ndk1::allocator<std::__ndk1::pair<std::__ndk1::basic_string<char, std::__ndk1::char_traits<char>, std::__ndk1::allocator<char>>, std::__ndk1::basic_string<char, std::__ndk1::char_traits<char>, std::__ndk1::allocator<char>>>>&, std::__ndk1::pair<std::__ndk1::basic_string<char, std::__ndk1::char_traits<char>, std::__ndk1::allocator<char>>, std::__ndk1::basic_string<char, std::__ndk1::char_traits<char>, std::__ndk1::allocator<char>>>*)+24) (BuildId: d49c5d17242e21b84382dbc5a635fea8bc5b2d8f)
12-01 12:16:32.716 18358 18358 F DEBUG   :       #04 pc 0000000000331d78  /data/app/~~0fBFwyWFSO0ek2XQTgNDTA==/com.healingbeat.app-amGK0XsTyQRZQSaVmXcluA==/base.apk!libappmodules.so (offset 0x1620000) (BuildId: d49c5d17242e21b84382dbc5a635fea8bc5b2d8f)
12-01 12:16:32.716 18358 18358 F DEBUG   :       #05 pc 0000000000331c5c  /data/app/~~0fBFwyWFSO0ek2XQTgNDTA==/com.healingbeat.app-amGK0XsTyQRZQSaVmXcluA==/base.apk!libappmodules.so (offset 0x1620000) (BuildId: d49c5d17242e21b84382dbc5a635fea8bc5b2d8f)
12-01 12:16:32.716 18358 18358 F DEBUG   :       #06 pc 0000000000331bec  /data/app/~~0fBFwyWFSO0ek2XQTgNDTA==/com.healingbeat.app-amGK0XsTyQRZQSaVmXcluA==/base.apk!libappmodules.so (offset 0x1620000) (BuildId: d49c5d17242e21b84382dbc5a635fea8bc5b2d8f)
12-01 12:16:32.716 18358 18358 F DEBUG   :       #07 pc 0000000000331b68  /data/app/~~0fBFwyWFSO0ek2XQTgNDTA==/com.healingbeat.app-amGK0XsTyQRZQSaVmXcluA==/base.apk!libappmodules.so (offset 0x1620000) (BuildId: d49c5d17242e21b84382dbc5a635fea8bc5b2d8f)
12-01 12:16:32.716 18358 18358 F DEBUG   :       #08 pc 0000000000331a40  /data/app/~~0fBFwyWFSO0ek2XQTgNDTA==/com.healingbeat.app-amGK0XsTyQRZQSaVmXcluA==/base.apk!libappmodules.so (offset 0x1620000) (facebook::react::ImageSource::~ImageSource()+28) (BuildId: d49c5d17242e21b84382dbc5a635fea8bc5b2d8f)
12-01 12:16:32.716 18358 18358 F DEBUG   :       #09 pc 0000000000331f38  /data/app/~~0fBFwyWFSO0ek2XQTgNDTA==/com.healingbeat.app-amGK0XsTyQRZQSaVmXcluA==/base.apk!libappmodules.so (offset 0x1620000) (facebook::react::RNCSliderProps::~RNCSliderProps()+40) (BuildId: d49c5d17242e21b84382dbc5a635fea8bc5b2d8f)
12-01 12:16:32.716 18358 18358 F DEBUG   :       #10 pc 0000000000331990  /data/app/~~0fBFwyWFSO0ek2XQTgNDTA==/com.healingbeat.app-amGK0XsTyQRZQSaVmXcluA==/base.apk!libappmodules.so (offset 0x1620000) (facebook::react::RNCSliderProps::~RNCSliderProps()+32) (BuildId: d49c5d17242e21b84382dbc5a635fea8bc5b2d8f)
12-01 12:16:32.716 18358 18358 F DEBUG   :       #11 pc 0000000000331514  /data/app/~~0fBFwyWFSO0ek2XQTgNDTA==/com.healingbeat.app-amGK0XsTyQRZQSaVmXcluA==/base.apk!libappmodules.so (offset 0x1620000) (void facebook::react::RawPropsParser::prepare<facebook::react::RNCSliderProps>()+248) (BuildId: d49c5d17242e21b84382dbc5a635fea8bc5b2d8f)
12-01 12:16:32.716 18358 18358 F DEBUG   :       #12 pc 00000000003309a0  /data/app/~~0fBFwyWFSO0ek2XQTgNDTA==/com.healingbeat.app-amGK0XsTyQRZQSaVmXcluA==/base.apk!libappmodules.so (offset 0x1620000) (facebook::react::ConcreteComponentDescriptor<facebook::react::RNCSliderShadowNode>::ConcreteComponentDescriptor(facebook::react::ComponentDescriptorParameters const&, facebook::react::RawPropsParser&&)+68) (BuildId: d49c5d17242e21b84382dbc5a635fea8bc5b2d8f)
12-01 12:16:32.716 18358 18358 F DEBUG   :       #13 pc 0000000000330844  /data/app/~~0fBFwyWFSO0ek2XQTgNDTA==/com.healingbeat.app-amGK0XsTyQRZQSaVmXcluA==/base.apk!libappmodules.so (offset 0x1620000) (facebook::react::RNCSliderComponentDescriptor::RNCSliderComponentDescriptor(facebook::react::ComponentDescriptorParameters const&)+84) (BuildId: d49c5d17242e21b84382dbc5a635fea8bc5b2d8f)
12-01 12:16:32.716 18358 18358 F DEBUG   :       #14 pc 0000000000330708  /data/app/~~0fBFwyWFSO0ek2XQTgNDTA==/com.healingbeat.app-amGK0XsTyQRZQSaVmXcluA==/base.apk!libappmodules.so (offset 0x1620000) (BuildId: d49c5d17242e21b84382dbc5a635fea8bc5b2d8f)
12-01 12:16:32.716 18358 18358 F DEBUG   :       #15 pc 00000000003306a0  /data/app/~~0fBFwyWFSO0ek2XQTgNDTA==/com.healingbeat.app-amGK0XsTyQRZQSaVmXcluA==/base.apk!libappmodules.so (offset 0x1620000) (std::__ndk1::unique_ptr<facebook::react::ComponentDescriptor const, std::__ndk1::default_delete<facebook::react::ComponentDescriptor const>> facebook::react::concreteComponentDescriptorConstructor<facebook::react::RNCSliderComponentDescriptor>(facebook::react::ComponentDescriptorParameters const&)+52) (BuildId: d49c5d17242e21b84382dbc5a635fea8bc5b2d8f)
12-01 12:16:32.716 18358 18358 F DEBUG   :       #16 pc 0000000000cde56c  /data/app/~~0fBFwyWFSO0ek2XQTgNDTA==/com.healingbeat.app-amGK0XsTyQRZQSaVmXcluA==/base.apk!libreactnative.so (offset 0x2d28000) (facebook::react::ComponentDescriptorRegistry::add(facebook::react::ComponentDescriptorProvider) const+112) (BuildId: 1695c17f23bd1ede)
12-01 12:16:32.716 18358 18358 F DEBUG   :       #17 pc 0000000000cd987c  /data/app/~~0fBFwyWFSO0ek2XQTgNDTA==/com.healingbeat.app-amGK0XsTyQRZQSaVmXcluA==/base.apk!libreactnative.so (offset 0x2d28000) (facebook::react::ComponentDescriptorProviderRegistry::createComponentDescriptorRegistry(facebook::react::ComponentDescriptorParameters const&) const+200) (BuildId: 1695c17f23bd1ede)
12-01 12:16:32.716 18358 18358 F DEBUG   :       #18 pc 0000000000c79254  /data/app/~~0fBFwyWFSO0ek2XQTgNDTA==/com.healingbeat.app-amGK0XsTyQRZQSaVmXcluA==/base.apk!libreactnative.so (offset 0x2d28000) (BuildId: 1695c17f23bd1ede)
12-01 12:16:32.716 18358 18358 F DEBUG   :       #19 pc 0000000000c79068  /data/app/~~0fBFwyWFSO0ek2XQTgNDTA==/com.healingbeat.app-amGK0XsTyQRZQSaVmXcluA==/base.apk!libreactnative.so (offset 0x2d28000) (BuildId: 1695c17f23bd1ede)
12-01 12:16:32.716 18358 18358 F DEBUG   :       #20 pc 0000000000c7900c  /data/app/~~0fBFwyWFSO0ek2XQTgNDTA==/com.healingbeat.app-amGK0XsTyQRZQSaVmXcluA==/base.apk!libreactnative.so (offset 0x2d28000) (BuildId: 1695c17f23bd1ede)
12-01 12:16:32.716 18358 18358 F DEBUG   :       #21 pc 0000000000c78fd0  /data/app/~~0fBFwyWFSO0ek2XQTgNDTA==/com.healingbeat.app-amGK0XsTyQRZQSaVmXcluA==/base.apk!libreactnative.so (offset 0x2d28000) (BuildId: 1695c17f23bd1ede)
12-01 12:16:32.716 18358 18358 F DEBUG   :       #22 pc 0000000000c780c4  /data/app/~~0fBFwyWFSO0ek2XQTgNDTA==/com.healingbeat.app-amGK0XsTyQRZQSaVmXcluA==/base.apk!libreactnative.so (offset 0x2d28000) (BuildId: 1695c17f23bd1ede)
12-01 12:16:32.716 18358 18358 F DEBUG   :       #23 pc 0000000000dbf5c0  /data/app/~~0fBFwyWFSO0ek2XQTgNDTA==/com.healingbeat.app-amGK0XsTyQRZQSaVmXcluA==/base.apk!libreactnative.so (offset 0x2d28000) (BuildId: 1695c17f23bd1ede)
12-01 12:16:32.716 18358 18358 F DEBUG   :       #24 pc 0000000000db3c64  /data/app/~~0fBFwyWFSO0ek2XQTgNDTA==/com.healingbeat.app-amGK0XsTyQRZQSaVmXcluA==/base.apk!libreactnative.so (offset 0x2d28000) (BuildId: 1695c17f23bd1ede)
12-01 12:16:32.716 18358 18358 F DEBUG   :       #25 pc 0000000000db2e58  /data/app/~~0fBFwyWFSO0ek2XQTgNDTA==/com.healingbeat.app-amGK0XsTyQRZQSaVmXcluA==/base.apk!libreactnative.so (offset 0x2d28000) (facebook::react::Scheduler::Scheduler(facebook::react::SchedulerToolbox const&, facebook::react::UIManagerAnimationDelegate*, facebook::react::SchedulerDelegate*)+1016) (BuildId: 1695c17f23bd1ede)
12-01 12:16:32.716 18358 18358 F DEBUG   :       #26 pc 0000000000a08d0c  /data/app/~~0fBFwyWFSO0ek2XQTgNDTA==/com.healingbeat.app-amGK0XsTyQRZQSaVmXcluA==/base.apk!libreactnative.so (offset 0x2d28000) (BuildId: 1695c17f23bd1ede)
12-01 12:16:32.716 18358 18358 F DEBUG   :       #27 pc 0000000000a08cb4  /data/app/~~0fBFwyWFSO0ek2XQTgNDTA==/com.healingbeat.app-amGK0XsTyQRZQSaVmXcluA==/base.apk!libreactnative.so (offset 0x2d28000) (BuildId: 1695c17f23bd1ede)
12-01 12:16:32.716 18358 18358 F DEBUG   :       #28 pc 0000000000a08aec  /data/app/~~0fBFwyWFSO0ek2XQTgNDTA==/com.healingbeat.app-amGK0XsTyQRZQSaVmXcluA==/base.apk!libreactnative.so (offset 0x2d28000) (void std::__ndk1::allocator_traits<std::__ndk1::allocator<facebook::react::Scheduler>>::construct[abi:ne180000]<facebook::react::Scheduler, facebook::react::SchedulerToolbox&, facebook::react::LayoutAnimationDriver*, facebook::react::FabricUIManagerBinding*, void, void>(std::__ndk1::allocator<facebook::react::Scheduler>&, facebook::react::Scheduler*, facebook::react::SchedulerToolbox&, facebook::react::LayoutAnimationDriver*&&, facebook::react::FabricUIManagerBinding*&&)+48) (BuildId: 1695c17f23bd1ede)
12-01 12:16:32.716 18358 18358 F DEBUG   :       #29 pc 0000000000a08844  /data/app/~~0fBFwyWFSO0ek2XQTgNDTA==/com.healingbeat.app-amGK0XsTyQRZQSaVmXcluA==/base.apk!libreactnative.so (offset 0x2d28000) (BuildId: 1695c17f23bd1ede)
12-01 12:16:32.716 18358 18358 F DEBUG   :       #30 pc 0000000000a08680  /data/app/~~0fBFwyWFSO0ek2XQTgNDTA==/com.healingbeat.app-amGK0XsTyQRZQSaVmXcluA==/base.apk!libreactnative.so (offset 0x2d28000) (BuildId: 1695c17f23bd1ede)
12-01 12:16:32.716 18358 18358 F DEBUG   :       #31 pc 00000000009f68fc  /data/app/~~0fBFwyWFSO0ek2XQTgNDTA==/com.healingbeat.app-amGK0XsTyQRZQSaVmXcluA==/base.apk!libreactnative.so (offset 0x2d28000) (BuildId: 1695c17f23bd1ede)
12-01 12:16:32.716 18358 18358 F DEBUG   :       #32 pc 00000000009f5b90  /data/app/~~0fBFwyWFSO0ek2XQTgNDTA==/com.healingbeat.app-amGK0XsTyQRZQSaVmXcluA==/base.apk!libreactnative.so (offset 0x2d28000) (facebook::react::FabricUIManagerBinding::installFabricUIManager(facebook::jni::alias_ref<facebook::jni::detail::JTypeFor<facebook::jni::HybridClass<facebook::react::JRuntimeExecutor, facebook::jni::detail::BaseHybridClass>::JavaPart, facebook::jni::JObject, void>::_javaobject*>, facebook::jni::alias_ref<facebook::jni::detail::JTypeFor<facebook::jni::HybridClass<facebook::react::JRuntimeScheduler, facebook::jni::detail::BaseHybridClass>::JavaPart, facebook::jni::JObject, void>::_javaobject*>, facebook::jni::alias_ref<facebook::jni::detail::JTypeFor<facebook::react::JFabricUIManager, facebook::jni::JObject, void>::_javaobject*>, facebook::react::EventBeatManager*, facebook::react::ComponentFactory*)+980) (BuildId: 1695c17f23bd1ede)
12-01 12:16:32.716 18358 18358 F DEBUG   :       #33 pc 0000000000a0ac80  /data/app/~~0fBFwyWFSO0ek2XQTgNDTA==/com.healingbeat.app-amGK0XsTyQRZQSaVmXcluA==/base.apk!libreactnative.so (offset 0x2d28000) (facebook::jni::detail::MethodWrapper<void (facebook::react::FabricUIManagerBinding::*)(facebook::jni::alias_ref<facebook::jni::detail::JTypeFor<facebook::jni::HybridClass<facebook::react::JRuntimeExecutor, facebook::jni::detail::BaseHybridClass>::JavaPart, facebook::jni::JObject, void>::_javaobject*>, facebook::jni::alias_ref<facebook::jni::detail::JTypeFor<facebook::jni::HybridClass<facebook::react::JRuntimeScheduler, facebook::jni::detail::BaseHybridClass>::JavaPart, facebook::jni::JObject, void>::_javaobject*>, facebook::jni::alias_ref<facebook::jni::detail::JTypeFor<facebook::react::JFabricUIManager, facebook::jni::JObject, void>::_javaobject*>, facebook::react::EventBeatManager*, facebook::react::ComponentFactory*), &facebook::react::FabricUIManagerBinding::installFabricUIManager(facebook::jni::alias_ref<facebook::jni::detail::JTypeFor<facebook::jni::HybridClass<facebook::react::JRuntimeExecutor, facebook::jni::detail::BaseHybridClass>::JavaPart, facebook::jni::JObject, void>::_javaobject*>, facebook::jni::alias_ref<facebook::jni::detail::JTypeFor<facebook::jni::HybridClass<facebook::react::JRuntimeScheduler, facebook::jni::detail::BaseHybridClass>::JavaPart, facebook::jni::JObject, void>::_javaobject*>, facebook::jni::alias_ref<facebook::jni::detail::JTypeFor<facebook::react::JFabricUIManager, facebook::jni::JObject, void>::_javaobject*>, facebook::react::EventBeatManager*, facebook::react::ComponentFactory*), facebook::react::FabricUIManagerBinding, void, facebook::jni::alias_ref<facebook::jni::detail::JTypeFor<facebook::jni::HybridClass<facebook::react::JRuntimeExecutor, facebook::jni::detail::BaseHybridClass>::JavaPart, facebook::jni::JObject, void>::_javaobject*>, facebook::jni::alias_ref<facebook::jni::detail::JTypeFor<facebook::jni::HybridClass<facebook::react::JRuntimeScheduler, facebook::jni::detail::BaseHybridClass>::JavaPart, facebook::jni::JObject, void>::_javaobject*>, facebook::jni::alias_ref<facebook::jni::detail::JTypeFor<facebook::react::JFabricUIManager, facebook::jni::JObject, void>::_javaobject*>, facebook::react::EventBeatManager*, facebook::react::ComponentFactory*>::dispatch(facebook::jni::alias_ref<facebook::jni::detail::JTypeFor<facebook::jni::HybridClass<facebook::react::FabricUIManagerBinding, facebook::jni::detail::BaseHybridClass>::JavaPart, facebook::jni::JObject, void>::_javaobject*>, facebook::jni::alias_ref<facebook::jni::detail::JTypeFor<facebook::jni::HybridClass<facebook::react::JRuntimeExecutor, facebook::jni::detail::BaseHybridClass>::JavaPart, facebook::jni::JObject, void>::_javaobject*>&&, facebook::jni::alias_ref<facebook::jni::detail::JTypeFor<facebook::jni::HybridClass<facebook::react::JRuntimeScheduler, facebook::jni::detail::BaseHybridClass>::JavaPart, facebook::jni::JObject, void>::_javaobject*>&&, facebook::jni::alias_ref<facebook::jni::detail::JTypeFor<facebook::react::JFabricUIManager, facebook::jni::JObject, void>::_javaobject*>&&, facebook::react::EventBeatManager*&&, facebook::react::ComponentFactory*&&)+216) (BuildId: 1695c17f23bd1ede)
12-01 12:16:32.716 18358 18358 F DEBUG   :       #34 pc 0000000000a0ad84  /data/app/~~0fBFwyWFSO0ek2XQTgNDTA==/com.healingbeat.app-amGK0XsTyQRZQSaVmXcluA==/base.apk!libreactnative.so (offset 0x2d28000) (facebook::jni::detail::CallWithJniConversions<void (*)(facebook::jni::alias_ref<facebook::jni::detail::JTypeFor<facebook::jni::HybridClass<facebook::react::FabricUIManagerBinding, facebook::jni::detail::BaseHybridClass>::JavaPart, facebook::jni::JObject, void>::_javaobject*>, facebook::jni::alias_ref<facebook::jni::detail::JTypeFor<facebook::jni::HybridClass<facebook::react::JRuntimeExecutor, facebook::jni::detail::BaseHybridClass>::JavaPart, facebook::jni::JObject, void>::_javaobject*>&&, facebook::jni::alias_ref<facebook::jni::detail::JTypeFor<facebook::jni::HybridClass<facebook::react::JRuntimeScheduler, facebook::jni::detail::BaseHybridClass>::JavaPart, facebook::jni::JObject, void>::_javaobject*>&&, facebook::jni::alias_ref<facebook::jni::detail::JTypeFor<facebook::react::JFabricUIManager, facebook::jni::JObject, void>::_javaobject*>&&, facebook::react::EventBeatManager*&&, facebook::react::ComponentFactory*&&), void, facebook::jni::detail::JTypeFor<facebook::jni::HybridClass<facebook::react::FabricUIManagerBinding, facebook::jni::detail::BaseHybridClass>::JavaPart, facebook::jni::JObject, void>::_javaobject*, facebook::jni::alias_ref<facebook::jni::detail::JTypeFor<facebook::jni::HybridClass<facebook::react::JRuntimeExecutor, facebook::jni::detail::BaseHybridClass>::JavaPart, facebook::jni::JObject, void>::_javaobject*>, facebook::jni::alias_ref<facebook::jni::detail::JTypeFor<facebook::jni::HybridClass<facebook::react::JRuntimeScheduler, facebook::jni::detail::BaseHybridClass>::JavaPart, facebook::jni::JObject, void>::_javaobject*>, facebook::jni::alias_ref<facebook::jni::detail::JTypeFor<facebook::react::JFabricUIManager, facebook::jni::JObject, void>::_javaobject*>, facebook::react::EventBeatManager*, facebook::react::ComponentFactory*>::call(facebook::jni::detail::JTypeFor<facebook::jni::HybridClass<facebook::react::FabricUIManagerBinding, facebook::jni::detail::BaseHybridClass>::JavaPart, facebook::jni::JObject, void>::_javaobject*, facebook::jni::detail::JTypeFor<facebook::jni::HybridClass<facebook::react::JRuntimeExecutor, facebook::jni::detail::BaseHybridClass>::JavaPart, facebook::jni::JObject, void>::_javaobject*, facebook::jni::detail::JTypeFor<facebook::jni::HybridClass<facebook::react::JRuntimeScheduler, facebook::jni::detail::BaseHybridClass>::JavaPart, facebook::jni::JObject, void>::_javaobject*, facebook::jni::detail::JTypeFor<facebook::react::JFabricUIManager, facebook::jni::JObject, void>::_javaobject*, facebook::jni::detail::JTypeFor<facebook::jni::HybridClass<facebook::react::EventBeatManager, facebook::jni::detail::BaseHybridClass>::JavaPart, facebook::jni::JObject, void>::_javaobject*, facebook::jni::detail::JTypeFor<facebook::jni::HybridClass<facebook::react::ComponentFactory, facebook::jni::detail::BaseHybridClass>::JavaPart, facebook::jni::JObject, void>::_javaobject*, void (*)(facebook::jni::alias_ref<facebook::jni::detail::JTypeFor<facebook::jni::HybridClass<facebook::react::FabricUIManagerBinding, facebook::jni::detail::BaseHybridClass>::JavaPart, facebook::jni::JObject, void>::_javaobject*>, facebook::jni::alias_ref<facebook::jni::detail::JTypeFor<facebook::jni::HybridClass<facebook::react::JRuntimeExecutor, facebook::jni::detail::BaseHybridClass>::JavaPart, facebook::jni::JObject, void>::_javaobject*>&&, facebook::jni::alias_ref<facebook::jni::detail::JTypeFor<facebook::jni::HybridClass<facebook::react::JRuntimeScheduler, facebook::jni::detail::BaseHybridClass>::JavaPart, facebook::jni::JObject, void>::_javaobject*>&&, facebook::jni::alias_ref<facebook::jni::detail::JTypeFor<facebook::react::JFabricUIManager, facebook::jni::JObject, void>::_javaobject*>&&, facebook::react::EventBeatManager*&&, facebook::react::ComponentFactory*&&))+156) (BuildId: 1695c17f23bd1ede)
