12-01 11:29:31.304  8816  8816 F DEBUG   :       #90 pc 00000000006791f4  /apex/com.android.art/lib64/libart.so (bool art::interpreter::DoCall<false>(art::ArtMethod*, art::Thread*, art::ShadowFrame&, art::Instruction const*, unsigned short, bool, art::JValue*)+2068) (BuildId: 80d2ab18f9d259d8e546c1e6bae752b1)
12-01 11:29:31.304  8816  8816 F DEBUG   :       #91 pc 00000000005c95d0  /apex/com.android.art/lib64/libart.so (void art::interpreter::ExecuteSwitchImplCpp<false>(art::interpreter::SwitchImplContext*)+868) (BuildId: 80d2ab18f9d259d8e546c1e6bae752b1)
12-01 11:29:31.304  8816  8816 F DEBUG   :       #92 pc 000000000031c9b8  /apex/com.android.art/lib64/libart.so (ExecuteSwitchImplAsm+8) (BuildId: 80d2ab18f9d259d8e546c1e6bae752b1)
12-01 11:29:31.304  8816  8816 F DEBUG   :       #93 pc 00000000002968c8  [anon:dalvik-classes7.dex extracted in memory from /data/app/~~NkoWh4CUU-vU_Pib7Gm7xQ==/com.healingbeat.app-1iju0WorljbgBvt3A3LlXw==/base.apk]
12-01 11:29:31.304  8816  8816 F DEBUG   :       #94 pc 000000000031c3b0  /apex/com.android.art/lib64/libart.so (art::interpreter::ArtInterpreterToInterpreterBridge(art::Thread*, art::CodeItemDataAccessor const&, art::ShadowFrame*, art::JValue*)+412) (BuildId: 80d2ab18f9d259d8e546c1e6bae752b1)
12-01 11:29:31.304  8816  8816 F DEBUG   :       #95 pc 00000000006791f4  /apex/com.android.art/lib64/libart.so (bool art::interpreter::DoCall<false>(art::ArtMethod*, art::Thread*, art::ShadowFrame&, art::Instruction const*, unsigned short, bool, art::JValue*)+2068) (BuildId: 80d2ab18f9d259d8e546c1e6bae752b1)
12-01 11:29:31.304  8816  8816 F DEBUG   :       #96 pc 00000000005c976c  /apex/com.android.art/lib64/libart.so (void art::interpreter::ExecuteSwitchImplCpp<false>(art::interpreter::SwitchImplContext*)+1280) (BuildId: 80d2ab18f9d259d8e546c1e6bae752b1)
12-01 11:29:31.304  8816  8816 F DEBUG   :       #97 pc 000000000031c9b8  /apex/com.android.art/lib64/libart.so (ExecuteSwitchImplAsm+8) (BuildId: 80d2ab18f9d259d8e546c1e6bae752b1)
12-01 11:29:31.304  8816  8816 F DEBUG   :       #98 pc 0000000000296f74  [anon:dalvik-classes7.dex extracted in memory from /data/app/~~NkoWh4CUU-vU_Pib7Gm7xQ==/com.healingbeat.app-1iju0WorljbgBvt3A3LlXw==/base.apk]
12-01 11:29:31.304  8816  8816 F DEBUG   :       #99 pc 000000000031c3b0  /apex/com.android.art/lib64/libart.so (art::interpreter::ArtInterpreterToInterpreterBridge(art::Thread*, art::CodeItemDataAccessor const&, art::ShadowFrame*, art::JValue*)+412) (BuildId: 80d2ab18f9d259d8e546c1e6bae752b1)
12-01 11:29:31.304  8816  8816 F DEBUG   :       #100 pc 00000000006791f4  /apex/com.android.art/lib64/libart.so (bool art::interpreter::DoCall<false>(art::ArtMethod*, art::Thread*, art::ShadowFrame&, art::Instruction const*, unsigned short, bool, art::JValue*)+2068) (BuildId: 80d2ab18f9d259d8e546c1e6bae752b1)
12-01 11:29:31.304  8816  8816 F DEBUG   :       #101 pc 00000000005c95d0  /apex/com.android.art/lib64/libart.so (void art::interpreter::ExecuteSwitchImplCpp<false>(art::interpreter::SwitchImplContext*)+868) (BuildId: 80d2ab18f9d259d8e546c1e6bae752b1)
12-01 11:29:31.304  8816  8816 F DEBUG   :       #102 pc 000000000031c9b8  /apex/com.android.art/lib64/libart.so (ExecuteSwitchImplAsm+8) (BuildId: 80d2ab18f9d259d8e546c1e6bae752b1)
12-01 11:29:31.304  8816  8816 F DEBUG   :       #103 pc 0000000000296f24  [anon:dalvik-classes7.dex extracted in memory from /data/app/~~NkoWh4CUU-vU_Pib7Gm7xQ==/com.healingbeat.app-1iju0WorljbgBvt3A3LlXw==/base.apk]
12-01 11:29:31.304  8816  8816 F DEBUG   :       #104 pc 000000000031c3b0  /apex/com.android.art/lib64/libart.so (art::interpreter::ArtInterpreterToInterpreterBridge(art::Thread*, art::CodeItemDataAccessor const&, art::ShadowFrame*, art::JValue*)+412) (BuildId: 80d2ab18f9d259d8e546c1e6bae752b1)
12-01 11:29:31.304  8816  8816 F DEBUG   :       #105 pc 00000000006791f4  /apex/com.android.art/lib64/libart.so (bool art::interpreter::DoCall<false>(art::ArtMethod*, art::Thread*, art::ShadowFrame&, art::Instruction const*, unsigned short, bool, art::JValue*)+2068) (BuildId: 80d2ab18f9d259d8e546c1e6bae752b1)
12-01 11:29:31.304  8816  8816 F DEBUG   :       #106 pc 00000000005c976c  /apex/com.android.art/lib64/libart.so (void art::interpreter::ExecuteSwitchImplCpp<false>(art::interpreter::SwitchImplContext*)+1280) (BuildId: 80d2ab18f9d259d8e546c1e6bae752b1)
12-01 11:29:31.304  8816  8816 F DEBUG   :       #107 pc 000000000031c9b8  /apex/com.android.art/lib64/libart.so (ExecuteSwitchImplAsm+8) (BuildId: 80d2ab18f9d259d8e546c1e6bae752b1)
12-01 11:29:31.304  8816  8816 F DEBUG   :       #108 pc 00000000002971d4  [anon:dalvik-classes7.dex extracted in memory from /data/app/~~NkoWh4CUU-vU_Pib7Gm7xQ==/com.healingbeat.app-1iju0WorljbgBvt3A3LlXw==/base.apk]
12-01 11:29:31.304  8816  8816 F DEBUG   :       #109 pc 000000000031c3b0  /apex/com.android.art/lib64/libart.so (art::interpreter::ArtInterpreterToInterpreterBridge(art::Thread*, art::CodeItemDataAccessor const&, art::ShadowFrame*, art::JValue*)+412) (BuildId: 80d2ab18f9d259d8e546c1e6bae752b1)
12-01 11:29:31.304  8816  8816 F DEBUG   :       #110 pc 00000000006791f4  /apex/com.android.art/lib64/libart.so (bool art::interpreter::DoCall<false>(art::ArtMethod*, art::Thread*, art::ShadowFrame&, art::Instruction const*, unsigned short, bool, art::JValue*)+2068) (BuildId: 80d2ab18f9d259d8e546c1e6bae752b1)
12-01 11:29:31.304  8816  8816 F DEBUG   :       #111 pc 00000000005c976c  /apex/com.android.art/lib64/libart.so (void art::interpreter::ExecuteSwitchImplCpp<false>(art::interpreter::SwitchImplContext*)+1280) (BuildId: 80d2ab18f9d259d8e546c1e6bae752b1)
12-01 11:29:31.304  8816  8816 F DEBUG   :       #112 pc 000000000031c9b8  /apex/com.android.art/lib64/libart.so (ExecuteSwitchImplAsm+8) (BuildId: 80d2ab18f9d259d8e546c1e6bae752b1)
12-01 11:29:31.304  8816  8816 F DEBUG   :       #113 pc 0000000000296e68  [anon:dalvik-classes7.dex extracted in memory from /data/app/~~NkoWh4CUU-vU_Pib7Gm7xQ==/com.healingbeat.app-1iju0WorljbgBvt3A3LlXw==/base.apk]
12-01 11:29:31.304  8816  8816 F DEBUG   :       #114 pc 000000000031c3b0  /apex/com.android.art/lib64/libart.so (art::interpreter::ArtInterpreterToInterpreterBridge(art::Thread*, art::CodeItemDataAccessor const&, art::ShadowFrame*, art::JValue*)+412) (BuildId: 80d2ab18f9d259d8e546c1e6bae752b1)
12-01 11:29:31.304  8816  8816 F DEBUG   :       #115 pc 00000000006791f4  /apex/com.android.art/lib64/libart.so (bool art::interpreter::DoCall<false>(art::ArtMethod*, art::Thread*, art::ShadowFrame&, art::Instruction const*, unsigned short, bool, art::JValue*)+2068) (BuildId: 80d2ab18f9d259d8e546c1e6bae752b1)
12-01 11:29:31.304  8816  8816 F DEBUG   :       #116 pc 00000000005c976c  /apex/com.android.art/lib64/libart.so (void art::interpreter::ExecuteSwitchImplCpp<false>(art::interpreter::SwitchImplContext*)+1280) (BuildId: 80d2ab18f9d259d8e546c1e6bae752b1)
12-01 11:29:31.304  8816  8816 F DEBUG   :       #117 pc 000000000031c9b8  /apex/com.android.art/lib64/libart.so (ExecuteSwitchImplAsm+8) (BuildId: 80d2ab18f9d259d8e546c1e6bae752b1)
12-01 11:29:31.304  8816  8816 F DEBUG   :       #118 pc 00000000002963d0  [anon:dalvik-classes7.dex extracted in memory from /data/app/~~NkoWh4CUU-vU_Pib7Gm7xQ==/com.healingbeat.app-1iju0WorljbgBvt3A3LlXw==/base.apk]
12-01 11:29:31.304  8816  8816 F DEBUG   :       #119 pc 000000000031c3b0  /apex/com.android.art/lib64/libart.so (art::interpreter::ArtInterpreterToInterpreterBridge(art::Thread*, art::CodeItemDataAccessor const&, art::ShadowFrame*, art::JValue*)+412) (BuildId: 80d2ab18f9d259d8e546c1e6bae752b1)
12-01 11:29:31.304  8816  8816 F DEBUG   :       #120 pc 00000000006791f4  /apex/com.android.art/lib64/libart.so (bool art::interpreter::DoCall<false>(art::ArtMethod*, art::Thread*, art::ShadowFrame&, art::Instruction const*, unsigned short, bool, art::JValue*)+2068) (BuildId: 80d2ab18f9d259d8e546c1e6bae752b1)
12-01 11:29:31.304  8816  8816 F DEBUG   :       #121 pc 00000000005c9d1c  /apex/com.android.art/lib64/libart.so (void art::interpreter::ExecuteSwitchImplCpp<false>(art::interpreter::SwitchImplContext*)+2736) (BuildId: 80d2ab18f9d259d8e546c1e6bae752b1)
12-01 11:29:31.304  8816  8816 F DEBUG   :       #122 pc 000000000031c9b8  /apex/com.android.art/lib64/libart.so (ExecuteSwitchImplAsm+8) (BuildId: 80d2ab18f9d259d8e546c1e6bae752b1)
12-01 11:29:31.304  8816  8816 F DEBUG   :       #123 pc 0000000000296988  [anon:dalvik-classes7.dex extracted in memory from /data/app/~~NkoWh4CUU-vU_Pib7Gm7xQ==/com.healingbeat.app-1iju0WorljbgBvt3A3LlXw==/base.apk]
12-01 11:29:31.304  8816  8816 F DEBUG   :       #124 pc 000000000031c3b0  /apex/com.android.art/lib64/libart.so (art::interpreter::ArtInterpreterToInterpreterBridge(art::Thread*, art::CodeItemDataAccessor const&, art::ShadowFrame*, art::JValue*)+412) (BuildId: 80d2ab18f9d259d8e546c1e6bae752b1)
12-01 11:29:31.304  8816  8816 F DEBUG   :       #125 pc 00000000006791f4  /apex/com.android.art/lib64/libart.so (bool art::interpreter::DoCall<false>(art::ArtMethod*, art::Thread*, art::ShadowFrame&, art::Instruction const*, unsigned short, bool, art::JValue*)+2068) (BuildId: 80d2ab18f9d259d8e546c1e6bae752b1)
12-01 11:29:31.304  8816  8816 F DEBUG   :       #126 pc 00000000005c976c  /apex/com.android.art/lib64/libart.so (void art::interpreter::ExecuteSwitchImplCpp<false>(art::interpreter::SwitchImplContext*)+1280) (BuildId: 80d2ab18f9d259d8e546c1e6bae752b1)
12-01 11:29:31.304  8816  8816 F DEBUG   :       #127 pc 000000000031c9b8  /apex/com.android.art/lib64/libart.so (ExecuteSwitchImplAsm+8) (BuildId: 80d2ab18f9d259d8e546c1e6bae752b1)
12-01 11:29:31.304  8816  8816 F DEBUG   :       #128 pc 0000000000296838  [anon:dalvik-classes7.dex extracted in memory from /data/app/~~NkoWh4CUU-vU_Pib7Gm7xQ==/com.healingbeat.app-1iju0WorljbgBvt3A3LlXw==/base.apk]
12-01 11:29:31.304  8816  8816 F DEBUG   :       #129 pc 000000000031c3b0  /apex/com.android.art/lib64/libart.so (art::interpreter::ArtInterpreterToInterpreterBridge(art::Thread*, art::CodeItemDataAccessor const&, art::ShadowFrame*, art::JValue*)+412) (BuildId: 80d2ab18f9d259d8e546c1e6bae752b1)
12-01 11:29:31.304  8816  8816 F DEBUG   :       #130 pc 00000000006791f4  /apex/com.android.art/lib64/libart.so (bool art::interpreter::DoCall<false>(art::ArtMethod*, art::Thread*, art::ShadowFrame&, art::Instruction const*, unsigned short, bool, art::JValue*)+2068) (BuildId: 80d2ab18f9d259d8e546c1e6bae752b1)
12-01 11:29:31.304  8816  8816 F DEBUG   :       #131 pc 00000000005c976c  /apex/com.android.art/lib64/libart.so (void art::interpreter::ExecuteSwitchImplCpp<false>(art::interpreter::SwitchImplContext*)+1280) (BuildId: 80d2ab18f9d259d8e546c1e6bae752b1)
12-01 11:29:31.304  8816  8816 F DEBUG   :       #132 pc 000000000031c9b8  /apex/com.android.art/lib64/libart.so (ExecuteSwitchImplAsm+8) (BuildId: 80d2ab18f9d259d8e546c1e6bae752b1)
12-01 11:29:31.304  8816  8816 F DEBUG   :       #133 pc 00000000002965b8  [anon:dalvik-classes7.dex extracted in memory from /data/app/~~NkoWh4CUU-vU_Pib7Gm7xQ==/com.healingbeat.app-1iju0WorljbgBvt3A3LlXw==/base.apk]
12-01 11:29:31.304  8816  8816 F DEBUG   :       #134 pc 00000000002dc564  /apex/com.android.art/lib64/libart.so (art::interpreter::Execute(art::Thread*, art::CodeItemDataAccessor const&, art::ShadowFrame&, art::JValue, bool, bool) (.__uniq.112435418011751916792819755956732575238.llvm.7923196258099814811)+332) (BuildId: 80d2ab18f9d259d8e546c1e6bae752b1)
12-01 11:29:31.304  8816  8816 F DEBUG   :       #135 pc 00000000002dbd98  /apex/com.android.art/lib64/libart.so (artQuickToInterpreterBridge+888) (BuildId: 80d2ab18f9d259d8e546c1e6bae752b1)
12-01 11:29:31.304  8816  8816 F DEBUG   :       #136 pc 0000000000344638  /apex/com.android.art/lib64/libart.so (art_quick_to_interpreter_bridge+88) (BuildId: 80d2ab18f9d259d8e546c1e6bae752b1)
12-01 11:29:31.304  8816  8816 F DEBUG   :       #137 pc 000000000219da5c  /memfd:jit-cache (deleted) (offset 0x2000000) (java.util.concurrent.ThreadPoolExecutor.runWorker+444)
12-01 11:29:31.304  8816  8816 F DEBUG   :       #138 pc 000000000219d7f0  /memfd:jit-cache (deleted) (offset 0x2000000) (java.util.concurrent.ThreadPoolExecutor$Worker.run+128)
12-01 11:29:31.304  8816  8816 F DEBUG   :       #139 pc 0000000002004908  /memfd:jit-cache (deleted) (offset 0x2000000) (java.lang.Thread.run+136)
12-01 11:29:31.304  8816  8816 F DEBUG   :       #140 pc 000000000032d194  /apex/com.android.art/lib64/libart.so (art_quick_invoke_stub+612) (BuildId: 80d2ab18f9d259d8e546c1e6bae752b1)
12-01 11:29:31.304  8816  8816 F DEBUG   :       #141 pc 00000000002de270  /apex/com.android.art/lib64/libart.so (art::ArtMethod::Invoke(art::Thread*, unsigned int*, unsigned int, art::JValue*, char const*)+216) (BuildId: 80d2ab18f9d259d8e546c1e6bae752b1)
12-01 11:29:31.304  8816  8816 F DEBUG   :       #142 pc 00000000004bfcf4  /apex/com.android.art/lib64/libart.so (art::Thread::CreateCallback(void*)+932) (BuildId: 80d2ab18f9d259d8e546c1e6bae752b1)
12-01 11:29:31.304  8816  8816 F DEBUG   :       #143 pc 00000000004bf940  /apex/com.android.art/lib64/libart.so (art::Thread::CreateCallbackWithUffdGc(void*)+8) (BuildId: 80d2ab18f9d259d8e546c1e6bae752b1)
12-01 11:29:31.304  8816  8816 F DEBUG   :       #144 pc 00000000000b8c20  /apex/com.android.runtime/lib64/bionic/libc.so (__pthread_start(void*)+184) (BuildId: 661196ed39afcd22918f775f9b562bb4)
12-01 11:29:31.304  8816  8816 F DEBUG   :       #145 pc 00000000000ab420  /apex/com.android.runtime/lib64/bionic/libc.so (__start_thread+68) (BuildId: 661196ed39afcd22918f775f9b562bb4)
12-01 11:29:31.323  1401  1401 E tombstoned: Tombstone written to: tombstone_01
12-01 11:29:31.343  1674  1743 E minksocket: MinkIPC_QRTR_Service: client with node 1 port 45c6 went down
12-01 11:29:31.343  1674  1750 E minksocket: MinkIPC_QRTR_Service: client with node 1 port 45c6 went down
12-01 11:29:31.350  2183  3695 E InputDispatcher: channel '3f3d241 com.healingbeat.app/com.healingbeat.app.MainActivity' ~ Channel is unrecoverably broken and will be disposed!
12-01 11:29:31.352  2183  6593 E SensorService: BigData:Pakage) 1 already disabled. 
12-01 11:29:31.358  2183  6060 E ActivityManager: Sending non-protected broadcast com.sec.android.intent.action.APP_HQM_SEND_REQ from system 5905:com.sec.android.diagmonagent/1000 pkg com.sec.android.diagmonagent
12-01 11:29:31.358  2183  6060 E ActivityManager: java.lang.Throwable
12-01 11:29:31.358  2183  6060 E ActivityManager: 	at com.android.server.am.BroadcastController.checkBroadcastFromSystem(qb/103240656 c577bcf375aa62b15febb7d34f3de8e3ddc1abfd2bafd20f81ea4248a290b3ef:252)
12-01 11:29:31.358  2183  6060 E ActivityManager: 	at com.android.server.am.BroadcastController.broadcastIntentLockedTraced(qb/103240656 c577bcf375aa62b15febb7d34f3de8e3ddc1abfd2bafd20f81ea4248a290b3ef:344)
12-01 11:29:31.358  2183  6060 E ActivityManager: 	at com.android.server.am.BroadcastController.broadcastIntentLocked(qb/103240656 c577bcf375aa62b15febb7d34f3de8e3ddc1abfd2bafd20f81ea4248a290b3ef:18)
12-01 11:29:31.358  2183  6060 E ActivityManager: 	at com.android.server.am.ActivityManagerService.broadcastIntentWithFeature(qb/103240656 c577bcf375aa62b15febb7d34f3de8e3ddc1abfd2bafd20f81ea4248a290b3ef:149)
12-01 11:29:31.358  2183  6060 E ActivityManager: 	at android.app.IActivityManager$Stub.onTransact$broadcastIntentWithFeature$(IActivityManager.java:12378)
12-01 11:29:31.358  2183  6060 E ActivityManager: 	at android.app.IActivityManager$Stub.onTransact(IActivityManager.java:3197)
12-01 11:29:31.358  2183  6060 E ActivityManager: 	at com.android.server.am.ActivityManagerService.onTransact(qb/103240656 c577bcf375aa62b15febb7d34f3de8e3ddc1abfd2bafd20f81ea4248a290b3ef:425)
12-01 11:29:31.358  2183  6060 E ActivityManager: 	at android.os.Binder.execTransactInternal(Binder.java:1457)
12-01 11:29:31.358  2183  6060 E ActivityManager: 	at android.os.Binder.execTransact(Binder.java:1401)
12-01 11:29:31.414  5267  5267 E pageboostd: Received HALT command code 2
12-01 11:29:31.435  1820  5167 E NativeCustomFrequencyManager: [NativeCFMS] BpCustomFrequencyManager::acquire()
12-01 11:29:31.493  4898  4898 E IDS_TAG : System UID: no SharedPreferences here, no IDS
12-01 11:29:31.494  4898  4898 E IDS_TAG : System UID: no SharedPreferences here, no IDS
12-01 11:29:31.501  4898  4898 E BufferQueueProducer: Unable to open libpenguin.so: dlopen failed: library "libpenguin.so" not found.
12-01 11:29:31.501  4898  4898 E ng.android.lool: Unable to open libpenguin.so: dlopen failed: library "libpenguin.so" not found.
12-01 11:29:31.541  1820  1820 E SurfaceFlinger: alpha changed 1.000 -> 0.000 - Surface(name=8cbe864 com.samsung.android.lool/com.samsung.android.sm.iafd.dialog.AppErrorDialogActivity)/@0xb7c9a7e - animation-leash of window_animation#618
12-01 11:29:31.541  1820  1820 E SurfaceFlinger: alpha changed 0.000 -> 0.000 - Surface(name=8cbe864 com.samsung.android.lool/com.samsung.android.sm.iafd.dialog.AppErrorDialogActivity)/@0xb7c9a7e - animation-leash of window_animation#618
--
12-01 11:29:50.291  2183  2549 E WindowManager: win=Window{8cbe864 u0 com.samsung.android.lool/com.samsung.android.sm.iafd.dialog.AppErrorDialogActivity EXITING} destroySurfaces: appStopped=false cleanupOnResume=false win.mWindowRemovalAllowed=true win.mRemoveOnExit=true win.mViewVisibility=0 caller=com.android.server.wm.WindowState.onExitAnimationDone:224 com.android.server.wm.WindowState.onAnimationFinished:161 com.android.server.wm.WindowContainer$$ExternalSyntheticLambda8.onAnimationFinished:3 com.android.server.wm.SurfaceAnimator$$ExternalSyntheticLambda0.onAnimationFinished:69 com.android.server.wm.LocalAnimationAdapter$$ExternalSyntheticLambda0.run:10 android.os.Handler.handleCallback:995 android.os.Handler.dispatchMessage:103 
12-01 11:29:50.316  1820  1820 E SurfaceFlinger: alpha changed 0.005 -> 0.000 - Dim Layer for - Task=210#621
12-01 11:29:50.521  1674  1743 E minksocket: MinkIPC_QRTR_Service: client with node 1 port 45c7 went down
12-01 11:29:50.521  1674  1750 E minksocket: MinkIPC_QRTR_Service: client with node 1 port 45c7 went down
12-01 11:29:50.521  1674  1743 E minksocket: MinkIPC_QRTR_Service: client with node 1 port 45c8 went down
12-01 11:29:50.521  1674  1750 E minksocket: MinkIPC_QRTR_Service: client with node 1 port 45c8 went down
12-01 11:29:50.522  1674  1750 E minksocket: MinkIPC_QRTR_Service: client with node 1 port 45c9 went down
12-01 11:29:50.522  1674  1743 E minksocket: MinkIPC_QRTR_Service: client with node 1 port 45c9 went down
12-01 11:29:50.523  1674  1750 E minksocket: MinkIPC_QRTR_Service: client with node 1 port 45ca went down
12-01 11:29:50.523  1674  1743 E minksocket: MinkIPC_QRTR_Service: client with node 1 port 45ca went down
12-01 11:29:50.527  8905  8905 E DevLauncherController: Failed to hide splash screen
12-01 11:29:50.527  8905  8905 E DevLauncherController: java.lang.ClassNotFoundException: expo.modules.splashscreen.SplashScreenManager
12-01 11:29:50.527  8905  8905 E DevLauncherController: 	at java.lang.Class.classForName(Native Method)
12-01 11:29:50.527  8905  8905 E DevLauncherController: 	at java.lang.Class.forName(Class.java:597)
12-01 11:29:50.527  8905  8905 E DevLauncherController: 	at java.lang.Class.forName(Class.java:502)
12-01 11:29:50.527  8905  8905 E DevLauncherController: 	at expo.modules.devlauncher.DevLauncherController$Companion.initialize$expo_dev_launcher_debug(DevLauncherController.kt:428)
12-01 11:29:50.527  8905  8905 E DevLauncherController: 	at expo.modules.devlauncher.DevLauncherController$Companion.initialize(DevLauncherController.kt:474)
12-01 11:29:50.527  8905  8905 E DevLauncherController: 	at expo.modules.devlauncher.DevLauncherController$Companion.initialize$default(DevLauncherController.kt:472)
12-01 11:29:50.527  8905  8905 E DevLauncherController: 	at expo.modules.devlauncher.DevLauncherPackageDelegate$createApplicationLifecycleListeners$1.onCreate(DevLauncherPackageDelegate.kt:32)
12-01 11:29:50.527  8905  8905 E DevLauncherController: 	at expo.modules.ApplicationLifecycleDispatcher.onApplicationCreate(ApplicationLifecycleDispatcher.kt:20)
12-01 11:29:50.527  8905  8905 E DevLauncherController: 	at com.healingbeat.app.MainApplication.onCreate(MainApplication.kt:49)
12-01 11:29:50.527  8905  8905 E DevLauncherController: 	at android.app.Instrumentation.callApplicationOnCreate(Instrumentation.java:1384)
12-01 11:29:50.527  8905  8905 E DevLauncherController: 	at android.app.ActivityThread.handleBindApplication(ActivityThread.java:8750)
12-01 11:29:50.527  8905  8905 E DevLauncherController: 	at android.app.ActivityThread.-$$Nest$mhandleBindApplication(Unknown Source:0)
12-01 11:29:50.527  8905  8905 E DevLauncherController: 	at android.app.ActivityThread$H.handleMessage(ActivityThread.java:2873)
12-01 11:29:50.527  8905  8905 E DevLauncherController: 	at android.os.Handler.dispatchMessage(Handler.java:110)
12-01 11:29:50.527  8905  8905 E DevLauncherController: 	at android.os.Looper.loopOnce(Looper.java:273)
12-01 11:29:50.527  8905  8905 E DevLauncherController: 	at android.os.Looper.loop(Looper.java:363)
12-01 11:29:50.527  8905  8905 E DevLauncherController: 	at android.app.ActivityThread.main(ActivityThread.java:10060)
12-01 11:29:50.527  8905  8905 E DevLauncherController: 	at java.lang.reflect.Method.invoke(Native Method)
12-01 11:29:50.527  8905  8905 E DevLauncherController: 	at com.android.internal.os.RuntimeInit$MethodAndArgsCaller.run(RuntimeInit.java:632)
12-01 11:29:50.527  8905  8905 E DevLauncherController: 	at com.android.internal.os.ZygoteInit.main(ZygoteInit.java:975)
12-01 11:29:50.527  8905  8905 E DevLauncherController: Caused by: java.lang.ClassNotFoundException: Didn't find class "expo.modules.splashscreen.SplashScreenManager" on path: DexPathList[[zip file "/data/app/~~NkoWh4CUU-vU_Pib7Gm7xQ==/com.healingbeat.app-1iju0WorljbgBvt3A3LlXw==/base.apk"],nativeLibraryDirectories=[/data/app/~~NkoWh4CUU-vU_Pib7Gm7xQ==/com.healingbeat.app-1iju0WorljbgBvt3A3LlXw==/lib/arm64, /data/app/~~NkoWh4CUU-vU_Pib7Gm7xQ==/com.healingbeat.app-1iju0WorljbgBvt3A3LlXw==/base.apk!/lib/arm64-v8a, /system/lib64, /system_ext/lib64]]
12-01 11:29:50.527  8905  8905 E DevLauncherController: 	at dalvik.system.BaseDexClassLoader.findClass(BaseDexClassLoader.java:259)
12-01 11:29:50.527  8905  8905 E DevLauncherController: 	at java.lang.ClassLoader.loadClass(ClassLoader.java:637)
12-01 11:29:50.527  8905  8905 E DevLauncherController: 	at java.lang.ClassLoader.loadClass(ClassLoader.java:573)
12-01 11:29:50.527  8905  8905 E DevLauncherController: 	... 20 more
12-01 11:29:50.555  8905  8905 E ashmem  : Pinning is deprecated since Android Q. Please use trim or other methods.
12-01 11:29:50.585  5267  5267 E pageboostd: Received HALT command code 2
12-01 11:29:50.613  8905  8905 E VRI[MainActivity]@f71ddd6: Surface is not valid.
12-01 11:29:50.880  8905  8905 E BufferQueueProducer: Unable to open libpenguin.so: dlopen failed: library "libpenguin.so" not found.
12-01 11:29:50.880  8905  8905 E healingbeat.app: Unable to open libpenguin.so: dlopen failed: library "libpenguin.so" not found.
12-01 11:29:50.952  5267  5267 E pageboostd: Received HALT command code 2
12-01 11:29:50.979  1816  1830 E HeatmapThread: ECT Thread time in milliseconds: 1764556190
12-01 11:29:50.982  1816  1830 E HeatmapThread: !@ CAM New BSOH: 97
12-01 11:29:50.982  1816  1830 E HeatmapThread: !@ CAM is Working
12-01 11:29:51.001  2183  6593 E WindowManager: win=Window{65bc7b u0 com.sec.android.app.launcher/com.sec.android.app.launcher.activities.LauncherActivity} destroySurfaces: appStopped=true cleanupOnResume=false win.mWindowRemovalAllowed=false win.mRemoveOnExit=false win.mViewVisibility=8 caller=com.android.server.wm.ActivityRecord.destroySurfaces:25 com.android.server.wm.ActivityRecord.activityStopped:192 com.android.server.wm.ActivityClientController.activityStopped:97 android.app.IActivityClientController$Stub.onTransact:740 com.android.server.wm.ActivityClientController.onTransact:1 android.os.Binder.execTransactInternal:1462 android.os.Binder.execTransact:1401 
12-01 11:29:51.003  4898  4898 E Dc.AppErrorDialogActivity: onDestroy 
12-01 11:29:51.003  4898  4898 E Dc.AppErrorDialogActivity: java.lang.IllegalArgumentException: Receiver not registered: bh.x@b74e1df
12-01 11:29:51.003  4898  4898 E Dc.AppErrorDialogActivity: 	at android.app.LoadedApk.forgetReceiverDispatcher(LoadedApk.java:1815)
12-01 11:29:51.003  4898  4898 E Dc.AppErrorDialogActivity: 	at android.app.ContextImpl.unregisterReceiver(ContextImpl.java:2023)
12-01 11:29:51.003  4898  4898 E Dc.AppErrorDialogActivity: 	at android.content.ContextWrapper.unregisterReceiver(ContextWrapper.java:860)
12-01 11:29:51.003  4898  4898 E Dc.AppErrorDialogActivity: 	at android.content.ContextWrapper.unregisterReceiver(ContextWrapper.java:860)
--
12-01 11:29:51.003  4898  4898 E Dc.AppErrorDialogActivity: 	at android.os.Handler.dispatchMessage(Handler.java:110)
12-01 11:29:51.003  4898  4898 E Dc.AppErrorDialogActivity: 	at android.os.Looper.loopOnce(Looper.java:273)
12-01 11:29:51.003  4898  4898 E Dc.AppErrorDialogActivity: 	at android.os.Looper.loop(Looper.java:363)
12-01 11:29:51.003  4898  4898 E Dc.AppErrorDialogActivity: 	at android.app.ActivityThread.main(ActivityThread.java:10060)
12-01 11:29:51.003  4898  4898 E Dc.AppErrorDialogActivity: 	at java.lang.reflect.Method.invoke(Native Method)
12-01 11:29:51.003  4898  4898 E Dc.AppErrorDialogActivity: 	at com.android.internal.os.RuntimeInit$MethodAndArgsCaller.run(RuntimeInit.java:632)
12-01 11:29:51.003  4898  4898 E Dc.AppErrorDialogActivity: 	at com.android.internal.os.ZygoteInit.main(ZygoteInit.java:975)
12-01 11:29:51.017  1820  1820 E SurfaceFlinger: alpha changed 1.000 -> 0.000 - Surface(name=eee0de InputMethod)/@0x1ab4678 - animation-leash of insets_animation#644
12-01 11:29:51.979  1816  1830 E HeatmapThread: ECT Thread time in milliseconds: 1764556191
12-01 11:29:51.985  1816  1830 E HeatmapThread: !@ CAM New BSOH: 97
12-01 11:29:51.986  1816  1830 E HeatmapThread: !@ CAM is Working
12-01 11:29:52.979  1816  1830 E HeatmapThread: ECT Thread time in milliseconds: 1764556192
12-01 11:29:52.984  1816  1830 E HeatmapThread: !@ CAM New BSOH: 97
12-01 11:29:52.984  1816  1830 E HeatmapThread: !@ CAM is Working
12-01 11:29:53.491  2183  5890 E TaskPersister: File error accessing recents directory (directory doesn't exist?).
12-01 11:29:53.979  1816  1830 E HeatmapThread: ECT Thread time in milliseconds: 1764556193
12-01 11:29:53.983  1816  1830 E HeatmapThread: !@ CAM New BSOH: 97
12-01 11:29:53.983  1816  1830 E HeatmapThread: !@ CAM is Working
12-01 11:29:54.292  2183  4567 E SensorService: BigData:Pakage) 1 already enabled. 
12-01 11:29:54.304  5267  5267 E pageboostd: Received HALT command code 2
12-01 11:29:54.329  1820  1820 E SurfaceFlinger: alpha changed 1.000 -> 0.000 - ActivityRecord{71669332 u0 com.healingbeat.app/.MainActivity t211}#646
12-01 11:29:54.329  1820  1820 E SurfaceFlinger: alpha changed 0.000 -> 1.000 - ActivityRecord{71669332 u0 com.healingbeat.app/.MainActivity t211}#646
12-01 11:29:54.379  5267  5267 E pageboostd: Received HALT command code 2
12-01 11:29:54.407  8905  8905 E unknown:ReactHost: Unhandled SoftException
12-01 11:29:54.407  8905  8905 E unknown:ReactHost: com.facebook.react.bridge.ReactNoCrashSoftException: raiseSoftException(onWindowFocusChange(hasFocus = "true")): Tried to access onWindowFocusChange while context is not ready
12-01 11:29:54.407  8905  8905 E unknown:ReactHost: 	at com.facebook.react.runtime.ReactHostImpl.raiseSoftException(ReactHostImpl.kt:787)
12-01 11:29:54.407  8905  8905 E unknown:ReactHost: 	at com.facebook.react.runtime.ReactHostImpl.raiseSoftException$default(ReactHostImpl.kt:779)
12-01 11:29:54.407  8905  8905 E unknown:ReactHost: 	at com.facebook.react.runtime.ReactHostImpl.onWindowFocusChange(ReactHostImpl.kt:589)
12-01 11:29:54.407  8905  8905 E unknown:ReactHost: 	at com.facebook.react.ReactDelegate.onWindowFocusChanged(ReactDelegate.kt:217)
12-01 11:29:54.407  8905  8905 E unknown:ReactHost: 	at com.facebook.react.ReactActivityDelegate.onWindowFocusChanged(ReactActivityDelegate.java:236)
12-01 11:29:54.407  8905  8905 E unknown:ReactHost: 	at expo.modules.ReactActivityDelegateWrapper$onWindowFocusChanged$1.invokeSuspend(ReactActivityDelegateWrapper.kt:353)
12-01 11:29:54.407  8905  8905 E unknown:ReactHost: 	at expo.modules.ReactActivityDelegateWrapper$onWindowFocusChanged$1.invoke(Unknown Source:8)
12-01 11:29:54.407  8905  8905 E unknown:ReactHost: 	at expo.modules.ReactActivityDelegateWrapper$onWindowFocusChanged$1.invoke(Unknown Source:4)
12-01 11:29:54.407  8905  8905 E unknown:ReactHost: 	at expo.modules.ReactActivityDelegateWrapper$launchLifecycleScopeWithLock$1.invokeSuspend(ReactActivityDelegateWrapper.kt:485)
12-01 11:29:54.407  8905  8905 E unknown:ReactHost: 	at kotlin.coroutines.jvm.internal.BaseContinuationImpl.resumeWith(ContinuationImpl.kt:33)
12-01 11:29:54.407  8905  8905 E unknown:ReactHost: 	at kotlinx.coroutines.internal.DispatchedContinuationKt.resumeCancellableWith(DispatchedContinuation.kt:359)
12-01 11:29:54.407  8905  8905 E unknown:ReactHost: 	at kotlinx.coroutines.intrinsics.CancellableKt.startCoroutineCancellable(Cancellable.kt:26)
12-01 11:29:54.407  8905  8905 E unknown:ReactHost: 	at kotlinx.coroutines.CoroutineStart.invoke(CoroutineStart.kt:358)
12-01 11:29:54.407  8905  8905 E unknown:ReactHost: 	at kotlinx.coroutines.AbstractCoroutine.start(AbstractCoroutine.kt:124)
12-01 11:29:54.407  8905  8905 E unknown:ReactHost: 	at kotlinx.coroutines.BuildersKt__Builders_commonKt.launch(Builders.common.kt:52)
12-01 11:29:54.407  8905  8905 E unknown:ReactHost: 	at kotlinx.coroutines.BuildersKt.launch(Unknown Source:1)
12-01 11:29:54.407  8905  8905 E unknown:ReactHost: 	at kotlinx.coroutines.BuildersKt__Builders_commonKt.launch$default(Builders.common.kt:43)
--
12-01 11:29:54.407  8905  8905 E unknown:ReactHost: 	at android.view.ViewRootImpl$ViewRootHandler.handleMessage(ViewRootImpl.java:8301)
12-01 11:29:54.407  8905  8905 E unknown:ReactHost: 	at android.os.Handler.dispatchMessage(Handler.java:110)
12-01 11:29:54.407  8905  8905 E unknown:ReactHost: 	at android.os.Looper.loopOnce(Looper.java:273)
12-01 11:29:54.407  8905  8905 E unknown:ReactHost: 	at android.os.Looper.loop(Looper.java:363)
12-01 11:29:54.407  8905  8905 E unknown:ReactHost: 	at android.app.ActivityThread.main(ActivityThread.java:10060)
12-01 11:29:54.407  8905  8905 E unknown:ReactHost: 	at java.lang.reflect.Method.invoke(Native Method)
12-01 11:29:54.407  8905  8905 E unknown:ReactHost: 	at com.android.internal.os.RuntimeInit$MethodAndArgsCaller.run(RuntimeInit.java:632)
12-01 11:29:54.407  8905  8905 E unknown:ReactHost: 	at com.android.internal.os.ZygoteInit.main(ZygoteInit.java:975)
12-01 11:29:54.421  1820  1820 E SurfaceFlinger: alpha changed 1.000 -> 0.000 - Surface(name=eee0de InputMethod)/@0x1ab4678 - animation-leash of insets_animation#660
12-01 11:29:54.839  8905  9020 F libc    : Fatal signal 11 (SIGSEGV), code 1 (SEGV_MAPERR), fault addr 0xfffffffffffffff0 in tid 9020 (pool-4-thread-1), pid 8905 (healingbeat.app)
12-01 11:29:54.979  1816  1830 E HeatmapThread: ECT Thread time in milliseconds: 1764556194
12-01 11:29:54.982  1816  1830 E HeatmapThread: !@ CAM New BSOH: 97
12-01 11:29:54.982  1816  1830 E HeatmapThread: !@ CAM is Working
12-01 11:29:55.029  9037  9037 F DEBUG   : *** *** *** *** *** *** *** *** *** *** *** *** *** *** *** ***
12-01 11:29:55.029  9037  9037 F DEBUG   : Build fingerprint: 'samsung/dm1qksx/dm1q:16/BP2A.250605.031.A3/S911NKSS6EYK3:user/release-keys'
12-01 11:29:55.029  9037  9037 F DEBUG   : Revision: '13'
12-01 11:29:55.029  9037  9037 F DEBUG   : ABI: 'arm64'
12-01 11:29:55.029  9037  9037 F DEBUG   : Processor: '7'
12-01 11:29:55.029  9037  9037 F DEBUG   : Timestamp: 2025-12-01 11:29:54.899157625+0900
12-01 11:29:55.029  9037  9037 F DEBUG   : Process uptime: 6s
12-01 11:29:55.029  9037  9037 F DEBUG   : Cmdline: com.healingbeat.app
12-01 11:29:55.029  9037  9037 F DEBUG   : pid: 8905, tid: 9020, name: pool-4-thread-1  >>> com.healingbeat.app <<<
12-01 11:29:55.029  9037  9037 F DEBUG   : uid: 10374
12-01 11:29:55.029  9037  9037 F DEBUG   : tagged_addr_ctrl: 0000000000000001 (PR_TAGGED_ADDR_ENABLE)
12-01 11:29:55.029  9037  9037 F DEBUG   : pac_enabled_keys: 000000000000000f (PR_PAC_APIAKEY, PR_PAC_APIBKEY, PR_PAC_APDAKEY, PR_PAC_APDBKEY)
12-01 11:29:55.029  9037  9037 F DEBUG   : signal 11 (SIGSEGV), code 1 (SEGV_MAPERR), fault addr 0xfffffffffffffff0
12-01 11:29:55.029  9037  9037 F DEBUG   :     x0  fffffffffffffff0  x1  ffffffffffffffd8  x2  0000000000000044  x3  ffffffffffffffff
12-01 11:29:55.029  9037  9037 F DEBUG   :     x4  0000007c99a34904  x5  b400007ca37eb2bc  x6  6d694c7265707075  x7  74696d694c726570
12-01 11:29:55.029  9037  9037 F DEBUG   :     x8  ffffffffffffffd8  x9  0000000000000008  x10 0000000000000001  x11 0000000000000044
12-01 11:29:55.029  9037  9037 F DEBUG   :     x12 0000000000313150  x13 0000000000310950  x14 0000000000000001  x15 0004000000000000
12-01 11:29:55.029  9037  9037 F DEBUG   :     x16 0000007d4d1c8458  x17 0000007d62b5d9b4  x18 0000007c995c8000  x19 0000007c99a36680
12-01 11:29:55.029  9037  9037 F DEBUG   :     x20 b400007d69c60498  x21 0000007d4d09a66c  x22 0000007c99a365b0  x23 b400007dce0369c0
12-01 11:29:55.029  9037  9037 F DEBUG   :     x24 b400007dce0369d8  x25 b400007dce0369e8  x26 b400007dce0369f8  x27 b400007dce036a08
12-01 11:29:55.029  9037  9037 F DEBUG   :     x28 0000007c99a37090  x29 0000007c99a34ff0
12-01 11:29:55.029  9037  9037 F DEBUG   :     lr  0000007d4d09be20  sp  0000007c99a34fe0  pc  0000007d62b5d9b8  pst 0000000080001000
12-01 11:29:55.029  9037  9037 F DEBUG   : 146 total frames
12-01 11:29:55.029  9037  9037 F DEBUG   : backtrace:
12-01 11:29:55.029  9037  9037 F DEBUG   :       #00 pc 00000000000d59b8  /data/app/~~NkoWh4CUU-vU_Pib7Gm7xQ==/com.healingbeat.app-1iju0WorljbgBvt3A3LlXw==/base.apk!libc++_shared.so (offset 0x1f3c000) (std::__ndk1::basic_string<char, std::__ndk1::char_traits<char>, std::__ndk1::allocator<char>>::~basic_string()+4) (BuildId: 6783a7f3a0d9c67c55a74cadc441ed55aaa493da)
12-01 11:29:55.029  9037  9037 F DEBUG   :       #01 pc 0000000000331e1c  /data/app/~~NkoWh4CUU-vU_Pib7Gm7xQ==/com.healingbeat.app-1iju0WorljbgBvt3A3LlXw==/base.apk!libappmodules.so (offset 0x161c000) (std::__ndk1::pair<std::__ndk1::basic_string<char, std::__ndk1::char_traits<char>, std::__ndk1::allocator<char>>, std::__ndk1::basic_string<char, std::__ndk1::char_traits<char>, std::__ndk1::allocator<char>>>::~pair()+28) (BuildId: d49c5d17242e21b84382dbc5a635fea8bc5b2d8f)
12-01 11:29:55.029  9037  9037 F DEBUG   :       #02 pc 0000000000331df0  /data/app/~~NkoWh4CUU-vU_Pib7Gm7xQ==/com.healingbeat.app-1iju0WorljbgBvt3A3LlXw==/base.apk!libappmodules.so (offset 0x161c000) (BuildId: d49c5d17242e21b84382dbc5a635fea8bc5b2d8f)
12-01 11:29:55.029  9037  9037 F DEBUG   :       #03 pc 0000000000331db8  /data/app/~~NkoWh4CUU-vU_Pib7Gm7xQ==/com.healingbeat.app-1iju0WorljbgBvt3A3LlXw==/base.apk!libappmodules.so (offset 0x161c000) (void std::__ndk1::allocator_traits<std::__ndk1::allocator<std::__ndk1::pair<std::__ndk1::basic_string<char, std::__ndk1::char_traits<char>, std::__ndk1::allocator<char>>, std::__ndk1::basic_string<char, std::__ndk1::char_traits<char>, std::__ndk1::allocator<char>>>>>::destroy[abi:ne180000]<std::__ndk1::pair<std::__ndk1::basic_string<char, std::__ndk1::char_traits<char>, std::__ndk1::allocator<char>>, std::__ndk1::basic_string<char, std::__ndk1::char_traits<char>, std::__ndk1::allocator<char>>>, void, void>(std::__ndk1::allocator<std::__ndk1::pair<std::__ndk1::basic_string<char, std::__ndk1::char_traits<char>, std::__ndk1::allocator<char>>, std::__ndk1::basic_string<char, std::__ndk1::char_traits<char>, std::__ndk1::allocator<char>>>>&, std::__ndk1::pair<std::__ndk1::basic_string<char, std::__ndk1::char_traits<char>, std::__ndk1::allocator<char>>, std::__ndk1::basic_string<char, std::__ndk1::char_traits<char>, std::__ndk1::allocator<char>>>*)+24) (BuildId: d49c5d17242e21b84382dbc5a635fea8bc5b2d8f)
12-01 11:29:55.029  9037  9037 F DEBUG   :       #04 pc 0000000000331d78  /data/app/~~NkoWh4CUU-vU_Pib7Gm7xQ==/com.healingbeat.app-1iju0WorljbgBvt3A3LlXw==/base.apk!libappmodules.so (offset 0x161c000) (BuildId: d49c5d17242e21b84382dbc5a635fea8bc5b2d8f)
12-01 11:29:55.029  9037  9037 F DEBUG   :       #05 pc 0000000000331c5c  /data/app/~~NkoWh4CUU-vU_Pib7Gm7xQ==/com.healingbeat.app-1iju0WorljbgBvt3A3LlXw==/base.apk!libappmodules.so (offset 0x161c000) (BuildId: d49c5d17242e21b84382dbc5a635fea8bc5b2d8f)
12-01 11:29:55.029  9037  9037 F DEBUG   :       #06 pc 0000000000331bec  /data/app/~~NkoWh4CUU-vU_Pib7Gm7xQ==/com.healingbeat.app-1iju0WorljbgBvt3A3LlXw==/base.apk!libappmodules.so (offset 0x161c000) (BuildId: d49c5d17242e21b84382dbc5a635fea8bc5b2d8f)
12-01 11:29:55.029  9037  9037 F DEBUG   :       #07 pc 0000000000331b68  /data/app/~~NkoWh4CUU-vU_Pib7Gm7xQ==/com.healingbeat.app-1iju0WorljbgBvt3A3LlXw==/base.apk!libappmodules.so (offset 0x161c000) (BuildId: d49c5d17242e21b84382dbc5a635fea8bc5b2d8f)
12-01 11:29:55.029  9037  9037 F DEBUG   :       #08 pc 0000000000331a40  /data/app/~~NkoWh4CUU-vU_Pib7Gm7xQ==/com.healingbeat.app-1iju0WorljbgBvt3A3LlXw==/base.apk!libappmodules.so (offset 0x161c000) (facebook::react::ImageSource::~ImageSource()+28) (BuildId: d49c5d17242e21b84382dbc5a635fea8bc5b2d8f)
12-01 11:29:55.029  9037  9037 F DEBUG   :       #09 pc 0000000000331f38  /data/app/~~NkoWh4CUU-vU_Pib7Gm7xQ==/com.healingbeat.app-1iju0WorljbgBvt3A3LlXw==/base.apk!libappmodules.so (offset 0x161c000) (facebook::react::RNCSliderProps::~RNCSliderProps()+40) (BuildId: d49c5d17242e21b84382dbc5a635fea8bc5b2d8f)
12-01 11:29:55.029  9037  9037 F DEBUG   :       #10 pc 0000000000331990  /data/app/~~NkoWh4CUU-vU_Pib7Gm7xQ==/com.healingbeat.app-1iju0WorljbgBvt3A3LlXw==/base.apk!libappmodules.so (offset 0x161c000) (facebook::react::RNCSliderProps::~RNCSliderProps()+32) (BuildId: d49c5d17242e21b84382dbc5a635fea8bc5b2d8f)
12-01 11:29:55.029  9037  9037 F DEBUG   :       #11 pc 0000000000331514  /data/app/~~NkoWh4CUU-vU_Pib7Gm7xQ==/com.healingbeat.app-1iju0WorljbgBvt3A3LlXw==/base.apk!libappmodules.so (offset 0x161c000) (void facebook::react::RawPropsParser::prepare<facebook::react::RNCSliderProps>()+248) (BuildId: d49c5d17242e21b84382dbc5a635fea8bc5b2d8f)
12-01 11:29:55.029  9037  9037 F DEBUG   :       #12 pc 00000000003309a0  /data/app/~~NkoWh4CUU-vU_Pib7Gm7xQ==/com.healingbeat.app-1iju0WorljbgBvt3A3LlXw==/base.apk!libappmodules.so (offset 0x161c000) (facebook::react::ConcreteComponentDescriptor<facebook::react::RNCSliderShadowNode>::ConcreteComponentDescriptor(facebook::react::ComponentDescriptorParameters const&, facebook::react::RawPropsParser&&)+68) (BuildId: d49c5d17242e21b84382dbc5a635fea8bc5b2d8f)
12-01 11:29:55.029  9037  9037 F DEBUG   :       #13 pc 0000000000330844  /data/app/~~NkoWh4CUU-vU_Pib7Gm7xQ==/com.healingbeat.app-1iju0WorljbgBvt3A3LlXw==/base.apk!libappmodules.so (offset 0x161c000) (facebook::react::RNCSliderComponentDescriptor::RNCSliderComponentDescriptor(facebook::react::ComponentDescriptorParameters const&)+84) (BuildId: d49c5d17242e21b84382dbc5a635fea8bc5b2d8f)
12-01 11:29:55.029  9037  9037 F DEBUG   :       #14 pc 0000000000330708  /data/app/~~NkoWh4CUU-vU_Pib7Gm7xQ==/com.healingbeat.app-1iju0WorljbgBvt3A3LlXw==/base.apk!libappmodules.so (offset 0x161c000) (BuildId: d49c5d17242e21b84382dbc5a635fea8bc5b2d8f)
12-01 11:29:55.029  9037  9037 F DEBUG   :       #15 pc 00000000003306a0  /data/app/~~NkoWh4CUU-vU_Pib7Gm7xQ==/com.healingbeat.app-1iju0WorljbgBvt3A3LlXw==/base.apk!libappmodules.so (offset 0x161c000) (std::__ndk1::unique_ptr<facebook::react::ComponentDescriptor const, std::__ndk1::default_delete<facebook::react::ComponentDescriptor const>> facebook::react::concreteComponentDescriptorConstructor<facebook::react::RNCSliderComponentDescriptor>(facebook::react::ComponentDescriptorParameters const&)+52) (BuildId: d49c5d17242e21b84382dbc5a635fea8bc5b2d8f)
12-01 11:29:55.029  9037  9037 F DEBUG   :       #16 pc 0000000000cde56c  /data/app/~~NkoWh4CUU-vU_Pib7Gm7xQ==/com.healingbeat.app-1iju0WorljbgBvt3A3LlXw==/base.apk!libreactnative.so (offset 0x2d24000) (facebook::react::ComponentDescriptorRegistry::add(facebook::react::ComponentDescriptorProvider) const+112) (BuildId: 1695c17f23bd1ede)
12-01 11:29:55.029  9037  9037 F DEBUG   :       #17 pc 0000000000cd987c  /data/app/~~NkoWh4CUU-vU_Pib7Gm7xQ==/com.healingbeat.app-1iju0WorljbgBvt3A3LlXw==/base.apk!libreactnative.so (offset 0x2d24000) (facebook::react::ComponentDescriptorProviderRegistry::createComponentDescriptorRegistry(facebook::react::ComponentDescriptorParameters const&) const+200) (BuildId: 1695c17f23bd1ede)
12-01 11:29:55.029  9037  9037 F DEBUG   :       #18 pc 0000000000c79254  /data/app/~~NkoWh4CUU-vU_Pib7Gm7xQ==/com.healingbeat.app-1iju0WorljbgBvt3A3LlXw==/base.apk!libreactnative.so (offset 0x2d24000) (BuildId: 1695c17f23bd1ede)
12-01 11:29:55.029  9037  9037 F DEBUG   :       #19 pc 0000000000c79068  /data/app/~~NkoWh4CUU-vU_Pib7Gm7xQ==/com.healingbeat.app-1iju0WorljbgBvt3A3LlXw==/base.apk!libreactnative.so (offset 0x2d24000) (BuildId: 1695c17f23bd1ede)
12-01 11:29:55.029  9037  9037 F DEBUG   :       #20 pc 0000000000c7900c  /data/app/~~NkoWh4CUU-vU_Pib7Gm7xQ==/com.healingbeat.app-1iju0WorljbgBvt3A3LlXw==/base.apk!libreactnative.so (offset 0x2d24000) (BuildId: 1695c17f23bd1ede)
12-01 11:29:55.029  9037  9037 F DEBUG   :       #21 pc 0000000000c78fd0  /data/app/~~NkoWh4CUU-vU_Pib7Gm7xQ==/com.healingbeat.app-1iju0WorljbgBvt3A3LlXw==/base.apk!libreactnative.so (offset 0x2d24000) (BuildId: 1695c17f23bd1ede)
12-01 11:29:55.029  9037  9037 F DEBUG   :       #22 pc 0000000000c780c4  /data/app/~~NkoWh4CUU-vU_Pib7Gm7xQ==/com.healingbeat.app-1iju0WorljbgBvt3A3LlXw==/base.apk!libreactnative.so (offset 0x2d24000) (BuildId: 1695c17f23bd1ede)
12-01 11:29:55.029  9037  9037 F DEBUG   :       #23 pc 0000000000dbf5c0  /data/app/~~NkoWh4CUU-vU_Pib7Gm7xQ==/com.healingbeat.app-1iju0WorljbgBvt3A3LlXw==/base.apk!libreactnative.so (offset 0x2d24000) (BuildId: 1695c17f23bd1ede)
12-01 11:29:55.029  9037  9037 F DEBUG   :       #24 pc 0000000000db3c64  /data/app/~~NkoWh4CUU-vU_Pib7Gm7xQ==/com.healingbeat.app-1iju0WorljbgBvt3A3LlXw==/base.apk!libreactnative.so (offset 0x2d24000) (BuildId: 1695c17f23bd1ede)
12-01 11:29:55.029  9037  9037 F DEBUG   :       #25 pc 0000000000db2e58  /data/app/~~NkoWh4CUU-vU_Pib7Gm7xQ==/com.healingbeat.app-1iju0WorljbgBvt3A3LlXw==/base.apk!libreactnative.so (offset 0x2d24000) (facebook::react::Scheduler::Scheduler(facebook::react::SchedulerToolbox const&, facebook::react::UIManagerAnimationDelegate*, facebook::react::SchedulerDelegate*)+1016) (BuildId: 1695c17f23bd1ede)
12-01 11:29:55.029  9037  9037 F DEBUG   :       #26 pc 0000000000a08d0c  /data/app/~~NkoWh4CUU-vU_Pib7Gm7xQ==/com.healingbeat.app-1iju0WorljbgBvt3A3LlXw==/base.apk!libreactnative.so (offset 0x2d24000) (BuildId: 1695c17f23bd1ede)
12-01 11:29:55.029  9037  9037 F DEBUG   :       #27 pc 0000000000a08cb4  /data/app/~~NkoWh4CUU-vU_Pib7Gm7xQ==/com.healingbeat.app-1iju0WorljbgBvt3A3LlXw==/base.apk!libreactnative.so (offset 0x2d24000) (BuildId: 1695c17f23bd1ede)
12-01 11:29:55.029  9037  9037 F DEBUG   :       #28 pc 0000000000a08aec  /data/app/~~NkoWh4CUU-vU_Pib7Gm7xQ==/com.healingbeat.app-1iju0WorljbgBvt3A3LlXw==/base.apk!libreactnative.so (offset 0x2d24000) (void std::__ndk1::allocator_traits<std::__ndk1::allocator<facebook::react::Scheduler>>::construct[abi:ne180000]<facebook::react::Scheduler, facebook::react::SchedulerToolbox&, facebook::react::LayoutAnimationDriver*, facebook::react::FabricUIManagerBinding*, void, void>(std::__ndk1::allocator<facebook::react::Scheduler>&, facebook::react::Scheduler*, facebook::react::SchedulerToolbox&, facebook::react::LayoutAnimationDriver*&&, facebook::react::FabricUIManagerBinding*&&)+48) (BuildId: 1695c17f23bd1ede)
12-01 11:29:55.029  9037  9037 F DEBUG   :       #29 pc 0000000000a08844  /data/app/~~NkoWh4CUU-vU_Pib7Gm7xQ==/com.healingbeat.app-1iju0WorljbgBvt3A3LlXw==/base.apk!libreactnative.so (offset 0x2d24000) (BuildId: 1695c17f23bd1ede)
12-01 11:29:55.029  9037  9037 F DEBUG   :       #30 pc 0000000000a08680  /data/app/~~NkoWh4CUU-vU_Pib7Gm7xQ==/com.healingbeat.app-1iju0WorljbgBvt3A3LlXw==/base.apk!libreactnative.so (offset 0x2d24000) (BuildId: 1695c17f23bd1ede)
12-01 11:29:55.029  9037  9037 F DEBUG   :       #31 pc 00000000009f68fc  /data/app/~~NkoWh4CUU-vU_Pib7Gm7xQ==/com.healingbeat.app-1iju0WorljbgBvt3A3LlXw==/base.apk!libreactnative.so (offset 0x2d24000) (BuildId: 1695c17f23bd1ede)
12-01 11:29:55.029  9037  9037 F DEBUG   :       #32 pc 00000000009f5b90  /data/app/~~NkoWh4CUU-vU_Pib7Gm7xQ==/com.healingbeat.app-1iju0WorljbgBvt3A3LlXw==/base.apk!libreactnative.so (offset 0x2d24000) (facebook::react::FabricUIManagerBinding::installFabricUIManager(facebook::jni::alias_ref<facebook::jni::detail::JTypeFor<facebook::jni::HybridClass<facebook::react::JRuntimeExecutor, facebook::jni::detail::BaseHybridClass>::JavaPart, facebook::jni::JObject, void>::_javaobject*>, facebook::jni::alias_ref<facebook::jni::detail::JTypeFor<facebook::jni::HybridClass<facebook::react::JRuntimeScheduler, facebook::jni::detail::BaseHybridClass>::JavaPart, facebook::jni::JObject, void>::_javaobject*>, facebook::jni::alias_ref<facebook::jni::detail::JTypeFor<facebook::react::JFabricUIManager, facebook::jni::JObject, void>::_javaobject*>, facebook::react::EventBeatManager*, facebook::react::ComponentFactory*)+980) (BuildId: 1695c17f23bd1ede)
12-01 11:29:55.029  9037  9037 F DEBUG   :       #33 pc 0000000000a0ac80  /data/app/~~NkoWh4CUU-vU_Pib7Gm7xQ==/com.healingbeat.app-1iju0WorljbgBvt3A3LlXw==/base.apk!libreactnative.so (offset 0x2d24000) (facebook::jni::detail::MethodWrapper<void (facebook::react::FabricUIManagerBinding::*)(facebook::jni::alias_ref<facebook::jni::detail::JTypeFor<facebook::jni::HybridClass<facebook::react::JRuntimeExecutor, facebook::jni::detail::BaseHybridClass>::JavaPart, facebook::jni::JObject, void>::_javaobject*>, facebook::jni::alias_ref<facebook::jni::detail::JTypeFor<facebook::jni::HybridClass<facebook::react::JRuntimeScheduler, facebook::jni::detail::BaseHybridClass>::JavaPart, facebook::jni::JObject, void>::_javaobject*>, facebook::jni::alias_ref<facebook::jni::detail::JTypeFor<facebook::react::JFabricUIManager, facebook::jni::JObject, void>::_javaobject*>, facebook::react::EventBeatManager*, facebook::react::ComponentFactory*), &facebook::react::FabricUIManagerBinding::installFabricUIManager(facebook::jni::alias_ref<facebook::jni::detail::JTypeFor<facebook::jni::HybridClass<facebook::react::JRuntimeExecutor, facebook::jni::detail::BaseHybridClass>::JavaPart, facebook::jni::JObject, void>::_javaobject*>, facebook::jni::alias_ref<facebook::jni::detail::JTypeFor<facebook::jni::HybridClass<facebook::react::JRuntimeScheduler, facebook::jni::detail::BaseHybridClass>::JavaPart, facebook::jni::JObject, void>::_javaobject*>, facebook::jni::alias_ref<facebook::jni::detail::JTypeFor<facebook::react::JFabricUIManager, facebook::jni::JObject, void>::_javaobject*>, facebook::react::EventBeatManager*, facebook::react::ComponentFactory*), facebook::react::FabricUIManagerBinding, void, facebook::jni::alias_ref<facebook::jni::detail::JTypeFor<facebook::jni::HybridClass<facebook::react::JRuntimeExecutor, facebook::jni::detail::BaseHybridClass>::JavaPart, facebook::jni::JObject, void>::_javaobject*>, facebook::jni::alias_ref<facebook::jni::detail::JTypeFor<facebook::jni::HybridClass<facebook::react::JRuntimeScheduler, facebook::jni::detail::BaseHybridClass>::JavaPart, facebook::jni::JObject, void>::_javaobject*>, facebook::jni::alias_ref<facebook::jni::detail::JTypeFor<facebook::react::JFabricUIManager, facebook::jni::JObject, void>::_javaobject*>, facebook::react::EventBeatManager*, facebook::react::ComponentFactory*>::dispatch(facebook::jni::alias_ref<facebook::jni::detail::JTypeFor<facebook::jni::HybridClass<facebook::react::FabricUIManagerBinding, facebook::jni::detail::BaseHybridClass>::JavaPart, facebook::jni::JObject, void>::_javaobject*>, facebook::jni::alias_ref<facebook::jni::detail::JTypeFor<facebook::jni::HybridClass<facebook::react::JRuntimeExecutor, facebook::jni::detail::BaseHybridClass>::JavaPart, facebook::jni::JObject, void>::_javaobject*>&&, facebook::jni::alias_ref<facebook::jni::detail::JTypeFor<facebook::jni::HybridClass<facebook::react::JRuntimeScheduler, facebook::jni::detail::BaseHybridClass>::JavaPart, facebook::jni::JObject, void>::_javaobject*>&&, facebook::jni::alias_ref<facebook::jni::detail::JTypeFor<facebook::react::JFabricUIManager, facebook::jni::JObject, void>::_javaobject*>&&, facebook::react::EventBeatManager*&&, facebook::react::ComponentFactory*&&)+216) (BuildId: 1695c17f23bd1ede)
